Archive member included to satisfy reference by file (symbol)

C:/ST/STM32CubeIDE_1.18.1/STM32CubeIDE/plugins/com.st.stm32cube.ide.mcu.externaltools.gnu-tools-for-stm32.13.3.rel1.win32_1.0.0.202411081344/tools/bin/../lib/gcc/arm-none-eabi/13.3.1/../../../../arm-none-eabi/lib/thumb/v7-m/nofp\libc_nano.a(libc_a-exit.o)
                              C:/ST/STM32CubeIDE_1.18.1/STM32CubeIDE/plugins/com.st.stm32cube.ide.mcu.externaltools.gnu-tools-for-stm32.13.3.rel1.win32_1.0.0.202411081344/tools/bin/../lib/gcc/arm-none-eabi/13.3.1/../../../../arm-none-eabi/lib/thumb/v7-m/nofp/crt0.o (exit)
C:/ST/STM32CubeIDE_1.18.1/STM32CubeIDE/plugins/com.st.stm32cube.ide.mcu.externaltools.gnu-tools-for-stm32.13.3.rel1.win32_1.0.0.202411081344/tools/bin/../lib/gcc/arm-none-eabi/13.3.1/../../../../arm-none-eabi/lib/thumb/v7-m/nofp\libc_nano.a(libc_a-findfp.o)
                              C:/ST/STM32CubeIDE_1.18.1/STM32CubeIDE/plugins/com.st.stm32cube.ide.mcu.externaltools.gnu-tools-for-stm32.13.3.rel1.win32_1.0.0.202411081344/tools/bin/../lib/gcc/arm-none-eabi/13.3.1/../../../../arm-none-eabi/lib/thumb/v7-m/nofp\libc_nano.a(libc_a-exit.o) (__stdio_exit_handler)
C:/ST/STM32CubeIDE_1.18.1/STM32CubeIDE/plugins/com.st.stm32cube.ide.mcu.externaltools.gnu-tools-for-stm32.13.3.rel1.win32_1.0.0.202411081344/tools/bin/../lib/gcc/arm-none-eabi/13.3.1/../../../../arm-none-eabi/lib/thumb/v7-m/nofp\libc_nano.a(libc_a-fwalk.o)
                              C:/ST/STM32CubeIDE_1.18.1/STM32CubeIDE/plugins/com.st.stm32cube.ide.mcu.externaltools.gnu-tools-for-stm32.13.3.rel1.win32_1.0.0.202411081344/tools/bin/../lib/gcc/arm-none-eabi/13.3.1/../../../../arm-none-eabi/lib/thumb/v7-m/nofp\libc_nano.a(libc_a-findfp.o) (_fwalk_sglue)
C:/ST/STM32CubeIDE_1.18.1/STM32CubeIDE/plugins/com.st.stm32cube.ide.mcu.externaltools.gnu-tools-for-stm32.13.3.rel1.win32_1.0.0.202411081344/tools/bin/../lib/gcc/arm-none-eabi/13.3.1/../../../../arm-none-eabi/lib/thumb/v7-m/nofp\libc_nano.a(libc_a-stdio.o)
                              C:/ST/STM32CubeIDE_1.18.1/STM32CubeIDE/plugins/com.st.stm32cube.ide.mcu.externaltools.gnu-tools-for-stm32.13.3.rel1.win32_1.0.0.202411081344/tools/bin/../lib/gcc/arm-none-eabi/13.3.1/../../../../arm-none-eabi/lib/thumb/v7-m/nofp\libc_nano.a(libc_a-findfp.o) (__sread)
C:/ST/STM32CubeIDE_1.18.1/STM32CubeIDE/plugins/com.st.stm32cube.ide.mcu.externaltools.gnu-tools-for-stm32.13.3.rel1.win32_1.0.0.202411081344/tools/bin/../lib/gcc/arm-none-eabi/13.3.1/../../../../arm-none-eabi/lib/thumb/v7-m/nofp\libc_nano.a(libc_a-memset.o)
                              C:/ST/STM32CubeIDE_1.18.1/STM32CubeIDE/plugins/com.st.stm32cube.ide.mcu.externaltools.gnu-tools-for-stm32.13.3.rel1.win32_1.0.0.202411081344/tools/bin/../lib/gcc/arm-none-eabi/13.3.1/../../../../arm-none-eabi/lib/thumb/v7-m/nofp/crt0.o (memset)
C:/ST/STM32CubeIDE_1.18.1/STM32CubeIDE/plugins/com.st.stm32cube.ide.mcu.externaltools.gnu-tools-for-stm32.13.3.rel1.win32_1.0.0.202411081344/tools/bin/../lib/gcc/arm-none-eabi/13.3.1/../../../../arm-none-eabi/lib/thumb/v7-m/nofp\libc_nano.a(libc_a-closer.o)
                              C:/ST/STM32CubeIDE_1.18.1/STM32CubeIDE/plugins/com.st.stm32cube.ide.mcu.externaltools.gnu-tools-for-stm32.13.3.rel1.win32_1.0.0.202411081344/tools/bin/../lib/gcc/arm-none-eabi/13.3.1/../../../../arm-none-eabi/lib/thumb/v7-m/nofp\libc_nano.a(libc_a-stdio.o) (_close_r)
C:/ST/STM32CubeIDE_1.18.1/STM32CubeIDE/plugins/com.st.stm32cube.ide.mcu.externaltools.gnu-tools-for-stm32.13.3.rel1.win32_1.0.0.202411081344/tools/bin/../lib/gcc/arm-none-eabi/13.3.1/../../../../arm-none-eabi/lib/thumb/v7-m/nofp\libc_nano.a(libc_a-reent.o)
                              C:/ST/STM32CubeIDE_1.18.1/STM32CubeIDE/plugins/com.st.stm32cube.ide.mcu.externaltools.gnu-tools-for-stm32.13.3.rel1.win32_1.0.0.202411081344/tools/bin/../lib/gcc/arm-none-eabi/13.3.1/../../../../arm-none-eabi/lib/thumb/v7-m/nofp\libc_nano.a(libc_a-closer.o) (errno)
C:/ST/STM32CubeIDE_1.18.1/STM32CubeIDE/plugins/com.st.stm32cube.ide.mcu.externaltools.gnu-tools-for-stm32.13.3.rel1.win32_1.0.0.202411081344/tools/bin/../lib/gcc/arm-none-eabi/13.3.1/../../../../arm-none-eabi/lib/thumb/v7-m/nofp\libc_nano.a(libc_a-impure.o)
                              C:/ST/STM32CubeIDE_1.18.1/STM32CubeIDE/plugins/com.st.stm32cube.ide.mcu.externaltools.gnu-tools-for-stm32.13.3.rel1.win32_1.0.0.202411081344/tools/bin/../lib/gcc/arm-none-eabi/13.3.1/../../../../arm-none-eabi/lib/thumb/v7-m/nofp\libc_nano.a(libc_a-reent.o) (_impure_ptr)
C:/ST/STM32CubeIDE_1.18.1/STM32CubeIDE/plugins/com.st.stm32cube.ide.mcu.externaltools.gnu-tools-for-stm32.13.3.rel1.win32_1.0.0.202411081344/tools/bin/../lib/gcc/arm-none-eabi/13.3.1/../../../../arm-none-eabi/lib/thumb/v7-m/nofp\libc_nano.a(libc_a-lseekr.o)
[...]
Memory Configuration

Name             Origin             Length             Attributes
RAM              0x20000000         0x0000c000         xrw
FLASH            0x08000000         0x00040000         xr
*default*        0x00000000         0xffffffff

Linker script and memory map

LOAD C:/ST/STM32CubeIDE_1.18.1/STM32CubeIDE/plugins/com.st.stm32cube.ide.mcu.externaltools.gnu-tools-for-stm32.13.3.rel1.win32_1.0.0.202411081344/tools/bin/../lib/gcc/arm-none-eabi/13.3.1/thumb/v7-m/nofp/crti.o
LOAD C:/ST/STM32CubeIDE_1.18.1/STM32CubeIDE/plugins/com.st.stm32cube.ide.mcu.externaltools.gnu-tools-for-stm32.13.3.rel1.win32_1.0.0.202411081344/tools/bin/../lib/gcc/arm-none-eabi/13.3.1/thumb/v7-m/nofp/crtbegin.o
LOAD C:/ST/STM32CubeIDE_1.18.1/STM32CubeIDE/plugins/com.st.stm32cube.ide.mcu.externaltools.gnu-tools-for-stm32.13.3.rel1.win32_1.0.0.202411081344/tools/bin/../lib/gcc/arm-none-eabi/13.3.1/../../../../arm-none-eabi/lib/thumb/v7-m/nofp/crt0.o
LOAD ./Core/Src/dma.o
LOAD ./Core/Src/gpio.o
LOAD ./Core/Src/main.o
LOAD ./Core/Src/stm32f1xx_hal_msp.o
LOAD ./Core/Src/stm32f1xx_it.o
LOAD ./Core/Src/syscalls.o
LOAD ./Core/Src/sysmem.o
LOAD ./Core/Src/system_stm32f1xx.o
LOAD ./Core/Src/tim.o
LOAD ./Core/Src/usart.o
LOAD ./Core/Startup/startup_stm32f103rctx.o
LOAD ./Drivers/STM32F1xx_HAL_Driver/Src/stm32f1xx_hal.o
LOAD ./Drivers/STM32F1xx_HAL_Driver/Src/stm32f1xx_hal_cortex.o
LOAD ./Drivers/STM32F1xx_HAL_Driver/Src/stm32f1xx_hal_dma.o
LOAD ./Drivers/STM32F1xx_HAL_Driver/Src/stm32f1xx_hal_exti.o
LOAD ./Drivers/STM32F1xx_HAL_Driver/Src/stm32f1xx_hal_flash.o
LOAD ./Drivers/STM32F1xx_HAL_Driver/Src/stm32f1xx_hal_flash_ex.o
LOAD ./Drivers/STM32F1xx_HAL_Driver/Src/stm32f1xx_hal_gpio.o
LOAD ./Drivers/STM32F1xx_HAL_Driver/Src/stm32f1xx_hal_gpio_ex.o
LOAD ./Drivers/STM32F1xx_HAL_Driver/Src/stm32f1xx_hal_pwr.o
LOAD ./Drivers/STM32F1xx_HAL_Driver/Src/stm32f1xx_hal_rcc.o
LOAD ./Drivers/STM32F1xx_HAL_Driver/Src/stm32f1xx_hal_rcc_ex.o
LOAD ./Drivers/STM32F1xx_HAL_Driver/Src/stm32f1xx_hal_tim.o
LOAD ./Drivers/STM32F1xx_HAL_Driver/Src/stm32f1xx_hal_tim_ex.o
LOAD ./Drivers/STM32F1xx_HAL_Driver/Src/stm32f1xx_hal_uart.o
LOAD ./MotorKontrolLibrary/Src/Motor.o
LOAD ./PaketLibrary/Src/Paket.o
START GROUP
LOAD C:/ST/STM32CubeIDE_1.18.1/STM32CubeIDE/plugins/com.st.stm32cube.ide.mcu.externaltools.gnu-tools-for-stm32.13.3.rel1.win32_1.0.0.202411081344/tools/bin/../lib/gcc/arm-none-eabi/13.3.1/../../../../arm-none-eabi/lib/thumb/v7-m/nofp\libstdc++_nano.a
LOAD C:/ST/STM32CubeIDE_1.18.1/STM32CubeIDE/plugins/com.st.stm32cube.ide.mcu.externaltools.gnu-tools-for-stm32.13.3.rel1.win32_1.0.0.202411081344/tools/bin/../lib/gcc/arm-none-eabi/13.3.1/../../../../arm-none-eabi/lib/thumb/v7-m/nofp\libsupc++_nano.a
END GROUP
LOAD C:/ST/STM32CubeIDE_1.18.1/STM32CubeIDE/plugins/com.st.stm32cube.ide.mcu.externaltools.gnu-tools-for-stm32.13.3.rel1.win32_1.0.0.202411081344/tools/bin/../lib/gcc/arm-none-eabi/13.3.1/../../../../arm-none-eabi/lib/thumb/v7-m/nofp\libstdc++_nano.a
LOAD C:/ST/STM32CubeIDE_1.18.1/STM32CubeIDE/plugins/com.st.stm32cube.ide.mcu.externaltools.gnu-tools-for-stm32.13.3.rel1.win32_1.0.0.202411081344/tools/bin/../lib/gcc/arm-none-eabi/13.3.1/../../../../arm-none-eabi/lib/thumb/v7-m/nofp\libm.a
LOAD C:/ST/STM32CubeIDE_1.18.1/STM32CubeIDE/plugins/com.st.stm32cube.ide.mcu.externaltools.gnu-tools-for-stm32.13.3.rel1.win32_1.0.0.202411081344/tools/bin/../lib/gcc/arm-none-eabi/13.3.1/../../../../arm-none-eabi/lib/thumb/v7-m/nofp\libc_nano.a
START GROUP
LOAD C:/ST/STM32CubeIDE_1.18.1/STM32CubeIDE/plugins/com.st.stm32cube.ide.mcu.externaltools.gnu-tools-for-stm32.13.3.rel1.win32_1.0.0.202411081344/tools/bin/../lib/gcc/arm-none-eabi/13.3.1/thumb/v7-m/nofp\libgcc.a
LOAD C:/ST/STM32CubeIDE_1.18.1/STM32CubeIDE/plugins/com.st.stm32cube.ide.mcu.externaltools.gnu-tools-for-stm32.13.3.rel1.win32_1.0.0.202411081344/tools/bin/../lib/gcc/arm-none-eabi/13.3.1/../../../../arm-none-eabi/lib/thumb/v7-m/nofp\libc_nano.a
END GROUP
START GROUP
LOAD C:/ST/STM32CubeIDE_1.18.1/STM32CubeIDE/plugins/com.st.stm32cube.ide.mcu.externaltools.gnu-tools-for-stm32.13.3.rel1.win32_1.0.0.202411081344/tools/bin/../lib/gcc/arm-none-eabi/13.3.1/thumb/v7-m/nofp\libgcc.a
LOAD C:/ST/STM32CubeIDE_1.18.1/STM32CubeIDE/plugins/com.st.stm32cube.ide.mcu.externaltools.gnu-tools-for-stm32.13.3.rel1.win32_1.0.0.202411081344/tools/bin/../lib/gcc/arm-none-eabi/13.3.1/../../../../arm-none-eabi/lib/thumb/v7-m/nofp\libc_nano.a
END GROUP
LOAD C:/ST/STM32CubeIDE_1.18.1/STM32CubeIDE/plugins/com.st.stm32cube.ide.mcu.externaltools.gnu-tools-for-stm32.13.3.rel1.win32_1.0.0.202411081344/tools/bin/../lib/gcc/arm-none-eabi/13.3.1/thumb/v7-m/nofp/crtend.o
LOAD C:/ST/STM32CubeIDE_1.18.1/STM32CubeIDE/plugins/com.st.stm32cube.ide.mcu.externaltools.gnu-tools-for-stm32.13.3.rel1.win32_1.0.0.202411081344/tools/bin/../lib/gcc/arm-none-eabi/13.3.1/thumb/v7-m/nofp/crtn.o
                0x2000c000                        _estack = (ORIGIN (RAM) + LENGTH (RAM))
                0x00000200                        _Min_Heap_Size = 0x200
                0x00000400                        _Min_Stack_Size = 0x400

.isr_vector     0x08000000      0x1e4
                0x08000000                        . = ALIGN (0x4)
 *(.isr_vector)
 .isr_vector    0x08000000      0x1e4 ./Core/Startup/startup_stm32f103rctx.o
                0x08000000                g_pfnVectors
                0x080001e4                        . = ALIGN (0x4)

.text           0x080001e4     0x6864
                0x080001e4                        . = ALIGN (0x4)
 *(.text)
 .text          0x080001e4       0x40 C:/ST/STM32CubeIDE_1.18.1/STM32CubeIDE/plugins/com.st.stm32cube.ide.mcu.externaltools.gnu-tools-for-stm32.13.3.rel1.win32_1.0.0.202411081344/tools/bin/../lib/gcc/arm-none-eabi/13.3.1/thumb/v7-m/nofp/crtbegin.o
 .text          0x08000224      0x21c C:/ST/STM32CubeIDE_1.18.1/STM32CubeIDE/plugins/com.st.stm32cube.ide.mcu.externaltools.gnu-tools-for-stm32.13.3.rel1.win32_1.0.0.202411081344/tools/bin/../lib/gcc/arm-none-eabi/13.3.1/thumb/v7-m/nofp\libgcc.a(_arm_addsubsf3.o)
                0x08000224                __aeabi_frsub
                0x0800022c                __subsf3
                0x0800022c                __aeabi_fsub
                0x08000230                __aeabi_fadd
                0x08000230                __addsf3
                0x08000390                __aeabi_ui2f
                0x08000390                __floatunsisf
                0x08000398                __aeabi_i2f
                0x08000398                __floatsisf
                0x080003b4                __aeabi_ul2f
                0x080003b4                __floatundisf
                0x080003c4                __aeabi_l2f
                0x080003c4                __floatdisf
 .text          0x08000440      0x2a0 C:/ST/STM32CubeIDE_1.18.1/STM32CubeIDE/plugins/com.st.stm32cube.ide.mcu.externaltools.gnu-tools-for-stm32.13.3.rel1.win32_1.0.0.202411081344/tools/bin/../lib/gcc/arm-none-eabi/13.3.1/thumb/v7-m/nofp\libgcc.a(_arm_muldivsf3.o)
                0x08000440                __mulsf3
                0x08000440                __aeabi_fmul
                0x080005a8                __aeabi_fdiv
                0x080005a8                __divsf3
 .text          0x080006e0       0xec C:/ST/STM32CubeIDE_1.18.1/STM32CubeIDE/plugins/com.st.stm32cube.ide.mcu.externaltools.gnu-tools-for-stm32.13.3.rel1.win32_1.0.0.202411081344/tools/bin/../lib/gcc/arm-none-eabi/13.3.1/thumb/v7-m/nofp\libgcc.a(_arm_cmpsf2.o)
                0x080006e0                __gesf2
                0x080006e0                __gtsf2
                0x080006e8                __lesf2
                0x080006e8                __ltsf2
                0x080006f0                __nesf2
                0x080006f0                __eqsf2
                0x080006f0                __cmpsf2
                0x08000750                __aeabi_cfrcmple
                0x08000758                __aeabi_cfcmpeq
                0x08000758                __aeabi_cfcmple
                0x08000768                __aeabi_fcmpeq
                0x0800077c                __aeabi_fcmplt
                0x08000790                __aeabi_fcmple
                0x080007a4                __aeabi_fcmpge
                0x080007b8                __aeabi_fcmpgt
 .text          0x080007cc       0x4c C:/ST/STM32CubeIDE_1.18.1/STM32CubeIDE/plugins/com.st.stm32cube.ide.mcu.externaltools.gnu-tools-for-stm32.13.3.rel1.win32_1.0.0.202411081344/tools/bin/../lib/gcc/arm-none-eabi/13.3.1/thumb/v7-m/nofp\libgcc.a(_arm_fixsfsi.o)
                0x080007cc                __aeabi_f2iz
                0x080007cc                __fixsfsi
 *(.text*)
 .text.MX_DMA_Init
                0x08000818       0x4c ./Core/Src/dma.o
                0x08000818                MX_DMA_Init
 .text.MX_GPIO_Init
                0x08000864      0x134 ./Core/Src/gpio.o
                0x08000864                MX_GPIO_Init
 .text._ZNK5Motor12getDirectionEv
                0x08000998       0x18 ./Core/Src/main.o
                0x08000998                Motor::getDirection() const
 .text.main     0x080009b0      0x370 ./Core/Src/main.o
                0x080009b0                main
 .text._Z18SystemClock_Configv
                0x08000d20       0x8c ./Core/Src/main.o
                0x08000d20                SystemClock_Config()
 .text.HAL_GPIO_EXTI_Callback
                0x08000dac       0x50 ./Core/Src/main.o
                0x08000dac                HAL_GPIO_EXTI_Callback
 .text.HAL_TIM_PeriodElapsedCallback
                0x08000dfc      0x114 ./Core/Src/main.o
                0x08000dfc                HAL_TIM_PeriodElapsedCallback
 .text.HAL_UART_RxCpltCallback
                0x08000f10       0x38 ./Core/Src/main.o
                0x08000f10                HAL_UART_RxCpltCallback
 .text.Error_Handler
                0x08000f48        0xc ./Core/Src/main.o
                0x08000f48                Error_Handler
 .text._Z41__static_initialization_and_destruction_0v
                0x08000f54       0xe4 ./Core/Src/main.o
 .text._GLOBAL__sub_I_motor1
                0x08001038        0xa ./Core/Src/main.o
 *fill*         0x08001042        0x2 
 .text.HAL_MspInit
                0x08001044       0x64 ./Core/Src/stm32f1xx_hal_msp.o
                0x08001044                HAL_MspInit
 .text.NMI_Handler
                0x080010a8        0x8 ./Core/Src/stm32f1xx_it.o
                0x080010a8                NMI_Handler
 .text.HardFault_Handler
                0x080010b0        0x8 ./Core/Src/stm32f1xx_it.o
                0x080010b0                HardFault_Handler
 .text.MemManage_Handler
                0x080010b8        0x8 ./Core/Src/stm32f1xx_it.o
                0x080010b8                MemManage_Handler
 .text.BusFault_Handler
                0x080010c0        0x8 ./Core/Src/stm32f1xx_it.o
                0x080010c0                BusFault_Handler
 .text.UsageFault_Handler
                0x080010c8        0x8 ./Core/Src/stm32f1xx_it.o
                0x080010c8                UsageFault_Handler
 .text.SVC_Handler
                0x080010d0        0xc ./Core/Src/stm32f1xx_it.o
                0x080010d0                SVC_Handler
 .text.DebugMon_Handler
                0x080010dc        0xc ./Core/Src/stm32f1xx_it.o
                0x080010dc                DebugMon_Handler
 .text.PendSV_Handler
                0x080010e8        0xc ./Core/Src/stm32f1xx_it.o
                0x080010e8                PendSV_Handler
 .text.SysTick_Handler
                0x080010f4        0xc ./Core/Src/stm32f1xx_it.o
                0x080010f4                SysTick_Handler
 .text.DMA1_Channel2_IRQHandler
                0x08001100       0x14 ./Core/Src/stm32f1xx_it.o
                0x08001100                DMA1_Channel2_IRQHandler
 .text.DMA1_Channel3_IRQHandler
                0x08001114       0x14 ./Core/Src/stm32f1xx_it.o
                0x08001114                DMA1_Channel3_IRQHandler
 .text.EXTI9_5_IRQHandler
                0x08001128       0x1a ./Core/Src/stm32f1xx_it.o
                0x08001128                EXTI9_5_IRQHandler
 *fill*         0x08001142        0x2 
 .text.TIM2_IRQHandler
                0x08001144       0x14 ./Core/Src/stm32f1xx_it.o
                0x08001144                TIM2_IRQHandler
 .text.USART3_IRQHandler
                0x08001158       0x14 ./Core/Src/stm32f1xx_it.o
                0x08001158                USART3_IRQHandler
 .text.EXTI15_10_IRQHandler
                0x0800116c       0x20 ./Core/Src/stm32f1xx_it.o
                0x0800116c                EXTI15_10_IRQHandler
 .text.SystemInit
                0x0800118c        0xc ./Core/Src/system_stm32f1xx.o
                0x0800118c                SystemInit
 .text.MX_TIM1_Init
                0x08001198      0x138 ./Core/Src/tim.o
                0x08001198                MX_TIM1_Init
 .text.MX_TIM2_Init
                0x080012d0       0x98 ./Core/Src/tim.o
                0x080012d0                MX_TIM2_Init
 .text.MX_TIM8_Init
                0x08001368      0x138 ./Core/Src/tim.o
                0x08001368                MX_TIM8_Init
 .text.HAL_TIM_PWM_MspInit
                0x080014a0       0x64 ./Core/Src/tim.o
                0x080014a0                HAL_TIM_PWM_MspInit
 .text.HAL_TIM_Base_MspInit
                0x08001504       0x48 ./Core/Src/tim.o
                0x08001504                HAL_TIM_Base_MspInit
 .text.HAL_TIM_MspPostInit
                0x0800154c       0xac ./Core/Src/tim.o
                0x0800154c                HAL_TIM_MspPostInit
 .text.MX_USART3_UART_Init
                0x080015f8       0x54 ./Core/Src/usart.o
                0x080015f8                MX_USART3_UART_Init
 .text.HAL_UART_MspInit
                0x0800164c      0x154 ./Core/Src/usart.o
                0x0800164c                HAL_UART_MspInit
 .text.Reset_Handler
                0x080017a0       0x48 ./Core/Startup/startup_stm32f103rctx.o
                0x080017a0                Reset_Handler
 .text.Default_Handler
                0x080017e8        0x2 ./Core/Startup/startup_stm32f103rctx.o
                0x080017e8                RTC_Alarm_IRQHandler
                0x080017e8                EXTI2_IRQHandler
                0x080017e8                TIM8_TRG_COM_IRQHandler
                0x080017e8                TIM8_CC_IRQHandler
                0x080017e8                TIM1_CC_IRQHandler
                0x080017e8                TIM6_IRQHandler
                0x080017e8                PVD_IRQHandler
                0x080017e8                SDIO_IRQHandler
                0x080017e8                EXTI3_IRQHandler
                0x080017e8                EXTI0_IRQHandler
                0x080017e8                I2C2_EV_IRQHandler
                0x080017e8                ADC1_2_IRQHandler
                0x080017e8                SPI1_IRQHandler
                0x080017e8                TAMPER_IRQHandler
                0x080017e8                TIM8_UP_IRQHandler
                0x080017e8                DMA2_Channel2_IRQHandler
                0x080017e8                DMA1_Channel4_IRQHandler
                0x080017e8                RTC_IRQHandler
                0x080017e8                DMA1_Channel7_IRQHandler
                0x080017e8                CAN1_RX1_IRQHandler
                0x080017e8                UART5_IRQHandler
                0x080017e8                ADC3_IRQHandler
                0x080017e8                TIM4_IRQHandler
                0x080017e8                DMA2_Channel1_IRQHandler
                0x080017e8                I2C1_EV_IRQHandler
                0x080017e8                DMA1_Channel6_IRQHandler
                0x080017e8                UART4_IRQHandler
                0x080017e8                TIM3_IRQHandler
                0x080017e8                RCC_IRQHandler
                0x080017e8                TIM1_TRG_COM_IRQHandler
                0x080017e8                DMA1_Channel1_IRQHandler
                0x080017e8                Default_Handler
                0x080017e8                TIM7_IRQHandler
                0x080017e8                TIM5_IRQHandler
                0x080017e8                SPI2_IRQHandler
                0x080017e8                DMA1_Channel5_IRQHandler
                0x080017e8                EXTI4_IRQHandler
                0x080017e8                USB_LP_CAN1_RX0_IRQHandler
                0x080017e8                USB_HP_CAN1_TX_IRQHandler
                0x080017e8                FSMC_IRQHandler
                0x080017e8                TIM1_UP_IRQHandler
                0x080017e8                WWDG_IRQHandler
                0x080017e8                TIM1_BRK_IRQHandler
                0x080017e8                EXTI1_IRQHandler
                0x080017e8                DMA2_Channel4_5_IRQHandler
                0x080017e8                USART2_IRQHandler
                0x080017e8                I2C2_ER_IRQHandler
                0x080017e8                TIM8_BRK_IRQHandler
                0x080017e8                CAN1_SCE_IRQHandler
                0x080017e8                FLASH_IRQHandler
                0x080017e8                USART1_IRQHandler
                0x080017e8                SPI3_IRQHandler
                0x080017e8                I2C1_ER_IRQHandler
                0x080017e8                USBWakeUp_IRQHandler
                0x080017e8                DMA2_Channel3_IRQHandler
 *fill*         0x080017ea        0x2 
 .text.HAL_Init
                0x080017ec       0x2c ./Drivers/STM32F1xx_HAL_Driver/Src/stm32f1xx_hal.o
                0x080017ec                HAL_Init
 .text.HAL_InitTick
                0x08001818       0x60 ./Drivers/STM32F1xx_HAL_Driver/Src/stm32f1xx_hal.o
                0x08001818                HAL_InitTick
 .text.HAL_IncTick
                0x08001878       0x24 ./Drivers/STM32F1xx_HAL_Driver/Src/stm32f1xx_hal.o
                0x08001878                HAL_IncTick
 .text.HAL_GetTick
                0x0800189c       0x14 ./Drivers/STM32F1xx_HAL_Driver/Src/stm32f1xx_hal.o
                0x0800189c                HAL_GetTick
 .text.__NVIC_SetPriorityGrouping
                0x080018b0       0x48 ./Drivers/STM32F1xx_HAL_Driver/Src/stm32f1xx_hal_cortex.o
 .text.__NVIC_GetPriorityGrouping
                0x080018f8       0x1c ./Drivers/STM32F1xx_HAL_Driver/Src/stm32f1xx_hal_cortex.o
 .text.__NVIC_EnableIRQ
                0x08001914       0x38 ./Drivers/STM32F1xx_HAL_Driver/Src/stm32f1xx_hal_cortex.o
 .text.__NVIC_SetPriority
                0x0800194c       0x54 ./Drivers/STM32F1xx_HAL_Driver/Src/stm32f1xx_hal_cortex.o
 .text.NVIC_EncodePriority
                0x080019a0       0x64 ./Drivers/STM32F1xx_HAL_Driver/Src/stm32f1xx_hal_cortex.o
 .text.SysTick_Config
                0x08001a04       0x44 ./Drivers/STM32F1xx_HAL_Driver/Src/stm32f1xx_hal_cortex.o
 .text.HAL_NVIC_SetPriorityGrouping
                0x08001a48       0x16 ./Drivers/STM32F1xx_HAL_Driver/Src/stm32f1xx_hal_cortex.o
                0x08001a48                HAL_NVIC_SetPriorityGrouping
 .text.HAL_NVIC_SetPriority
                0x08001a5e       0x38 ./Drivers/STM32F1xx_HAL_Driver/Src/stm32f1xx_hal_cortex.o
                0x08001a5e                HAL_NVIC_SetPriority
 .text.HAL_NVIC_EnableIRQ
                0x08001a96       0x1c ./Drivers/STM32F1xx_HAL_Driver/Src/stm32f1xx_hal_cortex.o
                0x08001a96                HAL_NVIC_EnableIRQ
 .text.HAL_SYSTICK_Config
                0x08001ab2       0x18 ./Drivers/STM32F1xx_HAL_Driver/Src/stm32f1xx_hal_cortex.o
                0x08001ab2                HAL_SYSTICK_Config
 *fill*         0x08001aca        0x2 
 .text.HAL_DMA_Init
                0x08001acc       0xec ./Drivers/STM32F1xx_HAL_Driver/Src/stm32f1xx_hal_dma.o
                0x08001acc                HAL_DMA_Init
 .text.HAL_DMA_Start_IT
                0x08001bb8       0xc0 ./Drivers/STM32F1xx_HAL_Driver/Src/stm32f1xx_hal_dma.o
                0x08001bb8                HAL_DMA_Start_IT
 .text.HAL_DMA_Abort
                0x08001c78       0x76 ./Drivers/STM32F1xx_HAL_Driver/Src/stm32f1xx_hal_dma.o
                0x08001c78                HAL_DMA_Abort
 *fill*         0x08001cee        0x2 
 .text.HAL_DMA_Abort_IT
                0x08001cf0      0x210 ./Drivers/STM32F1xx_HAL_Driver/Src/stm32f1xx_hal_dma.o
                0x08001cf0                HAL_DMA_Abort_IT
 .text.HAL_DMA_IRQHandler
                0x08001f00      0x478 ./Drivers/STM32F1xx_HAL_Driver/Src/stm32f1xx_hal_dma.o
                0x08001f00                HAL_DMA_IRQHandler
 .text.DMA_SetConfig
                0x08002378       0x5a ./Drivers/STM32F1xx_HAL_Driver/Src/stm32f1xx_hal_dma.o
 *fill*         0x080023d2        0x2 
 .text.HAL_GPIO_Init
                0x080023d4      0x328 ./Drivers/STM32F1xx_HAL_Driver/Src/stm32f1xx_hal_gpio.o
                0x080023d4                HAL_GPIO_Init
 .text.HAL_GPIO_ReadPin
                0x080026fc       0x2e ./Drivers/STM32F1xx_HAL_Driver/Src/stm32f1xx_hal_gpio.o
                0x080026fc                HAL_GPIO_ReadPin
 .text.HAL_GPIO_WritePin
                0x0800272a       0x30 ./Drivers/STM32F1xx_HAL_Driver/Src/stm32f1xx_hal_gpio.o
                0x0800272a                HAL_GPIO_WritePin
 .text.HAL_GPIO_TogglePin
                0x0800275a       0x32 ./Drivers/STM32F1xx_HAL_Driver/Src/stm32f1xx_hal_gpio.o
                0x0800275a                HAL_GPIO_TogglePin
 .text.HAL_GPIO_EXTI_IRQHandler
                0x0800278c       0x30 ./Drivers/STM32F1xx_HAL_Driver/Src/stm32f1xx_hal_gpio.o
                0x0800278c                HAL_GPIO_EXTI_IRQHandler
 .text.HAL_RCC_OscConfig
                0x080027bc      0x504 ./Drivers/STM32F1xx_HAL_Driver/Src/stm32f1xx_hal_rcc.o
                0x080027bc                HAL_RCC_OscConfig
 .text.HAL_RCC_ClockConfig
                0x08002cc0      0x1d4 ./Drivers/STM32F1xx_HAL_Driver/Src/stm32f1xx_hal_rcc.o
                0x08002cc0                HAL_RCC_ClockConfig
 .text.HAL_RCC_GetSysClockFreq
                0x08002e94       0xa8 ./Drivers/STM32F1xx_HAL_Driver/Src/stm32f1xx_hal_rcc.o
                0x08002e94                HAL_RCC_GetSysClockFreq
 .text.HAL_RCC_GetHCLKFreq
                0x08002f3c       0x14 ./Drivers/STM32F1xx_HAL_Driver/Src/stm32f1xx_hal_rcc.o
                0x08002f3c                HAL_RCC_GetHCLKFreq
 .text.HAL_RCC_GetPCLK1Freq
                0x08002f50       0x28 ./Drivers/STM32F1xx_HAL_Driver/Src/stm32f1xx_hal_rcc.o
                0x08002f50                HAL_RCC_GetPCLK1Freq
 .text.HAL_RCC_GetPCLK2Freq
                0x08002f78       0x28 ./Drivers/STM32F1xx_HAL_Driver/Src/stm32f1xx_hal_rcc.o
                0x08002f78                HAL_RCC_GetPCLK2Freq
 .text.RCC_Delay
                0x08002fa0       0x3c ./Drivers/STM32F1xx_HAL_Driver/Src/stm32f1xx_hal_rcc.o
 .text.HAL_TIM_Base_Init
                0x08002fdc       0x9e ./Drivers/STM32F1xx_HAL_Driver/Src/stm32f1xx_hal_tim.o
                0x08002fdc                HAL_TIM_Base_Init
 *fill*         0x0800307a        0x2 
 .text.HAL_TIM_Base_Start_IT
                0x0800307c       0xc0 ./Drivers/STM32F1xx_HAL_Driver/Src/stm32f1xx_hal_tim.o
                0x0800307c                HAL_TIM_Base_Start_IT
 .text.HAL_TIM_PWM_Init
                0x0800313c       0x9e ./Drivers/STM32F1xx_HAL_Driver/Src/stm32f1xx_hal_tim.o
                0x0800313c                HAL_TIM_PWM_Init
 *fill*         0x080031da        0x2 
 .text.HAL_TIM_PWM_Start
                0x080031dc      0x174 ./Drivers/STM32F1xx_HAL_Driver/Src/stm32f1xx_hal_tim.o
                0x080031dc                HAL_TIM_PWM_Start
 .text.HAL_TIM_IRQHandler
                0x08003350      0x1e0 ./Drivers/STM32F1xx_HAL_Driver/Src/stm32f1xx_hal_tim.o
                0x08003350                HAL_TIM_IRQHandler
 .text.HAL_TIM_PWM_ConfigChannel
                0x08003530      0x184 ./Drivers/STM32F1xx_HAL_Driver/Src/stm32f1xx_hal_tim.o
                0x08003530                HAL_TIM_PWM_ConfigChannel
 .text.HAL_TIM_ConfigClockSource
                0x080036b4      0x18e ./Drivers/STM32F1xx_HAL_Driver/Src/stm32f1xx_hal_tim.o
                0x080036b4                HAL_TIM_ConfigClockSource
 .text.HAL_TIM_OC_DelayElapsedCallback
                0x08003842       0x12 ./Drivers/STM32F1xx_HAL_Driver/Src/stm32f1xx_hal_tim.o
                0x08003842                HAL_TIM_OC_DelayElapsedCallback
 .text.HAL_TIM_IC_CaptureCallback
                0x08003854       0x12 ./Drivers/STM32F1xx_HAL_Driver/Src/stm32f1xx_hal_tim.o
                0x08003854                HAL_TIM_IC_CaptureCallback
 .text.HAL_TIM_PWM_PulseFinishedCallback
                0x08003866       0x12 ./Drivers/STM32F1xx_HAL_Driver/Src/stm32f1xx_hal_tim.o
                0x08003866                HAL_TIM_PWM_PulseFinishedCallback
 .text.HAL_TIM_TriggerCallback
                0x08003878       0x12 ./Drivers/STM32F1xx_HAL_Driver/Src/stm32f1xx_hal_tim.o
                0x08003878                HAL_TIM_TriggerCallback
 *fill*         0x0800388a        0x2 
 .text.TIM_Base_SetConfig
                0x0800388c      0x10c ./Drivers/STM32F1xx_HAL_Driver/Src/stm32f1xx_hal_tim.o
                0x0800388c                TIM_Base_SetConfig
 .text.TIM_OC1_SetConfig
                0x08003998       0xe0 ./Drivers/STM32F1xx_HAL_Driver/Src/stm32f1xx_hal_tim.o
 .text.TIM_OC2_SetConfig
                0x08003a78       0xe8 ./Drivers/STM32F1xx_HAL_Driver/Src/stm32f1xx_hal_tim.o
                0x08003a78                TIM_OC2_SetConfig
 .text.TIM_OC3_SetConfig
                0x08003b60       0xe8 ./Drivers/STM32F1xx_HAL_Driver/Src/stm32f1xx_hal_tim.o
 .text.TIM_OC4_SetConfig
                0x08003c48       0xa8 ./Drivers/STM32F1xx_HAL_Driver/Src/stm32f1xx_hal_tim.o
 .text.TIM_TI1_ConfigInputStage
                0x08003cf0       0x5c ./Drivers/STM32F1xx_HAL_Driver/Src/stm32f1xx_hal_tim.o
 .text.TIM_TI2_ConfigInputStage
                0x08003d4c       0x5e ./Drivers/STM32F1xx_HAL_Driver/Src/stm32f1xx_hal_tim.o
 .text.TIM_ITRx_SetConfig
                0x08003daa       0x34 ./Drivers/STM32F1xx_HAL_Driver/Src/stm32f1xx_hal_tim.o
 .text.TIM_ETR_SetConfig
                0x08003dde       0x3e ./Drivers/STM32F1xx_HAL_Driver/Src/stm32f1xx_hal_tim.o
                0x08003dde                TIM_ETR_SetConfig
 .text.TIM_CCxChannelCmd
                0x08003e1c       0x48 ./Drivers/STM32F1xx_HAL_Driver/Src/stm32f1xx_hal_tim.o
                0x08003e1c                TIM_CCxChannelCmd
 .text.HAL_TIMEx_MasterConfigSynchronization
                0x08003e64       0xd8 ./Drivers/STM32F1xx_HAL_Driver/Src/stm32f1xx_hal_tim_ex.o
                0x08003e64                HAL_TIMEx_MasterConfigSynchronization
 .text.HAL_TIMEx_ConfigBreakDeadTime
                0x08003f3c       0xa2 ./Drivers/STM32F1xx_HAL_Driver/Src/stm32f1xx_hal_tim_ex.o
                0x08003f3c                HAL_TIMEx_ConfigBreakDeadTime
 .text.HAL_TIMEx_CommutCallback
                0x08003fde       0x12 ./Drivers/STM32F1xx_HAL_Driver/Src/stm32f1xx_hal_tim_ex.o
                0x08003fde                HAL_TIMEx_CommutCallback
 .text.HAL_TIMEx_BreakCallback
                0x08003ff0       0x12 ./Drivers/STM32F1xx_HAL_Driver/Src/stm32f1xx_hal_tim_ex.o
                0x08003ff0                HAL_TIMEx_BreakCallback
 .text.HAL_UART_Init
                0x08004002       0xa0 ./Drivers/STM32F1xx_HAL_Driver/Src/stm32f1xx_hal_uart.o
                0x08004002                HAL_UART_Init
 *fill*         0x080040a2        0x2 
 .text.HAL_UART_Transmit_DMA
                0x080040a4       0xe0 ./Drivers/STM32F1xx_HAL_Driver/Src/stm32f1xx_hal_uart.o
                0x080040a4                HAL_UART_Transmit_DMA
 .text.HAL_UART_Receive_DMA
                0x08004184       0x4a ./Drivers/STM32F1xx_HAL_Driver/Src/stm32f1xx_hal_uart.o
                0x08004184                HAL_UART_Receive_DMA
 *fill*         0x080041ce        0x2 
 .text.HAL_UART_IRQHandler
                0x080041d0      0x524 ./Drivers/STM32F1xx_HAL_Driver/Src/stm32f1xx_hal_uart.o
                0x080041d0                HAL_UART_IRQHandler
 .text.HAL_UART_TxCpltCallback
                0x080046f4       0x12 ./Drivers/STM32F1xx_HAL_Driver/Src/stm32f1xx_hal_uart.o
                0x080046f4                HAL_UART_TxCpltCallback
 .text.HAL_UART_TxHalfCpltCallback
                0x08004706       0x12 ./Drivers/STM32F1xx_HAL_Driver/Src/stm32f1xx_hal_uart.o
                0x08004706                HAL_UART_TxHalfCpltCallback
 .text.HAL_UART_RxHalfCpltCallback
                0x08004718       0x12 ./Drivers/STM32F1xx_HAL_Driver/Src/stm32f1xx_hal_uart.o
                0x08004718                HAL_UART_RxHalfCpltCallback
 .text.HAL_UART_ErrorCallback
                0x0800472a       0x12 ./Drivers/STM32F1xx_HAL_Driver/Src/stm32f1xx_hal_uart.o
                0x0800472a                HAL_UART_ErrorCallback
 .text.HAL_UARTEx_RxEventCallback
                0x0800473c       0x16 ./Drivers/STM32F1xx_HAL_Driver/Src/stm32f1xx_hal_uart.o
                0x0800473c                HAL_UARTEx_RxEventCallback
 .text.UART_DMATransmitCplt
                0x08004752       0x9a ./Drivers/STM32F1xx_HAL_Driver/Src/stm32f1xx_hal_uart.o
 .text.UART_DMATxHalfCplt
                0x080047ec       0x1c ./Drivers/STM32F1xx_HAL_Driver/Src/stm32f1xx_hal_uart.o
 .text.UART_DMAReceiveCplt
                0x08004808      0x12c ./Drivers/STM32F1xx_HAL_Driver/Src/stm32f1xx_hal_uart.o
 .text.UART_DMARxHalfCplt
                0x08004934       0x3c ./Drivers/STM32F1xx_HAL_Driver/Src/stm32f1xx_hal_uart.o
 .text.UART_DMAError
                0x08004970       0x94 ./Drivers/STM32F1xx_HAL_Driver/Src/stm32f1xx_hal_uart.o
 .text.UART_Start_Receive_DMA
                0x08004a04      0x134 ./Drivers/STM32F1xx_HAL_Driver/Src/stm32f1xx_hal_uart.o
                0x08004a04                UART_Start_Receive_DMA
 .text.UART_EndTxTransfer
                0x08004b38       0x4e ./Drivers/STM32F1xx_HAL_Driver/Src/stm32f1xx_hal_uart.o
 .text.UART_EndRxTransfer
                0x08004b86       0xc4 ./Drivers/STM32F1xx_HAL_Driver/Src/stm32f1xx_hal_uart.o
 .text.UART_DMAAbortOnError
                0x08004c4a       0x28 ./Drivers/STM32F1xx_HAL_Driver/Src/stm32f1xx_hal_uart.o
 .text.UART_Transmit_IT
                0x08004c72       0x9e ./Drivers/STM32F1xx_HAL_Driver/Src/stm32f1xx_hal_uart.o
 .text.UART_EndTransmit_IT
                0x08004d10       0x30 ./Drivers/STM32F1xx_HAL_Driver/Src/stm32f1xx_hal_uart.o
 .text.UART_Receive_IT
                0x08004d40      0x17c ./Drivers/STM32F1xx_HAL_Driver/Src/stm32f1xx_hal_uart.o
 .text.UART_SetConfig
                0x08004ebc      0x11c ./Drivers/STM32F1xx_HAL_Driver/Src/stm32f1xx_hal_uart.o
 .text._ZN5MotorC2EP17TIM_HandleTypeDefS1_mmmP12GPIO_TypeDeftS3_tS3_tS3_tS3_tS3_t
                0x08004fd8      0x110 ./MotorKontrolLibrary/Src/Motor.o
                0x08004fd8                Motor::Motor(TIM_HandleTypeDef*, TIM_HandleTypeDef*, unsigned long, unsigned long, unsigned long, GPIO_TypeDef*, unsigned short, GPIO_TypeDef*, unsigned short, GPIO_TypeDef*, unsigned short, GPIO_TypeDef*, unsigned short, GPIO_TypeDef*, unsigned short, GPIO_TypeDef*, unsigned short)
                0x08004fd8                Motor::Motor(TIM_HandleTypeDef*, TIM_HandleTypeDef*, unsigned long, unsigned long, unsigned long, GPIO_TypeDef*, unsigned short, GPIO_TypeDef*, unsigned short, GPIO_TypeDef*, unsigned short, GPIO_TypeDef*, unsigned short, GPIO_TypeDef*, unsigned short, GPIO_TypeDef*, unsigned short)
 .text._ZN5Motor4initEv
                0x080050e8      0x112 ./MotorKontrolLibrary/Src/Motor.o
                0x080050e8                Motor::init()
 .text._ZN5Motor10updateHallEv
                0x080051fa       0x82 ./MotorKontrolLibrary/Src/Motor.o
                0x080051fa                Motor::updateHall()
 .text._ZN5Motor18hizHesaplaFilteredEf
                0x0800527c      0x168 ./MotorKontrolLibrary/Src/Motor.o
                0x0800527c                Motor::hizHesaplaFiltered(float)
 .text._ZN5Motor12setDirectionE14MotorDirection
                0x080053e4       0x1e ./MotorKontrolLibrary/Src/Motor.o
                0x080053e4                Motor::setDirection(MotorDirection)
 .text._ZN5Motor9updatePWMEif
                0x08005402      0x10a ./MotorKontrolLibrary/Src/Motor.o
                0x08005402                Motor::updatePWM(int, float)
 .text._ZN5Motor10komutasyonEt
                0x0800550c      0xfd4 ./MotorKontrolLibrary/Src/Motor.o
                0x0800550c                Motor::komutasyon(unsigned short)
 .text._ZN5PaketC2EP20__UART_HandleTypeDef
                0x080064e0       0x5c ./PaketLibrary/Src/Paket.o
                0x080064e0                Paket::Paket(__UART_HandleTypeDef*)
                0x080064e0                Paket::Paket(__UART_HandleTypeDef*)
 .text._ZN5PaketC2Ehhhh
                0x0800653c       0x86 ./PaketLibrary/Src/Paket.o
                0x0800653c                Paket::Paket(unsigned char, unsigned char, unsigned char, unsigned char)
                0x0800653c                Paket::Paket(unsigned char, unsigned char, unsigned char, unsigned char)
 .text._ZN5Paket17TekerPaketOlusturEff
                0x080065c2       0x8a ./PaketLibrary/Src/Paket.o
                0x080065c2                Paket::TekerPaketOlustur(float, float)
 .text._ZN5Paket20PaketKesmeYapilandirEv
                0x0800664c       0x20 ./PaketLibrary/Src/Paket.o
                0x0800664c                Paket::PaketKesmeYapilandir()
 .text._ZN5Paket20DataAlveBayrakKaldirEv
                0x0800666c       0x60 ./PaketLibrary/Src/Paket.o
                0x0800666c                Paket::DataAlveBayrakKaldir()
 .text._ZN5Paket8PaketCozEv
                0x080066cc      0x178 ./PaketLibrary/Src/Paket.o
                0x080066cc                Paket::PaketCoz()
 .text._ZN5Paket10gelenYonAlEv
                0x08006844       0x18 ./PaketLibrary/Src/Paket.o
                0x08006844                Paket::gelenYonAl()
 .text._ZN5Paket13gelenSagRpmAlEv
                0x0800685c       0x18 ./PaketLibrary/Src/Paket.o
                0x0800685c                Paket::gelenSagRpmAl()
 .text._ZN5Paket13gelenSolRpmAlEv
                0x08006874       0x18 ./PaketLibrary/Src/Paket.o
                0x08006874                Paket::gelenSolRpmAl()
 .text._ZN5Paket15tekerPaketCagirEPh
                0x0800688c       0x1e ./PaketLibrary/Src/Paket.o
                0x0800688c                Paket::tekerPaketCagir(unsigned char*)
 .text._ZN5Paket13CRC8HesaplamaEPhhh
                0x080068aa       0x7a ./PaketLibrary/Src/Paket.o
                0x080068aa                Paket::CRC8Hesaplama(unsigned char*, unsigned char, unsigned char)
 .text._ZN5Paket12bytesToFloatEPhl
                0x08006924       0x58 ./PaketLibrary/Src/Paket.o
                0x08006924                Paket::bytesToFloat(unsigned char*, long)
 .text._ZN5Paket12floatToBytesEPfPh
                0x0800697c       0x3e ./PaketLibrary/Src/Paket.o
                0x0800697c                Paket::floatToBytes(float*, unsigned char*)
 .text.memset   0x080069ba       0x10 C:/ST/STM32CubeIDE_1.18.1/STM32CubeIDE/plugins/com.st.stm32cube.ide.mcu.externaltools.gnu-tools-for-stm32.13.3.rel1.win32_1.0.0.202411081344/tools/bin/../lib/gcc/arm-none-eabi/13.3.1/../../../../arm-none-eabi/lib/thumb/v7-m/nofp\libc_nano.a(libc_a-memset.o)
                0x080069ba                memset
 *fill*         0x080069ca        0x2 
 .text.__libc_init_array
                0x080069cc       0x48 C:/ST/STM32CubeIDE_1.18.1/STM32CubeIDE/plugins/com.st.stm32cube.ide.mcu.externaltools.gnu-tools-for-stm32.13.3.rel1.win32_1.0.0.202411081344/tools/bin/../lib/gcc/arm-none-eabi/13.3.1/../../../../arm-none-eabi/lib/thumb/v7-m/nofp\libc_nano.a(libc_a-init.o)
                0x080069cc                __libc_init_array
 .text.memcpy   0x08006a14       0x1c C:/ST/STM32CubeIDE_1.18.1/STM32CubeIDE/plugins/com.st.stm32cube.ide.mcu.externaltools.gnu-tools-for-stm32.13.3.rel1.win32_1.0.0.202411081344/tools/bin/../lib/gcc/arm-none-eabi/13.3.1/../../../../arm-none-eabi/lib/thumb/v7-m/nofp\libc_nano.a(libc_a-memcpy-stub.o)
                0x08006a14                memcpy
 *(.glue_7)
 .glue_7        0x08006a30        0x0 linker stubs
 *(.glue_7t)
 .glue_7t       0x08006a30        0x0 linker stubs
 *(.eh_frame)
 .eh_frame      0x08006a30        0x0 C:/ST/STM32CubeIDE_1.18.1/STM32CubeIDE/plugins/com.st.stm32cube.ide.mcu.externaltools.gnu-tools-for-stm32.13.3.rel1.win32_1.0.0.202411081344/tools/bin/../lib/gcc/arm-none-eabi/13.3.1/thumb/v7-m/nofp/crtbegin.o
 *(.init)
 .init          0x08006a30        0x4 C:/ST/STM32CubeIDE_1.18.1/STM32CubeIDE/plugins/com.st.stm32cube.ide.mcu.externaltools.gnu-tools-for-stm32.13.3.rel1.win32_1.0.0.202411081344/tools/bin/../lib/gcc/arm-none-eabi/13.3.1/thumb/v7-m/nofp/crti.o
                0x08006a30                _init
 .init          0x08006a34        0x8 C:/ST/STM32CubeIDE_1.18.1/STM32CubeIDE/plugins/com.st.stm32cube.ide.mcu.externaltools.gnu-tools-for-stm32.13.3.rel1.win32_1.0.0.202411081344/tools/bin/../lib/gcc/arm-none-eabi/13.3.1/thumb/v7-m/nofp/crtn.o
 *(.fini)
 .fini          0x08006a3c        0x4 C:/ST/STM32CubeIDE_1.18.1/STM32CubeIDE/plugins/com.st.stm32cube.ide.mcu.externaltools.gnu-tools-for-stm32.13.3.rel1.win32_1.0.0.202411081344/tools/bin/../lib/gcc/arm-none-eabi/13.3.1/thumb/v7-m/nofp/crti.o
                0x08006a3c                _fini
 .fini          0x08006a40        0x8 C:/ST/STM32CubeIDE_1.18.1/STM32CubeIDE/plugins/com.st.stm32cube.ide.mcu.externaltools.gnu-tools-for-stm32.13.3.rel1.win32_1.0.0.202411081344/tools/bin/../lib/gcc/arm-none-eabi/13.3.1/thumb/v7-m/nofp/crtn.o
                0x08006a48                        . = ALIGN (0x4)
                0x08006a48                        _etext = .

.vfp11_veneer   0x08006a48        0x0
 .vfp11_veneer  0x08006a48        0x0 linker stubs

.v4_bx          0x08006a48        0x0
 .v4_bx         0x08006a48        0x0 linker stubs

.iplt           0x08006a48        0x0
 .iplt          0x08006a48        0x0 C:/ST/STM32CubeIDE_1.18.1/STM32CubeIDE/plugins/com.st.stm32cube.ide.mcu.externaltools.gnu-tools-for-stm32.13.3.rel1.win32_1.0.0.202411081344/tools/bin/../lib/gcc/arm-none-eabi/13.3.1/thumb/v7-m/nofp/crtbegin.o

.rodata         0x08006a48       0x2c
                0x08006a48                        . = ALIGN (0x4)
 *(.rodata)
 *(.rodata*)
 .rodata.AHBPrescTable
                0x08006a48       0x10 ./Core/Src/system_stm32f1xx.o
                0x08006a48                AHBPrescTable
 .rodata.APBPrescTable
                0x08006a58        0x8 ./Core/Src/system_stm32f1xx.o
                0x08006a58                APBPrescTable
 .rodata.aPLLMULFactorTable.1
                0x08006a60       0x10 ./Drivers/STM32F1xx_HAL_Driver/Src/stm32f1xx_hal_rcc.o
 .rodata.aPredivFactorTable.0
                0x08006a70        0x2 ./Drivers/STM32F1xx_HAL_Driver/Src/stm32f1xx_hal_rcc.o
                0x08006a74                        . = ALIGN (0x4)
 *fill*         0x08006a72        0x2 

.ARM.extab      0x08006a74        0x0
                0x08006a74                        . = ALIGN (0x4)
 *(.ARM.extab* .gnu.linkonce.armextab.*)
                0x08006a74                        . = ALIGN (0x4)

.ARM            0x08006a74        0x0
                0x08006a74                        . = ALIGN (0x4)
                0x08006a74                        __exidx_start = .
 *(.ARM.exidx*)
                0x08006a74                        __exidx_end = .
                0x08006a74                        . = ALIGN (0x4)

.preinit_array  0x08006a74        0x0
                0x08006a74                        . = ALIGN (0x4)
                0x08006a74                        PROVIDE (__preinit_array_start = .)
 *(.preinit_array*)
                0x08006a74                        PROVIDE (__preinit_array_end = .)
                0x08006a74                        . = ALIGN (0x4)

.init_array     0x08006a74        0x8
                0x08006a74                        . = ALIGN (0x4)
                0x08006a74                        PROVIDE (__init_array_start = .)
 *(SORT_BY_NAME(.init_array.*))
 *(.init_array*)
 .init_array    0x08006a74        0x4 C:/ST/STM32CubeIDE_1.18.1/STM32CubeIDE/plugins/com.st.stm32cube.ide.mcu.externaltools.gnu-tools-for-stm32.13.3.rel1.win32_1.0.0.202411081344/tools/bin/../lib/gcc/arm-none-eabi/13.3.1/thumb/v7-m/nofp/crtbegin.o
 .init_array    0x08006a78        0x4 ./Core/Src/main.o
                0x08006a7c                        PROVIDE (__init_array_end = .)
                0x08006a7c                        . = ALIGN (0x4)

.fini_array     0x08006a7c        0x4
                0x08006a7c                        . = ALIGN (0x4)
                [!provide]                        PROVIDE (__fini_array_start = .)
 *(SORT_BY_NAME(.fini_array.*))
 *(.fini_array*)
 .fini_array    0x08006a7c        0x4 C:/ST/STM32CubeIDE_1.18.1/STM32CubeIDE/plugins/com.st.stm32cube.ide.mcu.externaltools.gnu-tools-for-stm32.13.3.rel1.win32_1.0.0.202411081344/tools/bin/../lib/gcc/arm-none-eabi/13.3.1/thumb/v7-m/nofp/crtbegin.o
                [!provide]                        PROVIDE (__fini_array_end = .)
                0x08006a80                        . = ALIGN (0x4)
                0x08006a80                        _sidata = LOADADDR (.data)

.rel.dyn        0x08006a80        0x0
 .rel.iplt      0x08006a80        0x0 C:/ST/STM32CubeIDE_1.18.1/STM32CubeIDE/plugins/com.st.stm32cube.ide.mcu.externaltools.gnu-tools-for-stm32.13.3.rel1.win32_1.0.0.202411081344/tools/bin/../lib/gcc/arm-none-eabi/13.3.1/thumb/v7-m/nofp/crtbegin.o

.data           0x20000000        0xc load address 0x08006a80
                0x20000000                        . = ALIGN (0x4)
                0x20000000                        _sdata = .
 *(.data)
 *(.data*)
 .data.SystemCoreClock
                0x20000000        0x4 ./Core/Src/system_stm32f1xx.o
                0x20000000                SystemCoreClock
 .data.uwTickPrio
                0x20000004        0x4 ./Drivers/STM32F1xx_HAL_Driver/Src/stm32f1xx_hal.o
                0x20000004                uwTickPrio
 .data.uwTickFreq
                0x20000008        0x1 ./Drivers/STM32F1xx_HAL_Driver/Src/stm32f1xx_hal.o
                0x20000008                uwTickFreq
 .data._ZZN5Paket8PaketCozEvE5Paket
                0x20000009        0x1 ./PaketLibrary/Src/Paket.o
 *(.RamFunc)
 *(.RamFunc*)
                0x2000000c                        . = ALIGN (0x4)
 *fill*         0x2000000a        0x2 
                0x2000000c                        _edata = .

.igot.plt       0x2000000c        0x0 load address 0x08006a8c
 .igot.plt      0x2000000c        0x0 C:/ST/STM32CubeIDE_1.18.1/STM32CubeIDE/plugins/com.st.stm32cube.ide.mcu.externaltools.gnu-tools-for-stm32.13.3.rel1.win32_1.0.0.202411081344/tools/bin/../lib/gcc/arm-none-eabi/13.3.1/thumb/v7-m/nofp/crtbegin.o
                0x2000000c                        . = ALIGN (0x4)

.bss            0x2000000c      0x538 load address 0x08006a8c
                0x2000000c                        _sbss = .
                0x2000000c                        __bss_start__ = _sbss
 *(.bss)
 .bss           0x2000000c       0x1c C:/ST/STM32CubeIDE_1.18.1/STM32CubeIDE/plugins/com.st.stm32cube.ide.mcu.externaltools.gnu-tools-for-stm32.13.3.rel1.win32_1.0.0.202411081344/tools/bin/../lib/gcc/arm-none-eabi/13.3.1/thumb/v7-m/nofp/crtbegin.o
 *(.bss*)
 .bss.motor1    0x20000028       0xc0 ./Core/Src/main.o
                0x20000028                motor1
 .bss.motor2    0x200000e8       0xc0 ./Core/Src/main.o
                0x200000e8                motor2
 .bss.ANKUPaket
                0x200001a8       0xd0 ./Core/Src/main.o
                0x200001a8                ANKUPaket
 .bss.TekerPaket
                0x20000278       0xd0 ./Core/Src/main.o
                0x20000278                TekerPaket
 .bss.yon_f     0x20000348        0x4 ./Core/Src/main.o
                0x20000348                yon_f
 .bss.sagRpm_f  0x2000034c        0x4 ./Core/Src/main.o
                0x2000034c                sagRpm_f
 .bss.solRpm_f  0x20000350        0x4 ./Core/Src/main.o
                0x20000350                solRpm_f
 .bss.counterrr
                0x20000354        0x4 ./Core/Src/main.o
                0x20000354                counterrr
 .bss.motor1pwm
                0x20000358        0x4 ./Core/Src/main.o
                0x20000358                motor1pwm
 .bss.motor2pwm
                0x2000035c        0x4 ./Core/Src/main.o
                0x2000035c                motor2pwm
 .bss.sag_hiz   0x20000360        0x4 ./Core/Src/main.o
                0x20000360                sag_hiz
 .bss.sol_hiz   0x20000364        0x4 ./Core/Src/main.o
                0x20000364                sol_hiz
 .bss.tekerBuffer
                0x20000368        0xd ./Core/Src/main.o
                0x20000368                tekerBuffer
 .bss.flag_10ms
                0x20000375        0x1 ./Core/Src/main.o
                0x20000375                flag_10ms
 .bss.flag_20ms
                0x20000376        0x1 ./Core/Src/main.o
                0x20000376                flag_20ms
 .bss.flag_100ms
                0x20000377        0x1 ./Core/Src/main.o
                0x20000377                flag_100ms
 .bss.flag_500ms
                0x20000378        0x1 ./Core/Src/main.o
                0x20000378                flag_500ms
 .bss.flag_1000ms
                0x20000379        0x1 ./Core/Src/main.o
                0x20000379                flag_1000ms
 .bss.tickCounter
                0x2000037a        0x2 ./Core/Src/main.o
                0x2000037a                tickCounter
 .bss.htim1     0x2000037c       0x48 ./Core/Src/tim.o
                0x2000037c                htim1
 .bss.htim2     0x200003c4       0x48 ./Core/Src/tim.o
                0x200003c4                htim2
 .bss.htim8     0x2000040c       0x48 ./Core/Src/tim.o
                0x2000040c                htim8
 .bss.huart3    0x20000454       0x48 ./Core/Src/usart.o
                0x20000454                huart3
 .bss.hdma_usart3_rx
                0x2000049c       0x44 ./Core/Src/usart.o
                0x2000049c                hdma_usart3_rx
 .bss.hdma_usart3_tx
                0x200004e0       0x44 ./Core/Src/usart.o
                0x200004e0                hdma_usart3_tx
 .bss.uwTick    0x20000524        0x4 ./Drivers/STM32F1xx_HAL_Driver/Src/stm32f1xx_hal.o
                0x20000524                uwTick
 .bss._ZZN5Paket8PaketCozEvE5Durum
                0x20000528        0x1 ./PaketLibrary/Src/Paket.o
 *fill*         0x20000529        0x3 
 .bss._ZZN5Paket8PaketCozEvE10tempBuffer
                0x2000052c       0x14 ./PaketLibrary/Src/Paket.o
 .bss._ZZN5Paket8PaketCozEvE9tempIndex
                0x20000540        0x1 ./PaketLibrary/Src/Paket.o
 *(COMMON)
                0x20000544                        . = ALIGN (0x4)
 *fill*         0x20000541        0x3 
                0x20000544                        _ebss = .
                0x20000544                        __bss_end__ = _ebss

._user_heap_stack
                0x20000544      0x604 load address 0x08006a8c
                0x20000548                        . = ALIGN (0x8)
 *fill*         0x20000544        0x4 
                [!provide]                        PROVIDE (end = .)
                0x20000548                        PROVIDE (_end = .)
                0x20000748                        . = (. + _Min_Heap_Size)
 *fill*         0x20000548      0x200 
                0x20000b48                        . = (. + _Min_Stack_Size)
 *fill*         0x20000748      0x400 
                0x20000b48                        . = ALIGN (0x8)

/DISCARD/
 libc.a(*)
 libm.a(*)
 libgcc.a(*)

.ARM.attributes
                0x00000000       0x29
 *(.ARM.attributes)
 .ARM.attributes
                0x00000000       0x1d C:/ST/STM32CubeIDE_1.18.1/STM32CubeIDE/plugins/com.st.stm32cube.ide.mcu.externaltools.gnu-tools-for-stm32.13.3.rel1.win32_1.0.0.202411081344/tools/bin/../lib/gcc/arm-none-eabi/13.3.1/thumb/v7-m/nofp/crti.o
 .ARM.attributes
                0x0000001d       0x2d C:/ST/STM32CubeIDE_1.18.1/STM32CubeIDE/plugins/com.st.stm32cube.ide.mcu.externaltools.gnu-tools-for-stm32.13.3.rel1.win32_1.0.0.202411081344/tools/bin/../lib/gcc/arm-none-eabi/13.3.1/thumb/v7-m/nofp/crtbegin.o
 .ARM.attributes
                0x0000004a       0x2d ./Core/Src/dma.o
 .ARM.attributes
                0x00000077       0x2d ./Core/Src/gpio.o
 .ARM.attributes
                0x000000a4       0x2d ./Core/Src/main.o
 .ARM.attributes
                0x000000d1       0x2d ./Core/Src/stm32f1xx_hal_msp.o
 .ARM.attributes
                0x000000fe       0x2d ./Core/Src/stm32f1xx_it.o
 .ARM.attributes
                0x0000012b       0x2d ./Core/Src/system_stm32f1xx.o
 .ARM.attributes
                0x00000158       0x2d ./Core/Src/tim.o
 .ARM.attributes
                0x00000185       0x2d ./Core/Src/usart.o
 .ARM.attributes
                0x000001b2       0x21 ./Core/Startup/startup_stm32f103rctx.o
 .ARM.attributes
                0x000001d3       0x2d ./Drivers/STM32F1xx_HAL_Driver/Src/stm32f1xx_hal.o
 .ARM.attributes
                0x00000200       0x2d ./Drivers/STM32F1xx_HAL_Driver/Src/stm32f1xx_hal_cortex.o
 .ARM.attributes
                0x0000022d       0x2d ./Drivers/STM32F1xx_HAL_Driver/Src/stm32f1xx_hal_dma.o
 .ARM.attributes
                0x0000025a       0x2d ./Drivers/STM32F1xx_HAL_Driver/Src/stm32f1xx_hal_gpio.o
 .ARM.attributes
                0x00000287       0x2d ./Drivers/STM32F1xx_HAL_Driver/Src/stm32f1xx_hal_rcc.o
 .ARM.attributes
                0x000002b4       0x2d ./Drivers/STM32F1xx_HAL_Driver/Src/stm32f1xx_hal_tim.o
 .ARM.attributes
                0x000002e1       0x2d ./Drivers/STM32F1xx_HAL_Driver/Src/stm32f1xx_hal_tim_ex.o
 .ARM.attributes
                0x0000030e       0x2d ./Drivers/STM32F1xx_HAL_Driver/Src/stm32f1xx_hal_uart.o
 .ARM.attributes
                0x0000033b       0x2d ./MotorKontrolLibrary/Src/Motor.o
 .ARM.attributes
                0x00000368       0x2d ./PaketLibrary/Src/Paket.o
 .ARM.attributes
                0x00000395       0x2d C:/ST/STM32CubeIDE_1.18.1/STM32CubeIDE/plugins/com.st.stm32cube.ide.mcu.externaltools.gnu-tools-for-stm32.13.3.rel1.win32_1.0.0.202411081344/tools/bin/../lib/gcc/arm-none-eabi/13.3.1/../../../../arm-none-eabi/lib/thumb/v7-m/nofp\libc_nano.a(libc_a-memset.o)
 .ARM.attributes
                0x000003c2       0x2d C:/ST/STM32CubeIDE_1.18.1/STM32CubeIDE/plugins/com.st.stm32cube.ide.mcu.externaltools.gnu-tools-for-stm32.13.3.rel1.win32_1.0.0.202411081344/tools/bin/../lib/gcc/arm-none-eabi/13.3.1/../../../../arm-none-eabi/lib/thumb/v7-m/nofp\libc_nano.a(libc_a-init.o)
 .ARM.attributes
                0x000003ef       0x2d C:/ST/STM32CubeIDE_1.18.1/STM32CubeIDE/plugins/com.st.stm32cube.ide.mcu.externaltools.gnu-tools-for-stm32.13.3.rel1.win32_1.0.0.202411081344/tools/bin/../lib/gcc/arm-none-eabi/13.3.1/../../../../arm-none-eabi/lib/thumb/v7-m/nofp\libc_nano.a(libc_a-memcpy-stub.o)
 .ARM.attributes
                0x0000041c       0x1d C:/ST/STM32CubeIDE_1.18.1/STM32CubeIDE/plugins/com.st.stm32cube.ide.mcu.externaltools.gnu-tools-for-stm32.13.3.rel1.win32_1.0.0.202411081344/tools/bin/../lib/gcc/arm-none-eabi/13.3.1/thumb/v7-m/nofp\libgcc.a(_arm_addsubsf3.o)
 .ARM.attributes
                0x00000439       0x1d C:/ST/STM32CubeIDE_1.18.1/STM32CubeIDE/plugins/com.st.stm32cube.ide.mcu.externaltools.gnu-tools-for-stm32.13.3.rel1.win32_1.0.0.202411081344/tools/bin/../lib/gcc/arm-none-eabi/13.3.1/thumb/v7-m/nofp\libgcc.a(_arm_muldivsf3.o)
 .ARM.attributes
                0x00000456       0x1d C:/ST/STM32CubeIDE_1.18.1/STM32CubeIDE/plugins/com.st.stm32cube.ide.mcu.externaltools.gnu-tools-for-stm32.13.3.rel1.win32_1.0.0.202411081344/tools/bin/../lib/gcc/arm-none-eabi/13.3.1/thumb/v7-m/nofp\libgcc.a(_arm_cmpsf2.o)
 .ARM.attributes
                0x00000473       0x1d C:/ST/STM32CubeIDE_1.18.1/STM32CubeIDE/plugins/com.st.stm32cube.ide.mcu.externaltools.gnu-tools-for-stm32.13.3.rel1.win32_1.0.0.202411081344/tools/bin/../lib/gcc/arm-none-eabi/13.3.1/thumb/v7-m/nofp\libgcc.a(_arm_fixsfsi.o)
 .ARM.attributes
                0x00000490       0x1d C:/ST/STM32CubeIDE_1.18.1/STM32CubeIDE/plugins/com.st.stm32cube.ide.mcu.externaltools.gnu-tools-for-stm32.13.3.rel1.win32_1.0.0.202411081344/tools/bin/../lib/gcc/arm-none-eabi/13.3.1/thumb/v7-m/nofp/crtn.o
OUTPUT(OAGP_MKU.elf elf32-littlearm)
LOAD linker stubs
LOAD C:/ST/STM32CubeIDE_1.18.1/STM32CubeIDE/plugins/com.st.stm32cube.ide.mcu.externaltools.gnu-tools-for-stm32.13.3.rel1.win32_1.0.0.202411081344/tools/bin/../lib/gcc/arm-none-eabi/13.3.1/../../../../arm-none-eabi/lib/thumb/v7-m/nofp\libc.a
LOAD C:/ST/STM32CubeIDE_1.18.1/STM32CubeIDE/plugins/com.st.stm32cube.ide.mcu.externaltools.gnu-tools-for-stm32.13.3.rel1.win32_1.0.0.202411081344/tools/bin/../lib/gcc/arm-none-eabi/13.3.1/../../../../arm-none-eabi/lib/thumb/v7-m/nofp\libm.a
LOAD C:/ST/STM32CubeIDE_1.18.1/STM32CubeIDE/plugins/com.st.stm32cube.ide.mcu.externaltools.gnu-tools-for-stm32.13.3.rel1.win32_1.0.0.202411081344/tools/bin/../lib/gcc/arm-none-eabi/13.3.1/thumb/v7-m/nofp\libgcc.a

.debug_info     0x00000000     0xf38b
 .debug_info    0x00000000      0x335 ./Core/Src/dma.o
 .debug_info    0x00000335      0x4b4 ./Core/Src/gpio.o
 .debug_info    0x000007e9     0x1766 ./Core/Src/main.o
 .debug_info    0x00001f4f      0x1f1 ./Core/Src/stm32f1xx_hal_msp.o
 .debug_info    0x00002140      0x9c8 ./Core/Src/stm32f1xx_it.o
 .debug_info    0x00002b08      0x222 ./Core/Src/system_stm32f1xx.o
 .debug_info    0x00002d2a      0xdfc ./Core/Src/tim.o
 .debug_info    0x00003b26      0x9db ./Core/Src/usart.o
 .debug_info    0x00004501       0x30 ./Core/Startup/startup_stm32f103rctx.o
 .debug_info    0x00004531      0x76a ./Drivers/STM32F1xx_HAL_Driver/Src/stm32f1xx_hal.o
 .debug_info    0x00004c9b      0xaed ./Drivers/STM32F1xx_HAL_Driver/Src/stm32f1xx_hal_cortex.o
 .debug_info    0x00005788      0x6d2 ./Drivers/STM32F1xx_HAL_Driver/Src/stm32f1xx_hal_dma.o
 .debug_info    0x00005e5a      0x5ab ./Drivers/STM32F1xx_HAL_Driver/Src/stm32f1xx_hal_gpio.o
 .debug_info    0x00006405      0x7d5 ./Drivers/STM32F1xx_HAL_Driver/Src/stm32f1xx_hal_rcc.o
 .debug_info    0x00006bda     0x2959 ./Drivers/STM32F1xx_HAL_Driver/Src/stm32f1xx_hal_tim.o
 .debug_info    0x00009533     0x149b ./Drivers/STM32F1xx_HAL_Driver/Src/stm32f1xx_hal_tim_ex.o
 .debug_info    0x0000a9ce     0x2eed ./Drivers/STM32F1xx_HAL_Driver/Src/stm32f1xx_hal_uart.o
 .debug_info    0x0000d8bb      0xd95 ./MotorKontrolLibrary/Src/Motor.o
 .debug_info    0x0000e650      0xd3b ./PaketLibrary/Src/Paket.o

.debug_abbrev   0x00000000     0x27e5
 .debug_abbrev  0x00000000       0xfc ./Core/Src/dma.o
 .debug_abbrev  0x000000fc      0x161 ./Core/Src/gpio.o
 .debug_abbrev  0x0000025d      0x392 ./Core/Src/main.o
 .debug_abbrev  0x000005ef       0xdb ./Core/Src/stm32f1xx_hal_msp.o
 .debug_abbrev  0x000006ca      0x1cb ./Core/Src/stm32f1xx_it.o
 .debug_abbrev  0x00000895      0x13f ./Core/Src/system_stm32f1xx.o
 .debug_abbrev  0x000009d4      0x2ba ./Core/Src/tim.o
 .debug_abbrev  0x00000c8e      0x21b ./Core/Src/usart.o
 .debug_abbrev  0x00000ea9       0x24 ./Core/Startup/startup_stm32f103rctx.o
 .debug_abbrev  0x00000ecd      0x201 ./Drivers/STM32F1xx_HAL_Driver/Src/stm32f1xx_hal.o
 .debug_abbrev  0x000010ce      0x2f8 ./Drivers/STM32F1xx_HAL_Driver/Src/stm32f1xx_hal_cortex.o
 .debug_abbrev  0x000013c6      0x20b ./Drivers/STM32F1xx_HAL_Driver/Src/stm32f1xx_hal_dma.o
 .debug_abbrev  0x000015d1      0x1ca ./Drivers/STM32F1xx_HAL_Driver/Src/stm32f1xx_hal_gpio.o
 .debug_abbrev  0x0000179b      0x2b3 ./Drivers/STM32F1xx_HAL_Driver/Src/stm32f1xx_hal_rcc.o
 .debug_abbrev  0x00001a4e      0x277 ./Drivers/STM32F1xx_HAL_Driver/Src/stm32f1xx_hal_tim.o
 .debug_abbrev  0x00001cc5      0x282 ./Drivers/STM32F1xx_HAL_Driver/Src/stm32f1xx_hal_tim_ex.o
 .debug_abbrev  0x00001f47      0x2f8 ./Drivers/STM32F1xx_HAL_Driver/Src/stm32f1xx_hal_uart.o
 .debug_abbrev  0x0000223f      0x2c0 ./MotorKontrolLibrary/Src/Motor.o
 .debug_abbrev  0x000024ff      0x2e6 ./PaketLibrary/Src/Paket.o

.debug_aranges  0x00000000      0xd80
 .debug_aranges
                0x00000000       0x20 ./Core/Src/dma.o
 .debug_aranges
                0x00000020       0x20 ./Core/Src/gpio.o
 .debug_aranges
                0x00000040       0x60 ./Core/Src/main.o
 .debug_aranges
                0x000000a0       0x20 ./Core/Src/stm32f1xx_hal_msp.o
 .debug_aranges
                0x000000c0       0x90 ./Core/Src/stm32f1xx_it.o
 .debug_aranges
                0x00000150       0x28 ./Core/Src/system_stm32f1xx.o
 .debug_aranges
                0x00000178       0x58 ./Core/Src/tim.o
 .debug_aranges
                0x000001d0       0x30 ./Core/Src/usart.o
 .debug_aranges
                0x00000200       0x28 ./Core/Startup/startup_stm32f103rctx.o
 .debug_aranges
                0x00000228       0xe0 ./Drivers/STM32F1xx_HAL_Driver/Src/stm32f1xx_hal.o
 .debug_aranges
                0x00000308      0x100 ./Drivers/STM32F1xx_HAL_Driver/Src/stm32f1xx_hal_cortex.o
 .debug_aranges
                0x00000408       0x80 ./Drivers/STM32F1xx_HAL_Driver/Src/stm32f1xx_hal_dma.o
 .debug_aranges
                0x00000488       0x58 ./Drivers/STM32F1xx_HAL_Driver/Src/stm32f1xx_hal_gpio.o
 .debug_aranges
                0x000004e0       0x90 ./Drivers/STM32F1xx_HAL_Driver/Src/stm32f1xx_hal_rcc.o
 .debug_aranges
                0x00000570      0x3d0 ./Drivers/STM32F1xx_HAL_Driver/Src/stm32f1xx_hal_tim.o
 .debug_aranges
                0x00000940      0x168 ./Drivers/STM32F1xx_HAL_Driver/Src/stm32f1xx_hal_tim_ex.o
 .debug_aranges
                0x00000aa8      0x208 ./Drivers/STM32F1xx_HAL_Driver/Src/stm32f1xx_hal_uart.o
 .debug_aranges
                0x00000cb0       0x50 ./MotorKontrolLibrary/Src/Motor.o
 .debug_aranges
                0x00000d00       0x80 ./PaketLibrary/Src/Paket.o

.debug_rnglists
                0x00000000      0xa7f
 .debug_rnglists
                0x00000000       0x13 ./Core/Src/dma.o
 .debug_rnglists
                0x00000013       0x14 ./Core/Src/gpio.o
 .debug_rnglists
                0x00000027       0x47 ./Core/Src/main.o
 .debug_rnglists
                0x0000006e       0x13 ./Core/Src/stm32f1xx_hal_msp.o
 .debug_rnglists
                0x00000081       0x67 ./Core/Src/stm32f1xx_it.o
 .debug_rnglists
                0x000000e8       0x1a ./Core/Src/system_stm32f1xx.o
 .debug_rnglists
                0x00000102       0x41 ./Core/Src/tim.o
 .debug_rnglists
                0x00000143       0x20 ./Core/Src/usart.o
 .debug_rnglists
                0x00000163       0x19 ./Core/Startup/startup_stm32f103rctx.o
 .debug_rnglists
                0x0000017c       0xa3 ./Drivers/STM32F1xx_HAL_Driver/Src/stm32f1xx_hal.o
 .debug_rnglists
                0x0000021f       0xbb ./Drivers/STM32F1xx_HAL_Driver/Src/stm32f1xx_hal_cortex.o
 .debug_rnglists
                0x000002da       0x64 ./Drivers/STM32F1xx_HAL_Driver/Src/stm32f1xx_hal_dma.o
 .debug_rnglists
                0x0000033e       0x3f ./Drivers/STM32F1xx_HAL_Driver/Src/stm32f1xx_hal_gpio.o
 .debug_rnglists
                0x0000037d       0x6c ./Drivers/STM32F1xx_HAL_Driver/Src/stm32f1xx_hal_rcc.o
 .debug_rnglists
                0x000003e9      0x31a ./Drivers/STM32F1xx_HAL_Driver/Src/stm32f1xx_hal_tim.o
 .debug_rnglists
                0x00000703      0x125 ./Drivers/STM32F1xx_HAL_Driver/Src/stm32f1xx_hal_tim_ex.o
 .debug_rnglists
                0x00000828      0x1bc ./Drivers/STM32F1xx_HAL_Driver/Src/stm32f1xx_hal_uart.o
 .debug_rnglists
                0x000009e4       0x3d ./MotorKontrolLibrary/Src/Motor.o
 .debug_rnglists
                0x00000a21       0x5e ./PaketLibrary/Src/Paket.o

.debug_macro    0x00000000    0x1bc65
 .debug_macro   0x00000000      0x1bc ./Core/Src/dma.o
 .debug_macro   0x000001bc      0xacc ./Core/Src/dma.o
 .debug_macro   0x00000c88      0x221 ./Core/Src/dma.o
 .debug_macro   0x00000ea9       0x2e ./Core/Src/dma.o
 .debug_macro   0x00000ed7       0x22 ./Core/Src/dma.o
 .debug_macro   0x00000ef9       0x22 ./Core/Src/dma.o
 .debug_macro   0x00000f1b       0x8e ./Core/Src/dma.o
 .debug_macro   0x00000fa9       0x51 ./Core/Src/dma.o
 .debug_macro   0x00000ffa      0x103 ./Core/Src/dma.o
 .debug_macro   0x000010fd       0x6a ./Core/Src/dma.o
 .debug_macro   0x00001167      0x1df ./Core/Src/dma.o
 .debug_macro   0x00001346       0x1c ./Core/Src/dma.o
 .debug_macro   0x00001362       0x22 ./Core/Src/dma.o
 .debug_macro   0x00001384       0xbd ./Core/Src/dma.o
 .debug_macro   0x00001441      0xd23 ./Core/Src/dma.o
 .debug_macro   0x00002164     0xfd8c ./Core/Src/dma.o
 .debug_macro   0x00011ef0       0x6d ./Core/Src/dma.o
 .debug_macro   0x00011f5d     0x34a2 ./Core/Src/dma.o
 .debug_macro   0x000153ff      0x190 ./Core/Src/dma.o
 .debug_macro   0x0001558f       0x5c ./Core/Src/dma.o
 .debug_macro   0x000155eb      0x5bc ./Core/Src/dma.o
 .debug_macro   0x00015ba7      0x4d5 ./Core/Src/dma.o
 .debug_macro   0x0001607c      0x1cb ./Core/Src/dma.o
 .debug_macro   0x00016247      0x114 ./Core/Src/dma.o
 .debug_macro   0x0001635b      0x1ea ./Core/Src/dma.o
 .debug_macro   0x00016545       0x27 ./Core/Src/dma.o
 .debug_macro   0x0001656c      0x144 ./Core/Src/dma.o
 .debug_macro   0x000166b0      0x1bc ./Core/Src/dma.o
 .debug_macro   0x0001686c       0x30 ./Core/Src/dma.o
 .debug_macro   0x0001689c       0x3c ./Core/Src/dma.o
 .debug_macro   0x000168d8       0x57 ./Core/Src/dma.o
 .debug_macro   0x0001692f       0x87 ./Core/Src/dma.o
 .debug_macro   0x000169b6      0x24f ./Core/Src/dma.o
 .debug_macro   0x00016c05      0x140 ./Core/Src/dma.o
 .debug_macro   0x00016d45      0x8ed ./Core/Src/dma.o
 .debug_macro   0x00017632      0x28e ./Core/Src/dma.o
 .debug_macro   0x000178c0       0xb5 ./Core/Src/dma.o
 .debug_macro   0x00017975      0x10c ./Core/Src/dma.o
 .debug_macro   0x00017a81      0x1bc ./Core/Src/gpio.o
 .debug_macro   0x00017c3d      0x2dc ./Core/Src/main.o
 .debug_macro   0x00017f19      0xba4 ./Core/Src/main.o
 .debug_macro   0x00018abd       0x1c ./Core/Src/main.o
 .debug_macro   0x00018ad9      0xd23 ./Core/Src/main.o
 .debug_macro   0x000197fc      0x197 ./Core/Src/main.o
 .debug_macro   0x00019993       0x22 ./Core/Src/main.o
 .debug_macro   0x000199b5       0x61 ./Core/Src/main.o
 .debug_macro   0x00019a16       0x24 ./Core/Src/main.o
 .debug_macro   0x00019a3a       0x43 ./Core/Src/main.o
 .debug_macro   0x00019a7d       0x34 ./Core/Src/main.o
 .debug_macro   0x00019ab1      0x38c ./Core/Src/main.o
 .debug_macro   0x00019e3d       0x16 ./Core/Src/main.o
 .debug_macro   0x00019e53       0x4a ./Core/Src/main.o
 .debug_macro   0x00019e9d       0x34 ./Core/Src/main.o
 .debug_macro   0x00019ed1       0x10 ./Core/Src/main.o
 .debug_macro   0x00019ee1       0x58 ./Core/Src/main.o
 .debug_macro   0x00019f39       0x8e ./Core/Src/main.o
 .debug_macro   0x00019fc7       0x16 ./Core/Src/main.o
 .debug_macro   0x00019fdd      0x185 ./Core/Src/main.o
 .debug_macro   0x0001a162       0x10 ./Core/Src/main.o
 .debug_macro   0x0001a172       0x3c ./Core/Src/main.o
 .debug_macro   0x0001a1ae       0x20 ./Core/Src/main.o
 .debug_macro   0x0001a1ce      0x1b2 ./Core/Src/stm32f1xx_hal_msp.o
 .debug_macro   0x0001a380      0x1bc ./Core/Src/stm32f1xx_it.o
 .debug_macro   0x0001a53c      0x1a3 ./Core/Src/system_stm32f1xx.o
 .debug_macro   0x0001a6df      0x1bc ./Core/Src/tim.o
 .debug_macro   0x0001a89b      0x1bc ./Core/Src/usart.o
 .debug_macro   0x0001aa57      0x1c7 ./Drivers/STM32F1xx_HAL_Driver/Src/stm32f1xx_hal.o
 .debug_macro   0x0001ac1e      0x1a3 ./Drivers/STM32F1xx_HAL_Driver/Src/stm32f1xx_hal_cortex.o
 .debug_macro   0x0001adc1      0x1a3 ./Drivers/STM32F1xx_HAL_Driver/Src/stm32f1xx_hal_dma.o
 .debug_macro   0x0001af64      0x20e ./Drivers/STM32F1xx_HAL_Driver/Src/stm32f1xx_hal_gpio.o
 .debug_macro   0x0001b172      0x1b5 ./Drivers/STM32F1xx_HAL_Driver/Src/stm32f1xx_hal_rcc.o
 .debug_macro   0x0001b327      0x1a4 ./Drivers/STM32F1xx_HAL_Driver/Src/stm32f1xx_hal_tim.o
 .debug_macro   0x0001b4cb      0x1a3 ./Drivers/STM32F1xx_HAL_Driver/Src/stm32f1xx_hal_tim_ex.o
 .debug_macro   0x0001b66e      0x1a4 ./Drivers/STM32F1xx_HAL_Driver/Src/stm32f1xx_hal_uart.o
 .debug_macro   0x0001b812      0x1b7 ./MotorKontrolLibrary/Src/Motor.o
 .debug_macro   0x0001b9c9       0x1c ./MotorKontrolLibrary/Src/Motor.o
 .debug_macro   0x0001b9e5      0x280 ./PaketLibrary/Src/Paket.o

.debug_line     0x00000000    0x1127b
 .debug_line    0x00000000      0x6fa ./Core/Src/dma.o
 .debug_line    0x000006fa      0x732 ./Core/Src/gpio.o
 .debug_line    0x00000e2c      0xbbf ./Core/Src/main.o
 .debug_line    0x000019eb      0x6fd ./Core/Src/stm32f1xx_hal_msp.o
 .debug_line    0x000020e8      0x83f ./Core/Src/stm32f1xx_it.o
 .debug_line    0x00002927      0x77b ./Core/Src/system_stm32f1xx.o
 .debug_line    0x000030a2      0x979 ./Core/Src/tim.o
 .debug_line    0x00003a1b      0x7c1 ./Core/Src/usart.o
 .debug_line    0x000041dc       0x79 ./Core/Startup/startup_stm32f103rctx.o
 .debug_line    0x00004255      0x9ac ./Drivers/STM32F1xx_HAL_Driver/Src/stm32f1xx_hal.o
 .debug_line    0x00004c01      0xb76 ./Drivers/STM32F1xx_HAL_Driver/Src/stm32f1xx_hal_cortex.o
 .debug_line    0x00005777     0x12b0 ./Drivers/STM32F1xx_HAL_Driver/Src/stm32f1xx_hal_dma.o
 .debug_line    0x00006a27      0xa31 ./Drivers/STM32F1xx_HAL_Driver/Src/stm32f1xx_hal_gpio.o
 .debug_line    0x00007458      0xe65 ./Drivers/STM32F1xx_HAL_Driver/Src/stm32f1xx_hal_rcc.o
 .debug_line    0x000082bd     0x36ca ./Drivers/STM32F1xx_HAL_Driver/Src/stm32f1xx_hal_tim.o
 .debug_line    0x0000b987     0x18d6 ./Drivers/STM32F1xx_HAL_Driver/Src/stm32f1xx_hal_tim_ex.o
 .debug_line    0x0000d25d     0x24c8 ./Drivers/STM32F1xx_HAL_Driver/Src/stm32f1xx_hal_uart.o
 .debug_line    0x0000f725      0xfe0 ./MotorKontrolLibrary/Src/Motor.o
 .debug_line    0x00010705      0xb76 ./PaketLibrary/Src/Paket.o

.debug_str      0x00000000    0x99475
 .debug_str     0x00000000    0x99475 ./Core/Src/dma.o
                              0x9229a (size before relaxing)
 .debug_str     0x00099475    0x92343 ./Core/Src/gpio.o
 .debug_str     0x00099475    0x96a9c ./Core/Src/main.o
 .debug_str     0x00099475    0x91ee0 ./Core/Src/stm32f1xx_hal_msp.o
 .debug_str     0x00099475    0x926da ./Core/Src/stm32f1xx_it.o
 .debug_str     0x00099475    0x91adb ./Core/Src/system_stm32f1xx.o
 .debug_str     0x00099475    0x92b11 ./Core/Src/tim.o
 .debug_str     0x00099475    0x927d9 ./Core/Src/usart.o
 .debug_str     0x00099475       0x7e ./Core/Startup/startup_stm32f103rctx.o
 .debug_str     0x00099475    0x922f2 ./Drivers/STM32F1xx_HAL_Driver/Src/stm32f1xx_hal.o
 .debug_str     0x00099475    0x9223e ./Drivers/STM32F1xx_HAL_Driver/Src/stm32f1xx_hal_cortex.o
 .debug_str     0x00099475    0x91e84 ./Drivers/STM32F1xx_HAL_Driver/Src/stm32f1xx_hal_dma.o
 .debug_str     0x00099475    0x91e61 ./Drivers/STM32F1xx_HAL_Driver/Src/stm32f1xx_hal_gpio.o
 .debug_str     0x00099475    0x91f0a ./Drivers/STM32F1xx_HAL_Driver/Src/stm32f1xx_hal_rcc.o
 .debug_str     0x00099475    0x92f0c ./Drivers/STM32F1xx_HAL_Driver/Src/stm32f1xx_hal_tim.o
 .debug_str     0x00099475    0x92718 ./Drivers/STM32F1xx_HAL_Driver/Src/stm32f1xx_hal_tim_ex.o
 .debug_str     0x00099475    0x9257b ./Drivers/STM32F1xx_HAL_Driver/Src/stm32f1xx_hal_uart.o
 .debug_str     0x00099475    0x9293e ./MotorKontrolLibrary/Src/Motor.o
 .debug_str     0x00099475    0x95a5f ./PaketLibrary/Src/Paket.o

.comment        0x00000000       0x43
 .comment       0x00000000       0x43 ./Core/Src/dma.o
                                 0x44 (size before relaxing)
 .comment       0x00000043       0x44 ./Core/Src/gpio.o
 .comment       0x00000043       0x44 ./Core/Src/main.o
 .comment       0x00000043       0x44 ./Core/Src/stm32f1xx_hal_msp.o
 .comment       0x00000043       0x44 ./Core/Src/stm32f1xx_it.o
 .comment       0x00000043       0x44 ./Core/Src/system_stm32f1xx.o
 .comment       0x00000043       0x44 ./Core/Src/tim.o
 .comment       0x00000043       0x44 ./Core/Src/usart.o
 .comment       0x00000043       0x44 ./Drivers/STM32F1xx_HAL_Driver/Src/stm32f1xx_hal.o
 .comment       0x00000043       0x44 ./Drivers/STM32F1xx_HAL_Driver/Src/stm32f1xx_hal_cortex.o
 .comment       0x00000043       0x44 ./Drivers/STM32F1xx_HAL_Driver/Src/stm32f1xx_hal_dma.o
 .comment       0x00000043       0x44 ./Drivers/STM32F1xx_HAL_Driver/Src/stm32f1xx_hal_gpio.o
 .comment       0x00000043       0x44 ./Drivers/STM32F1xx_HAL_Driver/Src/stm32f1xx_hal_rcc.o
 .comment       0x00000043       0x44 ./Drivers/STM32F1xx_HAL_Driver/Src/stm32f1xx_hal_tim.o
 .comment       0x00000043       0x44 ./Drivers/STM32F1xx_HAL_Driver/Src/stm32f1xx_hal_tim_ex.o
 .comment       0x00000043       0x44 ./Drivers/STM32F1xx_HAL_Driver/Src/stm32f1xx_hal_uart.o
 .comment       0x00000043       0x44 ./MotorKontrolLibrary/Src/Motor.o
 .comment       0x00000043       0x44 ./PaketLibrary/Src/Paket.o

.debug_frame    0x00000000     0x3894
 .debug_frame   0x00000000       0x34 ./Core/Src/dma.o
 .debug_frame   0x00000034       0x34 ./Core/Src/gpio.o
 .debug_frame   0x00000068      0x140 ./Core/Src/main.o
 .debug_frame   0x000001a8       0x38 ./Core/Src/stm32f1xx_hal_msp.o
 .debug_frame   0x000001e0      0x1ac ./Core/Src/stm32f1xx_it.o
 .debug_frame   0x0000038c       0x58 ./Core/Src/system_stm32f1xx.o
 .debug_frame   0x000003e4      0x138 ./Core/Src/tim.o
 .debug_frame   0x0000051c       0x74 ./Core/Src/usart.o
 .debug_frame   0x00000590      0x334 ./Drivers/STM32F1xx_HAL_Driver/Src/stm32f1xx_hal.o
 .debug_frame   0x000008c4      0x428 ./Drivers/STM32F1xx_HAL_Driver/Src/stm32f1xx_hal_cortex.o
 .debug_frame   0x00000cec      0x20c ./Drivers/STM32F1xx_HAL_Driver/Src/stm32f1xx_hal_dma.o
 .debug_frame   0x00000ef8      0x14c ./Drivers/STM32F1xx_HAL_Driver/Src/stm32f1xx_hal_gpio.o
 .debug_frame   0x00001044      0x218 ./Drivers/STM32F1xx_HAL_Driver/Src/stm32f1xx_hal_rcc.o
 .debug_frame   0x0000125c     0x11b8 ./Drivers/STM32F1xx_HAL_Driver/Src/stm32f1xx_hal_tim.o
 .debug_frame   0x00002414      0x638 ./Drivers/STM32F1xx_HAL_Driver/Src/stm32f1xx_hal_tim_ex.o
 .debug_frame   0x00002a4c      0x944 ./Drivers/STM32F1xx_HAL_Driver/Src/stm32f1xx_hal_uart.o
 .debug_frame   0x00003390      0x118 ./MotorKontrolLibrary/Src/Motor.o
 .debug_frame   0x000034a8      0x208 ./PaketLibrary/Src/Paket.o
 .debug_frame   0x000036b0       0x20 C:/ST/STM32CubeIDE_1.18.1/STM32CubeIDE/plugins/com.st.stm32cube.ide.mcu.externaltools.gnu-tools-for-stm32.13.3.rel1.win32_1.0.0.202411081344/tools/bin/../lib/gcc/arm-none-eabi/13.3.1/../../../../arm-none-eabi/lib/thumb/v7-m/nofp\libc_nano.a(libc_a-memset.o)
 .debug_frame   0x000036d0       0x2c C:/ST/STM32CubeIDE_1.18.1/STM32CubeIDE/plugins/com.st.stm32cube.ide.mcu.externaltools.gnu-tools-for-stm32.13.3.rel1.win32_1.0.0.202411081344/tools/bin/../lib/gcc/arm-none-eabi/13.3.1/../../../../arm-none-eabi/lib/thumb/v7-m/nofp\libc_nano.a(libc_a-init.o)
 .debug_frame   0x000036fc       0x28 C:/ST/STM32CubeIDE_1.18.1/STM32CubeIDE/plugins/com.st.stm32cube.ide.mcu.externaltools.gnu-tools-for-stm32.13.3.rel1.win32_1.0.0.202411081344/tools/bin/../lib/gcc/arm-none-eabi/13.3.1/../../../../arm-none-eabi/lib/thumb/v7-m/nofp\libc_nano.a(libc_a-memcpy-stub.o)
 .debug_frame   0x00003724       0x4c C:/ST/STM32CubeIDE_1.18.1/STM32CubeIDE/plugins/com.st.stm32cube.ide.mcu.externaltools.gnu-tools-for-stm32.13.3.rel1.win32_1.0.0.202411081344/tools/bin/../lib/gcc/arm-none-eabi/13.3.1/thumb/v7-m/nofp\libgcc.a(_arm_addsubsf3.o)
 .debug_frame   0x00003770       0x38 C:/ST/STM32CubeIDE_1.18.1/STM32CubeIDE/plugins/com.st.stm32cube.ide.mcu.externaltools.gnu-tools-for-stm32.13.3.rel1.win32_1.0.0.202411081344/tools/bin/../lib/gcc/arm-none-eabi/13.3.1/thumb/v7-m/nofp\libgcc.a(_arm_muldivsf3.o)
 .debug_frame   0x000037a8       0xc8 C:/ST/STM32CubeIDE_1.18.1/STM32CubeIDE/plugins/com.st.stm32cube.ide.mcu.externaltools.gnu-tools-for-stm32.13.3.rel1.win32_1.0.0.202411081344/tools/bin/../lib/gcc/arm-none-eabi/13.3.1/thumb/v7-m/nofp\libgcc.a(_arm_cmpsf2.o)
 .debug_frame   0x00003870       0x24 C:/ST/STM32CubeIDE_1.18.1/STM32CubeIDE/plugins/com.st.stm32cube.ide.mcu.externaltools.gnu-tools-for-stm32.13.3.rel1.win32_1.0.0.202411081344/tools/bin/../lib/gcc/arm-none-eabi/13.3.1/thumb/v7-m/nofp\libgcc.a(_arm_fixsfsi.o)

.debug_line_str
                0x00000000       0x62
 .debug_line_str
                0x00000000       0x62 ./Core/Startup/startup_stm32f103rctx.o
