C:/Users/T_rab/OneDrive/Desktop/STM32/OAGP/OAGP_MKU/MotorKontrolLibrary/Inc/Motor.h:69:20:MotorDirection Motor::getDirection() const	16	static
../Core/Src/main.cpp:124:5:int main()	8	static
../Core/Src/main.cpp:281:6:void SystemClock_Config()	72	static
../Core/Src/main.cpp:315:6:void HAL_GPIO_EXTI_Callback(uint16_t)	16	static
../Core/Src/main.cpp:328:6:void HAL_TIM_PeriodElapsedCallback(TIM_HandleTypeDef*)	16	static
../Core/Src/main.cpp:354:6:void HAL_UART_RxCpltCallback(UART_HandleTypeDef*)	16	static
../Core/Src/main.cpp:369:6:void Error_Handler()	4	static,ignoring_inline_asm
../Core/Src/main.cpp:378:1:void __static_initialization_and_destruction_0()	64	static
../Core/Src/main.cpp:378:1:cpp)	8	static
