../Core/Src/freertos.cpp:146:6:void vApplicationGetIdleTaskMemory(StaticTask_t**, StackType_t**, uint32_t*)	24	static
../Core/Src/freertos.cpp:160:6:void MX_FREERTOS_Init()	184	static
../Core/Src/freertos.cpp:219:6:void StartDefaultTask(const void*)	24	static
../Core/Src/freertos.cpp:266:6:void StartPaketTask(const void*)	24	static
../Core/Src/freertos.cpp:412:6:void StartImuTask(const void*)	32	static
../Core/Src/freertos.cpp:452:14:float normalizeAngle(float)	16	static
../Core/Src/freertos.cpp:459:14:float constrain(float, float, float)	24	static
../Core/Src/freertos.cpp:466:14:float RPMdenHiz(float)	16	static
../Core/Src/freertos.cpp:485:6:void StartKontrolTask(const void*)	32	static
../Core/Src/freertos.cpp:540:6:void StartKonumTask(const void*)	40	static
../Core/Src/freertos.cpp:571:6:void StartKalmanTask(const void*)	144	static
../Core/Src/freertos.cpp:641:1:void __static_initialization_and_destruction_0()	16	static
../Core/Src/freertos.cpp:641:1:cpp)	8	static
