../Core/Src/freertos.cpp:128:6:void vApplicationGetIdleTaskMemory(StaticTask_t**, StackType_t**, uint32_t*)	24	static
../Core/Src/freertos.cpp:142:6:void MX_FREERTOS_Init()	128	static
../Core/Src/freertos.cpp:193:6:void StartDefaultTask(const void*)	24	static
../Core/Src/freertos.cpp:231:6:void StartPaketTask(const void*)	24	static
../Core/Src/freertos.cpp:350:6:void StartImuTask(const void*)	32	static
../Core/Src/freertos.cpp:380:6:void StartKonumTask(const void*)	24	static
../Core/Src/freertos.cpp:408:1:void __static_initialization_and_destruction_0()	16	static
../Core/Src/freertos.cpp:408:1:cpp)	8	static
