C:/Users/T_rab/OneDrive/Desktop/STM32/OAGP/OAGP_ANKU/GpsLibrary/Inc/Kontrol.h:19:10:void KontrolLibrary::SetHeading(float)	16	static
C:/Users/T_rab/OneDrive/Desktop/STM32/OAGP/OAGP_ANKU/GpsLibrary/Inc/Kontrol.h:20:10:void KontrolLibrary::SetKonum(float, float)	24	static
C:/Users/T_rab/OneDrive/Desktop/STM32/OAGP/OAGP_ANKU/GpsLibrary/Inc/Kontrol.h:21:10:void KontrolLibrary::SetHedef(float, float)	24	static
../Core/Src/freertos.cpp:147:6:void vApplicationGetIdleTaskMemory(StaticTask_t**, StackType_t**, uint32_t*)	24	static
../Core/Src/freertos.cpp:161:6:void MX_FREERTOS_Init()	184	static
../Core/Src/freertos.cpp:220:6:void StartDefaultTask(const void*)	24	static
../Core/Src/freertos.cpp:254:6:void StartPaketTask(const void*)	24	static
../Core/Src/freertos.cpp:381:6:void StartImuTask(const void*)	32	static
../Core/Src/freertos.cpp:411:6:void StartKontrolTask(const void*)	24	static
../Core/Src/freertos.cpp:444:6:void StartKonumTask(const void*)	40	static
../Core/Src/freertos.cpp:489:6:void StartKalmanTask(const void*)	144	static
../Core/Src/freertos.cpp:559:1:void __static_initialization_and_destruction_0()	16	static
../Core/Src/freertos.cpp:559:1:cpp)	8	static
