../Core/Src/main.cpp:104:5:int main()	8	static
../Core/Src/main.cpp:178:6:void SystemClock_Config()	88	static
../Core/Src/main.cpp:220:6:void HAL_UART_RxCpltCallback(UART_HandleTypeDef*)	16	static
../Core/Src/main.cpp:240:6:void HAL_UART_TxCpltCallback(UART_HandleTypeDef*)	16	static
../Core/Src/main.cpp:272:6:void HAL_TIM_PeriodElapsedCallback(TIM_HandleTypeDef*)	16	static
../Core/Src/main.cpp:290:6:void Error_Handler()	4	static,ignoring_inline_asm
../Core/Src/main.cpp:299:1:void __static_initialization_and_destruction_0()	8	static
../Core/Src/main.cpp:299:1:cpp)	8	static
