../Core/Src/main.cpp:116:5:int main()	8	static
../Core/Src/main.cpp:190:6:void SystemClock_Config()	88	static
../Core/Src/main.cpp:233:6:void HAL_UART_ErrorCallback(UART_HandleTypeDef*)	64	static
../Core/Src/main.cpp:273:6:void HAL_UART_RxCpltCallback(UART_HandleTypeDef*)	16	static
../Core/Src/main.cpp:293:6:void HAL_UART_TxCpltCallback(UART_HandleTypeDef*)	32	static
../Core/Src/main.cpp:370:6:void HAL_TIM_PeriodElapsedCallback(TIM_HandleTypeDef*)	16	static
../Core/Src/main.cpp:388:6:void Error_Handler()	4	static,ignoring_inline_asm
../Core/Src/main.cpp:397:1:void __static_initialization_and_destruction_0()	8	static
../Core/Src/main.cpp:397:1:cpp)	8	static
