Archive member included to satisfy reference by file (symbol)

C:/ST/STM32CubeIDE_1.18.1/STM32CubeIDE/plugins/com.st.stm32cube.ide.mcu.externaltools.gnu-tools-for-stm32.13.3.rel1.win32_1.0.0.202411081344/tools/bin/../lib/gcc/arm-none-eabi/13.3.1/../../../../arm-none-eabi/lib/thumb/v7e-m+fp/hard\libm.a(libm_a-w_atan2.o)
                              ./Core/Src/lwgps.o (atan2)
C:/ST/STM32CubeIDE_1.18.1/STM32CubeIDE/plugins/com.st.stm32cube.ide.mcu.externaltools.gnu-tools-for-stm32.13.3.rel1.win32_1.0.0.202411081344/tools/bin/../lib/gcc/arm-none-eabi/13.3.1/../../../../arm-none-eabi/lib/thumb/v7e-m+fp/hard\libm.a(libm_a-w_sqrt.o)
                              ./Core/Src/lwgps.o (sqrt)
C:/ST/STM32CubeIDE_1.18.1/STM32CubeIDE/plugins/com.st.stm32cube.ide.mcu.externaltools.gnu-tools-for-stm32.13.3.rel1.win32_1.0.0.202411081344/tools/bin/../lib/gcc/arm-none-eabi/13.3.1/../../../../arm-none-eabi/lib/thumb/v7e-m+fp/hard\libm.a(libm_a-s_cos.o)
                              ./Core/Src/lwgps.o (cos)
C:/ST/STM32CubeIDE_1.18.1/STM32CubeIDE/plugins/com.st.stm32cube.ide.mcu.externaltools.gnu-tools-for-stm32.13.3.rel1.win32_1.0.0.202411081344/tools/bin/../lib/gcc/arm-none-eabi/13.3.1/../../../../arm-none-eabi/lib/thumb/v7e-m+fp/hard\libm.a(libm_a-s_sin.o)
                              ./Core/Src/lwgps.o (sin)
C:/ST/STM32CubeIDE_1.18.1/STM32CubeIDE/plugins/com.st.stm32cube.ide.mcu.externaltools.gnu-tools-for-stm32.13.3.rel1.win32_1.0.0.202411081344/tools/bin/../lib/gcc/arm-none-eabi/13.3.1/../../../../arm-none-eabi/lib/thumb/v7e-m+fp/hard\libm.a(libm_a-wf_asin.o)
                              ./ImuLibrary/Src/Madgwick.o (asinf)
C:/ST/STM32CubeIDE_1.18.1/STM32CubeIDE/plugins/com.st.stm32cube.ide.mcu.externaltools.gnu-tools-for-stm32.13.3.rel1.win32_1.0.0.202411081344/tools/bin/../lib/gcc/arm-none-eabi/13.3.1/../../../../arm-none-eabi/lib/thumb/v7e-m+fp/hard\libm.a(libm_a-wf_atan2.o)
                              ./ImuLibrary/Src/Madgwick.o (atan2f)
C:/ST/STM32CubeIDE_1.18.1/STM32CubeIDE/plugins/com.st.stm32cube.ide.mcu.externaltools.gnu-tools-for-stm32.13.3.rel1.win32_1.0.0.202411081344/tools/bin/../lib/gcc/arm-none-eabi/13.3.1/../../../../arm-none-eabi/lib/thumb/v7e-m+fp/hard\libm.a(libm_a-wf_sqrt.o)
                              ./ImuLibrary/Src/Madgwick.o (sqrtf)
C:/ST/STM32CubeIDE_1.18.1/STM32CubeIDE/plugins/com.st.stm32cube.ide.mcu.externaltools.gnu-tools-for-stm32.13.3.rel1.win32_1.0.0.202411081344/tools/bin/../lib/gcc/arm-none-eabi/13.3.1/../../../../arm-none-eabi/lib/thumb/v7e-m+fp/hard\libm.a(libm_a-sf_cos.o)
                              ./Core/Src/freertos.o (cosf)
C:/ST/STM32CubeIDE_1.18.1/STM32CubeIDE/plugins/com.st.stm32cube.ide.mcu.externaltools.gnu-tools-for-stm32.13.3.rel1.win32_1.0.0.202411081344/tools/bin/../lib/gcc/arm-none-eabi/13.3.1/../../../../arm-none-eabi/lib/thumb/v7e-m+fp/hard\libm.a(libm_a-sf_fabs.o)
                              C:/ST/STM32CubeIDE_1.18.1/STM32CubeIDE/plugins/com.st.stm32cube.ide.mcu.externaltools.gnu-tools-for-stm32.13.3.rel1.win32_1.0.0.202411081344/tools/bin/../lib/gcc/arm-none-eabi/13.3.1/../../../../arm-none-eabi/lib/thumb/v7e-m+fp/hard\libm.a(libm_a-wf_asin.o) (fabsf)
C:/ST/STM32CubeIDE_1.18.1/STM32CubeIDE/plugins/com.st.stm32cube.ide.mcu.externaltools.gnu-tools-for-stm32.13.3.rel1.win32_1.0.0.202411081344/tools/bin/../lib/gcc/arm-none-eabi/13.3.1/../../../../arm-none-eabi/lib/thumb/v7e-m+fp/hard\libm.a(libm_a-sf_sin.o)
                              ./Core/Src/freertos.o (sinf)
C:/ST/STM32CubeIDE_1.18.1/STM32CubeIDE/plugins/com.st.stm32cube.ide.mcu.externaltools.gnu-tools-for-stm32.13.3.rel1.win32_1.0.0.202411081344/tools/bin/../lib/gcc/arm-none-eabi/13.3.1/../../../../arm-none-eabi/lib/thumb/v7e-m+fp/hard\libm.a(libm_a-sf_copysign.o)
                              ./ImuLibrary/Src/Madgwick.o (copysignf)
C:/ST/STM32CubeIDE_1.18.1/STM32CubeIDE/plugins/com.st.stm32cube.ide.mcu.externaltools.gnu-tools-for-stm32.13.3.rel1.win32_1.0.0.202411081344/tools/bin/../lib/gcc/arm-none-eabi/13.3.1/../../../../arm-none-eabi/lib/thumb/v7e-m+fp/hard\libm.a(libm_a-sf_nan.o)
                              C:/ST/STM32CubeIDE_1.18.1/STM32CubeIDE/plugins/com.st.stm32cube.ide.mcu.externaltools.gnu-tools-for-stm32.13.3.rel1.win32_1.0.0.202411081344/tools/bin/../lib/gcc/arm-none-eabi/13.3.1/../../../../arm-none-eabi/lib/thumb/v7e-m+fp/hard\libm.a(libm_a-wf_asin.o) (nanf)
C:/ST/STM32CubeIDE_1.18.1/STM32CubeIDE/plugins/com.st.stm32cube.ide.mcu.externaltools.gnu-tools-for-stm32.13.3.rel1.win32_1.0.0.202411081344/tools/bin/../lib/gcc/arm-none-eabi/13.3.1/../../../../arm-none-eabi/lib/thumb/v7e-m+fp/hard\libm.a(libm_a-e_sqrt.o)
                              C:/ST/STM32CubeIDE_1.18.1/STM32CubeIDE/plugins/com.st.stm32cube.ide.mcu.externaltools.gnu-tools-for-stm32.13.3.rel1.win32_1.0.0.202411081344/tools/bin/../lib/gcc/arm-none-eabi/13.3.1/../../../../arm-none-eabi/lib/thumb/v7e-m+fp/hard\libm.a(libm_a-w_sqrt.o) (__ieee754_sqrt)
[...]
Memory Configuration

Name             Origin             Length             Attributes
CCMRAM           0x10000000         0x00010000         xrw
RAM              0x20000000         0x00020000         xrw
FLASH            0x08000000         0x00100000         xr
*default*        0x00000000         0xffffffff

Linker script and memory map

LOAD C:/ST/STM32CubeIDE_1.18.1/STM32CubeIDE/plugins/com.st.stm32cube.ide.mcu.externaltools.gnu-tools-for-stm32.13.3.rel1.win32_1.0.0.202411081344/tools/bin/../lib/gcc/arm-none-eabi/13.3.1/thumb/v7e-m+fp/hard/crti.o
LOAD C:/ST/STM32CubeIDE_1.18.1/STM32CubeIDE/plugins/com.st.stm32cube.ide.mcu.externaltools.gnu-tools-for-stm32.13.3.rel1.win32_1.0.0.202411081344/tools/bin/../lib/gcc/arm-none-eabi/13.3.1/thumb/v7e-m+fp/hard/crtbegin.o
LOAD C:/ST/STM32CubeIDE_1.18.1/STM32CubeIDE/plugins/com.st.stm32cube.ide.mcu.externaltools.gnu-tools-for-stm32.13.3.rel1.win32_1.0.0.202411081344/tools/bin/../lib/gcc/arm-none-eabi/13.3.1/../../../../arm-none-eabi/lib/thumb/v7e-m+fp/hard/crt0.o
LOAD ./Core/Src/dma.o
LOAD ./Core/Src/freertos.o
LOAD ./Core/Src/gpio.o
LOAD ./Core/Src/i2c.o
LOAD ./Core/Src/lwgps.o
LOAD ./Core/Src/main.o
LOAD ./Core/Src/spi.o
LOAD ./Core/Src/stm32f4xx_hal_msp.o
LOAD ./Core/Src/stm32f4xx_hal_timebase_tim.o
LOAD ./Core/Src/stm32f4xx_it.o
LOAD ./Core/Src/syscalls.o
LOAD ./Core/Src/sysmem.o
LOAD ./Core/Src/system_stm32f4xx.o
LOAD ./Core/Src/usart.o
LOAD ./Core/Startup/startup_stm32f407vgtx.o
LOAD ./Drivers/STM32F4xx_HAL_Driver/Src/stm32f4xx_hal.o
LOAD ./Drivers/STM32F4xx_HAL_Driver/Src/stm32f4xx_hal_cortex.o
LOAD ./Drivers/STM32F4xx_HAL_Driver/Src/stm32f4xx_hal_dma.o
LOAD ./Drivers/STM32F4xx_HAL_Driver/Src/stm32f4xx_hal_dma_ex.o
LOAD ./Drivers/STM32F4xx_HAL_Driver/Src/stm32f4xx_hal_exti.o
LOAD ./Drivers/STM32F4xx_HAL_Driver/Src/stm32f4xx_hal_flash.o
LOAD ./Drivers/STM32F4xx_HAL_Driver/Src/stm32f4xx_hal_flash_ex.o
LOAD ./Drivers/STM32F4xx_HAL_Driver/Src/stm32f4xx_hal_flash_ramfunc.o
LOAD ./Drivers/STM32F4xx_HAL_Driver/Src/stm32f4xx_hal_gpio.o
LOAD ./Drivers/STM32F4xx_HAL_Driver/Src/stm32f4xx_hal_i2c.o
LOAD ./Drivers/STM32F4xx_HAL_Driver/Src/stm32f4xx_hal_i2c_ex.o
LOAD ./Drivers/STM32F4xx_HAL_Driver/Src/stm32f4xx_hal_pwr.o
LOAD ./Drivers/STM32F4xx_HAL_Driver/Src/stm32f4xx_hal_pwr_ex.o
LOAD ./Drivers/STM32F4xx_HAL_Driver/Src/stm32f4xx_hal_rcc.o
LOAD ./Drivers/STM32F4xx_HAL_Driver/Src/stm32f4xx_hal_rcc_ex.o
LOAD ./Drivers/STM32F4xx_HAL_Driver/Src/stm32f4xx_hal_spi.o
LOAD ./Drivers/STM32F4xx_HAL_Driver/Src/stm32f4xx_hal_tim.o
LOAD ./Drivers/STM32F4xx_HAL_Driver/Src/stm32f4xx_hal_tim_ex.o
LOAD ./Drivers/STM32F4xx_HAL_Driver/Src/stm32f4xx_hal_uart.o
LOAD ./GpsLibrary/Src/Gps.o
LOAD ./ImuLibrary/Src/Madgwick.o
LOAD ./ImuLibrary/Src/Mag.o
LOAD ./ImuLibrary/Src/Mpu.o
LOAD ./MatrisLibrary/Src/Matris.o
LOAD ./Middlewares/Third_Party/FreeRTOS/Source/CMSIS_RTOS/cmsis_os.o
LOAD ./Middlewares/Third_Party/FreeRTOS/Source/croutine.o
LOAD ./Middlewares/Third_Party/FreeRTOS/Source/event_groups.o
LOAD ./Middlewares/Third_Party/FreeRTOS/Source/list.o
LOAD ./Middlewares/Third_Party/FreeRTOS/Source/queue.o
LOAD ./Middlewares/Third_Party/FreeRTOS/Source/stream_buffer.o
LOAD ./Middlewares/Third_Party/FreeRTOS/Source/tasks.o
LOAD ./Middlewares/Third_Party/FreeRTOS/Source/timers.o
LOAD ./Middlewares/Third_Party/FreeRTOS/Source/portable/GCC/ARM_CM4F/port.o
LOAD ./Middlewares/Third_Party/FreeRTOS/Source/portable/MemMang/heap_4.o
LOAD ./PaketLibrary/Src/Paket.o
START GROUP
LOAD C:/ST/STM32CubeIDE_1.18.1/STM32CubeIDE/plugins/com.st.stm32cube.ide.mcu.externaltools.gnu-tools-for-stm32.13.3.rel1.win32_1.0.0.202411081344/tools/bin/../lib/gcc/arm-none-eabi/13.3.1/../../../../arm-none-eabi/lib/thumb/v7e-m+fp/hard\libstdc++_nano.a
LOAD C:/ST/STM32CubeIDE_1.18.1/STM32CubeIDE/plugins/com.st.stm32cube.ide.mcu.externaltools.gnu-tools-for-stm32.13.3.rel1.win32_1.0.0.202411081344/tools/bin/../lib/gcc/arm-none-eabi/13.3.1/../../../../arm-none-eabi/lib/thumb/v7e-m+fp/hard\libsupc++_nano.a
END GROUP
LOAD C:/ST/STM32CubeIDE_1.18.1/STM32CubeIDE/plugins/com.st.stm32cube.ide.mcu.externaltools.gnu-tools-for-stm32.13.3.rel1.win32_1.0.0.202411081344/tools/bin/../lib/gcc/arm-none-eabi/13.3.1/../../../../arm-none-eabi/lib/thumb/v7e-m+fp/hard\libstdc++_nano.a
LOAD C:/ST/STM32CubeIDE_1.18.1/STM32CubeIDE/plugins/com.st.stm32cube.ide.mcu.externaltools.gnu-tools-for-stm32.13.3.rel1.win32_1.0.0.202411081344/tools/bin/../lib/gcc/arm-none-eabi/13.3.1/../../../../arm-none-eabi/lib/thumb/v7e-m+fp/hard\libm.a
LOAD C:/ST/STM32CubeIDE_1.18.1/STM32CubeIDE/plugins/com.st.stm32cube.ide.mcu.externaltools.gnu-tools-for-stm32.13.3.rel1.win32_1.0.0.202411081344/tools/bin/../lib/gcc/arm-none-eabi/13.3.1/../../../../arm-none-eabi/lib/thumb/v7e-m+fp/hard\libc_nano.a
START GROUP
LOAD C:/ST/STM32CubeIDE_1.18.1/STM32CubeIDE/plugins/com.st.stm32cube.ide.mcu.externaltools.gnu-tools-for-stm32.13.3.rel1.win32_1.0.0.202411081344/tools/bin/../lib/gcc/arm-none-eabi/13.3.1/thumb/v7e-m+fp/hard\libgcc.a
LOAD C:/ST/STM32CubeIDE_1.18.1/STM32CubeIDE/plugins/com.st.stm32cube.ide.mcu.externaltools.gnu-tools-for-stm32.13.3.rel1.win32_1.0.0.202411081344/tools/bin/../lib/gcc/arm-none-eabi/13.3.1/../../../../arm-none-eabi/lib/thumb/v7e-m+fp/hard\libc_nano.a
END GROUP
START GROUP
LOAD C:/ST/STM32CubeIDE_1.18.1/STM32CubeIDE/plugins/com.st.stm32cube.ide.mcu.externaltools.gnu-tools-for-stm32.13.3.rel1.win32_1.0.0.202411081344/tools/bin/../lib/gcc/arm-none-eabi/13.3.1/thumb/v7e-m+fp/hard\libgcc.a
LOAD C:/ST/STM32CubeIDE_1.18.1/STM32CubeIDE/plugins/com.st.stm32cube.ide.mcu.externaltools.gnu-tools-for-stm32.13.3.rel1.win32_1.0.0.202411081344/tools/bin/../lib/gcc/arm-none-eabi/13.3.1/../../../../arm-none-eabi/lib/thumb/v7e-m+fp/hard\libc_nano.a
LOAD C:/ST/STM32CubeIDE_1.18.1/STM32CubeIDE/plugins/com.st.stm32cube.ide.mcu.externaltools.gnu-tools-for-stm32.13.3.rel1.win32_1.0.0.202411081344/tools/bin/../lib/gcc/arm-none-eabi/13.3.1/../../../../arm-none-eabi/lib/thumb/v7e-m+fp/hard\libnosys.a
END GROUP
START GROUP
LOAD C:/ST/STM32CubeIDE_1.18.1/STM32CubeIDE/plugins/com.st.stm32cube.ide.mcu.externaltools.gnu-tools-for-stm32.13.3.rel1.win32_1.0.0.202411081344/tools/bin/../lib/gcc/arm-none-eabi/13.3.1/thumb/v7e-m+fp/hard\libgcc.a
LOAD C:/ST/STM32CubeIDE_1.18.1/STM32CubeIDE/plugins/com.st.stm32cube.ide.mcu.externaltools.gnu-tools-for-stm32.13.3.rel1.win32_1.0.0.202411081344/tools/bin/../lib/gcc/arm-none-eabi/13.3.1/../../../../arm-none-eabi/lib/thumb/v7e-m+fp/hard\libc_nano.a
LOAD C:/ST/STM32CubeIDE_1.18.1/STM32CubeIDE/plugins/com.st.stm32cube.ide.mcu.externaltools.gnu-tools-for-stm32.13.3.rel1.win32_1.0.0.202411081344/tools/bin/../lib/gcc/arm-none-eabi/13.3.1/../../../../arm-none-eabi/lib/thumb/v7e-m+fp/hard\libnosys.a
END GROUP
LOAD C:/ST/STM32CubeIDE_1.18.1/STM32CubeIDE/plugins/com.st.stm32cube.ide.mcu.externaltools.gnu-tools-for-stm32.13.3.rel1.win32_1.0.0.202411081344/tools/bin/../lib/gcc/arm-none-eabi/13.3.1/thumb/v7e-m+fp/hard/crtend.o
LOAD C:/ST/STM32CubeIDE_1.18.1/STM32CubeIDE/plugins/com.st.stm32cube.ide.mcu.externaltools.gnu-tools-for-stm32.13.3.rel1.win32_1.0.0.202411081344/tools/bin/../lib/gcc/arm-none-eabi/13.3.1/thumb/v7e-m+fp/hard/crtn.o
                0x20020000                        _estack = (ORIGIN (RAM) + LENGTH (RAM))
                0x00000200                        _Min_Heap_Size = 0x200
                0x00000400                        _Min_Stack_Size = 0x400

.isr_vector     0x08000000      0x188
                0x08000000                        . = ALIGN (0x4)
 *(.isr_vector)
 .isr_vector    0x08000000      0x188 ./Core/Startup/startup_stm32f407vgtx.o
                0x08000000                g_pfnVectors
                0x08000188                        . = ALIGN (0x4)

.text           0x08000190    0x116f4
                0x08000190                        . = ALIGN (0x4)
 *(.text)
 .text          0x08000190       0x40 C:/ST/STM32CubeIDE_1.18.1/STM32CubeIDE/plugins/com.st.stm32cube.ide.mcu.externaltools.gnu-tools-for-stm32.13.3.rel1.win32_1.0.0.202411081344/tools/bin/../lib/gcc/arm-none-eabi/13.3.1/thumb/v7e-m+fp/hard/crtbegin.o
 .text          0x080001d0       0xa0 C:/ST/STM32CubeIDE_1.18.1/STM32CubeIDE/plugins/com.st.stm32cube.ide.mcu.externaltools.gnu-tools-for-stm32.13.3.rel1.win32_1.0.0.202411081344/tools/bin/../lib/gcc/arm-none-eabi/13.3.1/../../../../arm-none-eabi/lib/thumb/v7e-m+fp/hard\libc_nano.a(libc_a-memchr.o)
                0x080001d0                memchr
 .text          0x08000270      0x378 C:/ST/STM32CubeIDE_1.18.1/STM32CubeIDE/plugins/com.st.stm32cube.ide.mcu.externaltools.gnu-tools-for-stm32.13.3.rel1.win32_1.0.0.202411081344/tools/bin/../lib/gcc/arm-none-eabi/13.3.1/thumb/v7e-m+fp/hard\libgcc.a(_arm_addsubdf3.o)
                0x08000270                __aeabi_drsub
                0x08000278                __aeabi_dsub
                0x08000278                __subdf3
                0x0800027c                __aeabi_dadd
                0x0800027c                __adddf3
                0x080004f4                __floatunsidf
                0x080004f4                __aeabi_ui2d
                0x08000514                __floatsidf
                0x08000514                __aeabi_i2d
                0x08000538                __aeabi_f2d
                0x08000538                __extendsfdf2
                0x0800057c                __floatundidf
                0x0800057c                __aeabi_ul2d
                0x0800058c                __floatdidf
                0x0800058c                __aeabi_l2d
 .text          0x080005e8      0x424 C:/ST/STM32CubeIDE_1.18.1/STM32CubeIDE/plugins/com.st.stm32cube.ide.mcu.externaltools.gnu-tools-for-stm32.13.3.rel1.win32_1.0.0.202411081344/tools/bin/../lib/gcc/arm-none-eabi/13.3.1/thumb/v7e-m+fp/hard\libgcc.a(_arm_muldivdf3.o)
                0x080005e8                __aeabi_dmul
                0x080005e8                __muldf3
                0x0800083c                __divdf3
                0x0800083c                __aeabi_ddiv
 .text          0x08000a0c      0x110 C:/ST/STM32CubeIDE_1.18.1/STM32CubeIDE/plugins/com.st.stm32cube.ide.mcu.externaltools.gnu-tools-for-stm32.13.3.rel1.win32_1.0.0.202411081344/tools/bin/../lib/gcc/arm-none-eabi/13.3.1/thumb/v7e-m+fp/hard\libgcc.a(_arm_cmpdf2.o)
                0x08000a0c                __gtdf2
                0x08000a0c                __gedf2
                0x08000a14                __ltdf2
                0x08000a14                __ledf2
                0x08000a1c                __nedf2
                0x08000a1c                __eqdf2
                0x08000a1c                __cmpdf2
                0x08000a98                __aeabi_cdrcmple
                0x08000aa8                __aeabi_cdcmpeq
                0x08000aa8                __aeabi_cdcmple
                0x08000ab8                __aeabi_dcmpeq
                0x08000acc                __aeabi_dcmplt
                0x08000ae0                __aeabi_dcmple
                0x08000af4                __aeabi_dcmpge
                0x08000b08                __aeabi_dcmpgt
 .text          0x08000b1c       0x50 C:/ST/STM32CubeIDE_1.18.1/STM32CubeIDE/plugins/com.st.stm32cube.ide.mcu.externaltools.gnu-tools-for-stm32.13.3.rel1.win32_1.0.0.202411081344/tools/bin/../lib/gcc/arm-none-eabi/13.3.1/thumb/v7e-m+fp/hard\libgcc.a(_arm_fixdfsi.o)
                0x08000b1c                __aeabi_d2iz
                0x08000b1c                __fixdfsi
 .text          0x08000b6c       0x40 C:/ST/STM32CubeIDE_1.18.1/STM32CubeIDE/plugins/com.st.stm32cube.ide.mcu.externaltools.gnu-tools-for-stm32.13.3.rel1.win32_1.0.0.202411081344/tools/bin/../lib/gcc/arm-none-eabi/13.3.1/thumb/v7e-m+fp/hard\libgcc.a(_arm_fixunsdfsi.o)
                0x08000b6c                __aeabi_d2uiz
                0x08000b6c                __fixunsdfsi
 .text          0x08000bac       0xa0 C:/ST/STM32CubeIDE_1.18.1/STM32CubeIDE/plugins/com.st.stm32cube.ide.mcu.externaltools.gnu-tools-for-stm32.13.3.rel1.win32_1.0.0.202411081344/tools/bin/../lib/gcc/arm-none-eabi/13.3.1/thumb/v7e-m+fp/hard\libgcc.a(_arm_truncdfsf2.o)
                0x08000bac                __truncdfsf2
                0x08000bac                __aeabi_d2f
 .text          0x08000c4c       0x30 C:/ST/STM32CubeIDE_1.18.1/STM32CubeIDE/plugins/com.st.stm32cube.ide.mcu.externaltools.gnu-tools-for-stm32.13.3.rel1.win32_1.0.0.202411081344/tools/bin/../lib/gcc/arm-none-eabi/13.3.1/thumb/v7e-m+fp/hard\libgcc.a(_aeabi_uldivmod.o)
                0x08000c4c                __aeabi_uldivmod
 .text          0x08000c7c       0x30 C:/ST/STM32CubeIDE_1.18.1/STM32CubeIDE/plugins/com.st.stm32cube.ide.mcu.externaltools.gnu-tools-for-stm32.13.3.rel1.win32_1.0.0.202411081344/tools/bin/../lib/gcc/arm-none-eabi/13.3.1/thumb/v7e-m+fp/hard\libgcc.a(_fixdfdi.o)
                0x08000c7c                __fixdfdi
                0x08000c7c                __aeabi_d2lz
 .text          0x08000cac       0x3c C:/ST/STM32CubeIDE_1.18.1/STM32CubeIDE/plugins/com.st.stm32cube.ide.mcu.externaltools.gnu-tools-for-stm32.13.3.rel1.win32_1.0.0.202411081344/tools/bin/../lib/gcc/arm-none-eabi/13.3.1/thumb/v7e-m+fp/hard\libgcc.a(_fixunsdfdi.o)
                0x08000cac                __fixunsdfdi
                0x08000cac                __aeabi_d2ulz
 .text          0x08000ce8      0x2f8 C:/ST/STM32CubeIDE_1.18.1/STM32CubeIDE/plugins/com.st.stm32cube.ide.mcu.externaltools.gnu-tools-for-stm32.13.3.rel1.win32_1.0.0.202411081344/tools/bin/../lib/gcc/arm-none-eabi/13.3.1/thumb/v7e-m+fp/hard\libgcc.a(_udivmoddi4.o)
                0x08000ce8                __udivmoddi4
 .text          0x08000fe0        0x4 C:/ST/STM32CubeIDE_1.18.1/STM32CubeIDE/plugins/com.st.stm32cube.ide.mcu.externaltools.gnu-tools-for-stm32.13.3.rel1.win32_1.0.0.202411081344/tools/bin/../lib/gcc/arm-none-eabi/13.3.1/thumb/v7e-m+fp/hard\libgcc.a(_dvmd_tls.o)
                0x08000fe0                __aeabi_idiv0
                0x08000fe0                __aeabi_ldiv0
 *(.text*)
 .text.MX_DMA_Init
                0x08000fe4       0xb0 ./Core/Src/dma.o
                0x08000fe4                MX_DMA_Init
 .text.vApplicationGetIdleTaskMemory
                0x08001094       0x34 ./Core/Src/freertos.o
                0x08001094                vApplicationGetIdleTaskMemory
 .text.MX_FREERTOS_Init
                0x080010c8       0xf0 ./Core/Src/freertos.o
                0x080010c8                MX_FREERTOS_Init
 .text._Z16StartDefaultTaskPKv
                0x080011b8       0xb8 ./Core/Src/freertos.o
                0x080011b8                StartDefaultTask(void const*)
 .text._Z14StartPaketTaskPKv
                0x08001270      0x408 ./Core/Src/freertos.o
                0x08001270                StartPaketTask(void const*)
 .text._Z12StartImuTaskPKv
                0x08001678       0xcc ./Core/Src/freertos.o
                0x08001678                StartImuTask(void const*)
 *fill*         0x08001744        0x4 
 .text._Z14StartKonumTaskPKv
                0x08001748      0x188 ./Core/Src/freertos.o
                0x08001748                StartKonumTask(void const*)
 .text._Z15StartKalmanTaskPKv
                0x080018d0      0x3fc ./Core/Src/freertos.o
                0x080018d0                StartKalmanTask(void const*)
 .text._Z41__static_initialization_and_destruction_0v
                0x08001ccc       0xc0 ./Core/Src/freertos.o
 .text._GLOBAL__sub_I_GpsPaket
                0x08001d8c        0xa ./Core/Src/freertos.o
 *fill*         0x08001d96        0x2 
 .text.MX_GPIO_Init
                0x08001d98      0x254 ./Core/Src/gpio.o
                0x08001d98                MX_GPIO_Init
 .text.MX_I2C1_Init
                0x08001fec       0x5c ./Core/Src/i2c.o
                0x08001fec                MX_I2C1_Init
 .text.HAL_I2C_MspInit
                0x08002048       0x90 ./Core/Src/i2c.o
                0x08002048                HAL_I2C_MspInit
 .text.prv_parse_number
                0x080020d8       0x94 ./Core/Src/lwgps.o
 .text.prv_parse_float_number
                0x0800216c       0x4e ./Core/Src/lwgps.o
 *fill*         0x080021ba        0x2 
 .text.prv_parse_lat_long
                0x080021bc       0xa0 ./Core/Src/lwgps.o
 .text.prv_parse_term
                0x0800225c      0x558 ./Core/Src/lwgps.o
 .text.prv_check_crc
                0x080027b4      0x116 ./Core/Src/lwgps.o
 .text.prv_copy_from_tmp_memory
                0x080028ca      0x14e ./Core/Src/lwgps.o
 .text.lwgps_init
                0x08002a18       0x1c ./Core/Src/lwgps.o
                0x08002a18                lwgps_init
 .text.lwgps_process
                0x08002a34      0x180 ./Core/Src/lwgps.o
                0x08002a34                lwgps_process
 .text.main     0x08002bb4       0x58 ./Core/Src/main.o
                0x08002bb4                main
 .text._Z18SystemClock_Configv
                0x08002c0c       0xe8 ./Core/Src/main.o
                0x08002c0c                SystemClock_Config()
 .text.HAL_UART_RxCpltCallback
                0x08002cf4       0x70 ./Core/Src/main.o
                0x08002cf4                HAL_UART_RxCpltCallback
 *fill*         0x08002d64        0x4 
 .text._Z9HizdanRPMf
                0x08002d68       0x54 ./Core/Src/main.o
                0x08002d68                HizdanRPM(float)
 .text.HAL_UART_TxCpltCallback
                0x08002dbc      0x1a0 ./Core/Src/main.o
                0x08002dbc                HAL_UART_TxCpltCallback
 .text.HAL_TIM_PeriodElapsedCallback
                0x08002f5c       0x24 ./Core/Src/main.o
                0x08002f5c                HAL_TIM_PeriodElapsedCallback
 .text.Error_Handler
                0x08002f80        0xc ./Core/Src/main.o
                0x08002f80                Error_Handler
 .text._Z41__static_initialization_and_destruction_0v
                0x08002f8c       0x64 ./Core/Src/main.o
 .text._GLOBAL__sub_I_imu
                0x08002ff0        0xa ./Core/Src/main.o
 *fill*         0x08002ffa        0x2 
 .text.MX_SPI1_Init
                0x08002ffc       0x6c ./Core/Src/spi.o
                0x08002ffc                MX_SPI1_Init
 .text.HAL_SPI_MspInit
                0x08003068       0x90 ./Core/Src/spi.o
                0x08003068                HAL_SPI_MspInit
 .text.HAL_MspInit
                0x080030f8       0x58 ./Core/Src/stm32f4xx_hal_msp.o
                0x080030f8                HAL_MspInit
 .text.HAL_InitTick
                0x08003150       0xf8 ./Core/Src/stm32f4xx_hal_timebase_tim.o
                0x08003150                HAL_InitTick
 .text.NMI_Handler
                0x08003248        0x8 ./Core/Src/stm32f4xx_it.o
                0x08003248                NMI_Handler
 .text.HardFault_Handler
                0x08003250        0x8 ./Core/Src/stm32f4xx_it.o
                0x08003250                HardFault_Handler
 .text.MemManage_Handler
                0x08003258        0x8 ./Core/Src/stm32f4xx_it.o
                0x08003258                MemManage_Handler
 .text.BusFault_Handler
                0x08003260        0x8 ./Core/Src/stm32f4xx_it.o
                0x08003260                BusFault_Handler
 .text.UsageFault_Handler
                0x08003268        0x8 ./Core/Src/stm32f4xx_it.o
                0x08003268                UsageFault_Handler
 .text.DebugMon_Handler
                0x08003270        0xe ./Core/Src/stm32f4xx_it.o
                0x08003270                DebugMon_Handler
 *fill*         0x0800327e        0x2 
 .text.DMA1_Stream0_IRQHandler
                0x08003280       0x14 ./Core/Src/stm32f4xx_it.o
                0x08003280                DMA1_Stream0_IRQHandler
 .text.DMA1_Stream1_IRQHandler
                0x08003294       0x14 ./Core/Src/stm32f4xx_it.o
                0x08003294                DMA1_Stream1_IRQHandler
 .text.DMA1_Stream2_IRQHandler
                0x080032a8       0x14 ./Core/Src/stm32f4xx_it.o
                0x080032a8                DMA1_Stream2_IRQHandler
 .text.DMA1_Stream3_IRQHandler
                0x080032bc       0x14 ./Core/Src/stm32f4xx_it.o
                0x080032bc                DMA1_Stream3_IRQHandler
 .text.DMA1_Stream4_IRQHandler
                0x080032d0       0x14 ./Core/Src/stm32f4xx_it.o
                0x080032d0                DMA1_Stream4_IRQHandler
 .text.DMA1_Stream5_IRQHandler
                0x080032e4       0x14 ./Core/Src/stm32f4xx_it.o
                0x080032e4                DMA1_Stream5_IRQHandler
 .text.DMA1_Stream6_IRQHandler
                0x080032f8       0x14 ./Core/Src/stm32f4xx_it.o
                0x080032f8                DMA1_Stream6_IRQHandler
 .text.USART2_IRQHandler
                0x0800330c       0x14 ./Core/Src/stm32f4xx_it.o
                0x0800330c                USART2_IRQHandler
 .text.USART3_IRQHandler
                0x08003320       0x14 ./Core/Src/stm32f4xx_it.o
                0x08003320                USART3_IRQHandler
 .text.DMA1_Stream7_IRQHandler
                0x08003334       0x14 ./Core/Src/stm32f4xx_it.o
                0x08003334                DMA1_Stream7_IRQHandler
 .text.UART4_IRQHandler
                0x08003348       0x14 ./Core/Src/stm32f4xx_it.o
                0x08003348                UART4_IRQHandler
 .text.UART5_IRQHandler
                0x0800335c       0x14 ./Core/Src/stm32f4xx_it.o
                0x0800335c                UART5_IRQHandler
 .text.TIM6_DAC_IRQHandler
                0x08003370       0x14 ./Core/Src/stm32f4xx_it.o
                0x08003370                TIM6_DAC_IRQHandler
 .text._getpid  0x08003384       0x10 ./Core/Src/syscalls.o
                0x08003384                _getpid
 .text._kill    0x08003394       0x20 ./Core/Src/syscalls.o
                0x08003394                _kill
 .text._exit    0x080033b4       0x16 ./Core/Src/syscalls.o
                0x080033b4                _exit
 .text._read    0x080033ca       0x3a ./Core/Src/syscalls.o
                0x080033ca                _read
 .text._write   0x08003404       0x38 ./Core/Src/syscalls.o
                0x08003404                _write
 .text._close   0x0800343c       0x18 ./Core/Src/syscalls.o
                0x0800343c                _close
 .text._fstat   0x08003454       0x20 ./Core/Src/syscalls.o
                0x08003454                _fstat
 .text._isatty  0x08003474       0x16 ./Core/Src/syscalls.o
                0x08003474                _isatty
 .text._lseek   0x0800348a       0x1a ./Core/Src/syscalls.o
                0x0800348a                _lseek
 .text._sbrk    0x080034a4       0x6c ./Core/Src/sysmem.o
                0x080034a4                _sbrk
 .text.SystemInit
                0x08003510       0x24 ./Core/Src/system_stm32f4xx.o
                0x08003510                SystemInit
 .text.MX_UART4_Init
                0x08003534       0x54 ./Core/Src/usart.o
                0x08003534                MX_UART4_Init
 .text.MX_UART5_Init
                0x08003588       0x54 ./Core/Src/usart.o
                0x08003588                MX_UART5_Init
 .text.MX_USART2_UART_Init
                0x080035dc       0x54 ./Core/Src/usart.o
                0x080035dc                MX_USART2_UART_Init
 .text.MX_USART3_UART_Init
                0x08003630       0x54 ./Core/Src/usart.o
                0x08003630                MX_USART3_UART_Init
 .text.HAL_UART_MspInit
                0x08003684      0x594 ./Core/Src/usart.o
                0x08003684                HAL_UART_MspInit
 .text.Reset_Handler
                0x08003c18       0x50 ./Core/Startup/startup_stm32f407vgtx.o
                0x08003c18                Reset_Handler
 .text.Default_Handler
                0x08003c68        0x2 ./Core/Startup/startup_stm32f407vgtx.o
                0x08003c68                RTC_Alarm_IRQHandler
                0x08003c68                HASH_RNG_IRQHandler
                0x08003c68                EXTI2_IRQHandler
                0x08003c68                TIM8_CC_IRQHandler
                0x08003c68                TIM1_CC_IRQHandler
                0x08003c68                DMA2_Stream5_IRQHandler
                0x08003c68                PVD_IRQHandler
                0x08003c68                SDIO_IRQHandler
                0x08003c68                TAMP_STAMP_IRQHandler
                0x08003c68                CAN2_RX1_IRQHandler
                0x08003c68                EXTI3_IRQHandler
                0x08003c68                TIM8_TRG_COM_TIM14_IRQHandler
                0x08003c68                TIM1_UP_TIM10_IRQHandler
                0x08003c68                TIM8_UP_TIM13_IRQHandler
                0x08003c68                I2C3_ER_IRQHandler
                0x08003c68                EXTI0_IRQHandler
                0x08003c68                I2C2_EV_IRQHandler
                0x08003c68                CAN1_RX0_IRQHandler
                0x08003c68                FPU_IRQHandler
                0x08003c68                OTG_HS_WKUP_IRQHandler
                0x08003c68                CAN2_SCE_IRQHandler
                0x08003c68                DMA2_Stream2_IRQHandler
                0x08003c68                SPI1_IRQHandler
                0x08003c68                TIM1_BRK_TIM9_IRQHandler
                0x08003c68                DCMI_IRQHandler
                0x08003c68                CAN2_RX0_IRQHandler
                0x08003c68                DMA2_Stream3_IRQHandler
                0x08003c68                USART6_IRQHandler
                0x08003c68                CAN1_RX1_IRQHandler
                0x08003c68                DMA2_Stream0_IRQHandler
                0x08003c68                TIM4_IRQHandler
                0x08003c68                I2C1_EV_IRQHandler
                0x08003c68                TIM3_IRQHandler
                0x08003c68                RCC_IRQHandler
                0x08003c68                TIM8_BRK_TIM12_IRQHandler
                0x08003c68                Default_Handler
                0x08003c68                EXTI15_10_IRQHandler
                0x08003c68                ADC_IRQHandler
                0x08003c68                TIM7_IRQHandler
                0x08003c68                CAN2_TX_IRQHandler
                0x08003c68                TIM5_IRQHandler
                0x08003c68                DMA2_Stream7_IRQHandler
                0x08003c68                I2C3_EV_IRQHandler
                0x08003c68                EXTI9_5_IRQHandler
                0x08003c68                RTC_WKUP_IRQHandler
                0x08003c68                ETH_WKUP_IRQHandler
                0x08003c68                SPI2_IRQHandler
                0x08003c68                OTG_HS_EP1_IN_IRQHandler
                0x08003c68                CAN1_TX_IRQHandler
                0x08003c68                EXTI4_IRQHandler
                0x08003c68                FSMC_IRQHandler
                0x08003c68                ETH_IRQHandler
                0x08003c68                OTG_HS_EP1_OUT_IRQHandler
                0x08003c68                WWDG_IRQHandler
                0x08003c68                TIM2_IRQHandler
                0x08003c68                OTG_FS_WKUP_IRQHandler
                0x08003c68                TIM1_TRG_COM_TIM11_IRQHandler
                0x08003c68                OTG_HS_IRQHandler
                0x08003c68                EXTI1_IRQHandler
                0x08003c68                I2C2_ER_IRQHandler
                0x08003c68                DMA2_Stream1_IRQHandler
                0x08003c68                CAN1_SCE_IRQHandler
                0x08003c68                FLASH_IRQHandler
                0x08003c68                DMA2_Stream4_IRQHandler
                0x08003c68                USART1_IRQHandler
                0x08003c68                OTG_FS_IRQHandler
                0x08003c68                SPI3_IRQHandler
                0x08003c68                I2C1_ER_IRQHandler
                0x08003c68                DMA2_Stream6_IRQHandler
 *fill*         0x08003c6a        0x2 
 .text.HAL_Init
                0x08003c6c       0x44 ./Drivers/STM32F4xx_HAL_Driver/Src/stm32f4xx_hal.o
                0x08003c6c                HAL_Init
 .text.HAL_IncTick
                0x08003cb0       0x28 ./Drivers/STM32F4xx_HAL_Driver/Src/stm32f4xx_hal.o
                0x08003cb0                HAL_IncTick
 .text.HAL_GetTick
                0x08003cd8       0x18 ./Drivers/STM32F4xx_HAL_Driver/Src/stm32f4xx_hal.o
                0x08003cd8                HAL_GetTick
 .text.__NVIC_SetPriorityGrouping
                0x08003cf0       0x48 ./Drivers/STM32F4xx_HAL_Driver/Src/stm32f4xx_hal_cortex.o
 .text.__NVIC_GetPriorityGrouping
                0x08003d38       0x1c ./Drivers/STM32F4xx_HAL_Driver/Src/stm32f4xx_hal_cortex.o
 .text.__NVIC_EnableIRQ
                0x08003d54       0x3c ./Drivers/STM32F4xx_HAL_Driver/Src/stm32f4xx_hal_cortex.o
 .text.__NVIC_SetPriority
                0x08003d90       0x54 ./Drivers/STM32F4xx_HAL_Driver/Src/stm32f4xx_hal_cortex.o
 .text.NVIC_EncodePriority
                0x08003de4       0x66 ./Drivers/STM32F4xx_HAL_Driver/Src/stm32f4xx_hal_cortex.o
 .text.HAL_NVIC_SetPriorityGrouping
                0x08003e4a       0x16 ./Drivers/STM32F4xx_HAL_Driver/Src/stm32f4xx_hal_cortex.o
                0x08003e4a                HAL_NVIC_SetPriorityGrouping
 .text.HAL_NVIC_SetPriority
                0x08003e60       0x38 ./Drivers/STM32F4xx_HAL_Driver/Src/stm32f4xx_hal_cortex.o
                0x08003e60                HAL_NVIC_SetPriority
 .text.HAL_NVIC_EnableIRQ
                0x08003e98       0x1c ./Drivers/STM32F4xx_HAL_Driver/Src/stm32f4xx_hal_cortex.o
                0x08003e98                HAL_NVIC_EnableIRQ
 .text.HAL_DMA_Init
                0x08003eb4      0x15c ./Drivers/STM32F4xx_HAL_Driver/Src/stm32f4xx_hal_dma.o
                0x08003eb4                HAL_DMA_Init
 .text.HAL_DMA_Start_IT
                0x08004010       0xb0 ./Drivers/STM32F4xx_HAL_Driver/Src/stm32f4xx_hal_dma.o
                0x08004010                HAL_DMA_Start_IT
 .text.HAL_DMA_Abort
                0x080040c0       0xe0 ./Drivers/STM32F4xx_HAL_Driver/Src/stm32f4xx_hal_dma.o
                0x080040c0                HAL_DMA_Abort
 .text.HAL_DMA_Abort_IT
                0x080041a0       0x44 ./Drivers/STM32F4xx_HAL_Driver/Src/stm32f4xx_hal_dma.o
                0x080041a0                HAL_DMA_Abort_IT
 .text.HAL_DMA_IRQHandler
                0x080041e4      0x314 ./Drivers/STM32F4xx_HAL_Driver/Src/stm32f4xx_hal_dma.o
                0x080041e4                HAL_DMA_IRQHandler
 .text.DMA_SetConfig
                0x080044f8       0x5c ./Drivers/STM32F4xx_HAL_Driver/Src/stm32f4xx_hal_dma.o
 .text.DMA_CalcBaseAndBitshift
                0x08004554       0x6c ./Drivers/STM32F4xx_HAL_Driver/Src/stm32f4xx_hal_dma.o
 .text.DMA_CheckFifoParam
                0x080045c0       0xf8 ./Drivers/STM32F4xx_HAL_Driver/Src/stm32f4xx_hal_dma.o
 .text.HAL_GPIO_Init
                0x080046b8      0x338 ./Drivers/STM32F4xx_HAL_Driver/Src/stm32f4xx_hal_gpio.o
                0x080046b8                HAL_GPIO_Init
 .text.HAL_GPIO_WritePin
                0x080049f0       0x32 ./Drivers/STM32F4xx_HAL_Driver/Src/stm32f4xx_hal_gpio.o
                0x080049f0                HAL_GPIO_WritePin
 *fill*         0x08004a22        0x2 
 .text.HAL_I2C_Init
                0x08004a24      0x288 ./Drivers/STM32F4xx_HAL_Driver/Src/stm32f4xx_hal_i2c.o
                0x08004a24                HAL_I2C_Init
 .text.HAL_I2C_Master_Transmit
                0x08004cac      0x1fc ./Drivers/STM32F4xx_HAL_Driver/Src/stm32f4xx_hal_i2c.o
                0x08004cac                HAL_I2C_Master_Transmit
 .text.HAL_I2C_Master_Receive
                0x08004ea8      0x464 ./Drivers/STM32F4xx_HAL_Driver/Src/stm32f4xx_hal_i2c.o
                0x08004ea8                HAL_I2C_Master_Receive
 .text.HAL_I2C_Mem_Write
                0x0800530c      0x1f4 ./Drivers/STM32F4xx_HAL_Driver/Src/stm32f4xx_hal_i2c.o
                0x0800530c                HAL_I2C_Mem_Write
 .text.HAL_I2C_Mem_Read
                0x08005500      0x464 ./Drivers/STM32F4xx_HAL_Driver/Src/stm32f4xx_hal_i2c.o
                0x08005500                HAL_I2C_Mem_Read
 .text.I2C_MasterRequestWrite
                0x08005964      0x104 ./Drivers/STM32F4xx_HAL_Driver/Src/stm32f4xx_hal_i2c.o
 .text.I2C_MasterRequestRead
                0x08005a68      0x19c ./Drivers/STM32F4xx_HAL_Driver/Src/stm32f4xx_hal_i2c.o
 .text.I2C_RequestMemoryWrite
                0x08005c04      0x12c ./Drivers/STM32F4xx_HAL_Driver/Src/stm32f4xx_hal_i2c.o
 .text.I2C_RequestMemoryRead
                0x08005d30      0x1d0 ./Drivers/STM32F4xx_HAL_Driver/Src/stm32f4xx_hal_i2c.o
 .text.I2C_WaitOnFlagUntilTimeout
                0x08005f00       0xf4 ./Drivers/STM32F4xx_HAL_Driver/Src/stm32f4xx_hal_i2c.o
 .text.I2C_WaitOnMasterAddressFlagUntilTimeout
                0x08005ff4      0x140 ./Drivers/STM32F4xx_HAL_Driver/Src/stm32f4xx_hal_i2c.o
 .text.I2C_WaitOnTXEFlagUntilTimeout
                0x08006134       0x90 ./Drivers/STM32F4xx_HAL_Driver/Src/stm32f4xx_hal_i2c.o
 .text.I2C_WaitOnBTFFlagUntilTimeout
                0x080061c4       0x90 ./Drivers/STM32F4xx_HAL_Driver/Src/stm32f4xx_hal_i2c.o
 .text.I2C_WaitOnRXNEFlagUntilTimeout
                0x08006254       0xba ./Drivers/STM32F4xx_HAL_Driver/Src/stm32f4xx_hal_i2c.o
 .text.I2C_IsAcknowledgeFailed
                0x0800630e       0x5e ./Drivers/STM32F4xx_HAL_Driver/Src/stm32f4xx_hal_i2c.o
 .text.HAL_RCC_OscConfig
                0x0800636c      0x4f0 ./Drivers/STM32F4xx_HAL_Driver/Src/stm32f4xx_hal_rcc.o
                0x0800636c                HAL_RCC_OscConfig
 .text.HAL_RCC_ClockConfig
                0x0800685c      0x1cc ./Drivers/STM32F4xx_HAL_Driver/Src/stm32f4xx_hal_rcc.o
                0x0800685c                HAL_RCC_ClockConfig
 .text.HAL_RCC_GetSysClockFreq
                0x08006a28      0x20c ./Drivers/STM32F4xx_HAL_Driver/Src/stm32f4xx_hal_rcc.o
                0x08006a28                HAL_RCC_GetSysClockFreq
 .text.HAL_RCC_GetHCLKFreq
                0x08006c34       0x18 ./Drivers/STM32F4xx_HAL_Driver/Src/stm32f4xx_hal_rcc.o
                0x08006c34                HAL_RCC_GetHCLKFreq
 .text.HAL_RCC_GetPCLK1Freq
                0x08006c4c       0x28 ./Drivers/STM32F4xx_HAL_Driver/Src/stm32f4xx_hal_rcc.o
                0x08006c4c                HAL_RCC_GetPCLK1Freq
 .text.HAL_RCC_GetPCLK2Freq
                0x08006c74       0x28 ./Drivers/STM32F4xx_HAL_Driver/Src/stm32f4xx_hal_rcc.o
                0x08006c74                HAL_RCC_GetPCLK2Freq
 .text.HAL_RCC_GetClockConfig
                0x08006c9c       0x64 ./Drivers/STM32F4xx_HAL_Driver/Src/stm32f4xx_hal_rcc.o
                0x08006c9c                HAL_RCC_GetClockConfig
 .text.HAL_SPI_Init
                0x08006d00      0x112 ./Drivers/STM32F4xx_HAL_Driver/Src/stm32f4xx_hal_spi.o
                0x08006d00                HAL_SPI_Init
 .text.HAL_TIM_Base_Init
                0x08006e12       0x9e ./Drivers/STM32F4xx_HAL_Driver/Src/stm32f4xx_hal_tim.o
                0x08006e12                HAL_TIM_Base_Init
 .text.HAL_TIM_Base_MspInit
                0x08006eb0       0x14 ./Drivers/STM32F4xx_HAL_Driver/Src/stm32f4xx_hal_tim.o
                0x08006eb0                HAL_TIM_Base_MspInit
 .text.HAL_TIM_Base_Start_IT
                0x08006ec4       0xe0 ./Drivers/STM32F4xx_HAL_Driver/Src/stm32f4xx_hal_tim.o
                0x08006ec4                HAL_TIM_Base_Start_IT
 .text.HAL_TIM_IRQHandler
                0x08006fa4      0x1e0 ./Drivers/STM32F4xx_HAL_Driver/Src/stm32f4xx_hal_tim.o
                0x08006fa4                HAL_TIM_IRQHandler
 .text.HAL_TIM_OC_DelayElapsedCallback
                0x08007184       0x14 ./Drivers/STM32F4xx_HAL_Driver/Src/stm32f4xx_hal_tim.o
                0x08007184                HAL_TIM_OC_DelayElapsedCallback
 .text.HAL_TIM_IC_CaptureCallback
                0x08007198       0x14 ./Drivers/STM32F4xx_HAL_Driver/Src/stm32f4xx_hal_tim.o
                0x08007198                HAL_TIM_IC_CaptureCallback
 .text.HAL_TIM_PWM_PulseFinishedCallback
                0x080071ac       0x14 ./Drivers/STM32F4xx_HAL_Driver/Src/stm32f4xx_hal_tim.o
                0x080071ac                HAL_TIM_PWM_PulseFinishedCallback
 .text.HAL_TIM_TriggerCallback
                0x080071c0       0x14 ./Drivers/STM32F4xx_HAL_Driver/Src/stm32f4xx_hal_tim.o
                0x080071c0                HAL_TIM_TriggerCallback
 .text.TIM_Base_SetConfig
                0x080071d4      0x14c ./Drivers/STM32F4xx_HAL_Driver/Src/stm32f4xx_hal_tim.o
                0x080071d4                TIM_Base_SetConfig
 .text.HAL_TIMEx_CommutCallback
                0x08007320       0x14 ./Drivers/STM32F4xx_HAL_Driver/Src/stm32f4xx_hal_tim_ex.o
                0x08007320                HAL_TIMEx_CommutCallback
 .text.HAL_TIMEx_BreakCallback
                0x08007334       0x14 ./Drivers/STM32F4xx_HAL_Driver/Src/stm32f4xx_hal_tim_ex.o
                0x08007334                HAL_TIMEx_BreakCallback
 .text.HAL_UART_Init
                0x08007348       0xa0 ./Drivers/STM32F4xx_HAL_Driver/Src/stm32f4xx_hal_uart.o
                0x08007348                HAL_UART_Init
 .text.HAL_UART_Transmit
                0x080073e8      0x116 ./Drivers/STM32F4xx_HAL_Driver/Src/stm32f4xx_hal_uart.o
                0x080073e8                HAL_UART_Transmit
 *fill*         0x080074fe        0x2 
 .text.HAL_UART_Transmit_DMA
                0x08007500       0xf8 ./Drivers/STM32F4xx_HAL_Driver/Src/stm32f4xx_hal_uart.o
                0x08007500                HAL_UART_Transmit_DMA
 .text.HAL_UART_Receive_DMA
                0x080075f8       0x4a ./Drivers/STM32F4xx_HAL_Driver/Src/stm32f4xx_hal_uart.o
                0x080075f8                HAL_UART_Receive_DMA
 *fill*         0x08007642        0x2 
 .text.HAL_UART_IRQHandler
                0x08007644      0x554 ./Drivers/STM32F4xx_HAL_Driver/Src/stm32f4xx_hal_uart.o
                0x08007644                HAL_UART_IRQHandler
 .text.HAL_UART_TxHalfCpltCallback
                0x08007b98       0x14 ./Drivers/STM32F4xx_HAL_Driver/Src/stm32f4xx_hal_uart.o
                0x08007b98                HAL_UART_TxHalfCpltCallback
 .text.HAL_UART_RxHalfCpltCallback
                0x08007bac       0x14 ./Drivers/STM32F4xx_HAL_Driver/Src/stm32f4xx_hal_uart.o
                0x08007bac                HAL_UART_RxHalfCpltCallback
 .text.HAL_UART_ErrorCallback
                0x08007bc0       0x14 ./Drivers/STM32F4xx_HAL_Driver/Src/stm32f4xx_hal_uart.o
                0x08007bc0                HAL_UART_ErrorCallback
 .text.HAL_UARTEx_RxEventCallback
                0x08007bd4       0x18 ./Drivers/STM32F4xx_HAL_Driver/Src/stm32f4xx_hal_uart.o
                0x08007bd4                HAL_UARTEx_RxEventCallback
 .text.UART_DMATransmitCplt
                0x08007bec       0x9a ./Drivers/STM32F4xx_HAL_Driver/Src/stm32f4xx_hal_uart.o
 .text.UART_DMATxHalfCplt
                0x08007c86       0x1c ./Drivers/STM32F4xx_HAL_Driver/Src/stm32f4xx_hal_uart.o
 .text.UART_DMAReceiveCplt
                0x08007ca2      0x12c ./Drivers/STM32F4xx_HAL_Driver/Src/stm32f4xx_hal_uart.o
 .text.UART_DMARxHalfCplt
                0x08007dce       0x3c ./Drivers/STM32F4xx_HAL_Driver/Src/stm32f4xx_hal_uart.o
 .text.UART_DMAError
                0x08007e0a       0x94 ./Drivers/STM32F4xx_HAL_Driver/Src/stm32f4xx_hal_uart.o
 .text.UART_WaitOnFlagUntilTimeout
                0x08007e9e       0xb2 ./Drivers/STM32F4xx_HAL_Driver/Src/stm32f4xx_hal_uart.o
 .text.UART_Start_Receive_DMA
                0x08007f50      0x14c ./Drivers/STM32F4xx_HAL_Driver/Src/stm32f4xx_hal_uart.o
                0x08007f50                UART_Start_Receive_DMA
 .text.UART_EndTxTransfer
                0x0800809c       0x50 ./Drivers/STM32F4xx_HAL_Driver/Src/stm32f4xx_hal_uart.o
 .text.UART_EndRxTransfer
                0x080080ec       0xc6 ./Drivers/STM32F4xx_HAL_Driver/Src/stm32f4xx_hal_uart.o
 .text.UART_DMAAbortOnError
                0x080081b2       0x22 ./Drivers/STM32F4xx_HAL_Driver/Src/stm32f4xx_hal_uart.o
 .text.UART_Transmit_IT
                0x080081d4       0xa0 ./Drivers/STM32F4xx_HAL_Driver/Src/stm32f4xx_hal_uart.o
 .text.UART_EndTransmit_IT
                0x08008274       0x30 ./Drivers/STM32F4xx_HAL_Driver/Src/stm32f4xx_hal_uart.o
 .text.UART_Receive_IT
                0x080082a4      0x17c ./Drivers/STM32F4xx_HAL_Driver/Src/stm32f4xx_hal_uart.o
 .text.UART_SetConfig
                0x08008420      0x4e8 ./Drivers/STM32F4xx_HAL_Driver/Src/stm32f4xx_hal_uart.o
 .text._ZSt4fabsf
                0x08008908       0x20 ./GpsLibrary/Src/Gps.o
                0x08008908                std::fabs(float)
 .text._ZN3GPSC2EP20__UART_HandleTypeDef
                0x08008928       0x76 ./GpsLibrary/Src/Gps.o
                0x08008928                GPS::GPS(__UART_HandleTypeDef*)
                0x08008928                GPS::GPS(__UART_HandleTypeDef*)
 .text._ZN3GPS10YapilandirEv
                0x0800899e       0x2c ./GpsLibrary/Src/Gps.o
                0x0800899e                GPS::Yapilandir()
 *fill*         0x080089ca        0x2 
 .text._ZN3GPS7DataOkuEv
                0x080089cc       0xe0 ./GpsLibrary/Src/Gps.o
                0x080089cc                GPS::DataOku()
 .text._ZN3GPS10GpsDataCekEv
                0x08008aac       0x3c ./GpsLibrary/Src/Gps.o
                0x08008aac                GPS::GpsDataCek()
 .text._ZN3GPS16YeniKonumHesaplaEffffffPbPfS1_
                0x08008ae8      0x268 ./GpsLibrary/Src/Gps.o
                0x08008ae8                GPS::YeniKonumHesapla(float, float, float, float, float, float, bool*, float*, float*)
 .text._ZN3GPS10LatitudeAlEv
                0x08008d50       0x1a ./GpsLibrary/Src/Gps.o
                0x08008d50                GPS::LatitudeAl()
 .text._ZN3GPS11LongitudeAlEv
                0x08008d6a       0x1a ./GpsLibrary/Src/Gps.o
                0x08008d6a                GPS::LongitudeAl()
 .text._ZN12MadgwickAHRS9updateIMUEfffffff
                0x08008d84      0x596 ./ImuLibrary/Src/Madgwick.o
                0x08008d84                MadgwickAHRS::updateIMU(float, float, float, float, float, float, float)
 *fill*         0x0800931a        0x2 
 .text._ZN12MadgwickAHRS8getEulerERfS0_S0_
                0x0800931c      0x19c ./ImuLibrary/Src/Madgwick.o
                0x0800931c                MadgwickAHRS::getEuler(float&, float&, float&)
 .text._ZN3MAGC2EP17I2C_HandleTypeDef
                0x080094b8       0x68 ./ImuLibrary/Src/Mag.o
                0x080094b8                MAG::MAG(I2C_HandleTypeDef*)
                0x080094b8                MAG::MAG(I2C_HandleTypeDef*)
 .text._ZN3MAG10YapilandirEv
                0x08009520       0x5c ./ImuLibrary/Src/Mag.o
                0x08009520                MAG::Yapilandir()
 .text._ZN3MAG10MagDataOkuEPsS0_S0_
                0x0800957c       0x6e ./ImuLibrary/Src/Mag.o
                0x0800957c                MAG::MagDataOku(short*, short*, short*)
 *fill*         0x080095ea        0x2 
 .text._ZN3MAG13XveYKalibreEtEv
                0x080095ec      0x174 ./ImuLibrary/Src/Mag.o
                0x080095ec                MAG::XveYKalibreEt()
 .text._ZN3MAG14HeadingOlusturEff
                0x08009760      0x300 ./ImuLibrary/Src/Mag.o
                0x08009760                MAG::HeadingOlustur(float, float)
 .text._ZN12MadgwickAHRSC2Ef
                0x08009a60       0x40 ./ImuLibrary/Src/Mpu.o
                0x08009a60                MadgwickAHRS::MadgwickAHRS(float)
                0x08009a60                MadgwickAHRS::MadgwickAHRS(float)
 .text._ZN3IMUC2EP17I2C_HandleTypeDef
                0x08009aa0       0x78 ./ImuLibrary/Src/Mpu.o
                0x08009aa0                IMU::IMU(I2C_HandleTypeDef*)
                0x08009aa0                IMU::IMU(I2C_HandleTypeDef*)
 .text._ZN3IMU10YapilandirEv
                0x08009b18       0xfa ./ImuLibrary/Src/Mpu.o
                0x08009b18                IMU::Yapilandir()
 .text._ZN3IMU6accOkuEv
                0x08009c12       0x7e ./ImuLibrary/Src/Mpu.o
                0x08009c12                IMU::accOku()
 .text._ZN3IMU11sicaklikOkuEv
                0x08009c90       0x7c ./ImuLibrary/Src/Mpu.o
                0x08009c90                IMU::sicaklikOku()
 .text._ZN3IMU7gyroOkuEv
                0x08009d0c       0x7e ./ImuLibrary/Src/Mpu.o
                0x08009d0c                IMU::gyroOku()
 *fill*         0x08009d8a        0x2 
 .text._ZN3IMU9kalibreEtEv
                0x08009d8c       0xe0 ./ImuLibrary/Src/Mpu.o
                0x08009d8c                IMU::kalibreEt()
 .text._ZN3IMU13gercekDataOkuEv
                0x08009e6c       0x9a ./ImuLibrary/Src/Mpu.o
                0x08009e6c                IMU::gercekDataOku()
 *fill*         0x08009f06        0x2 
 .text._ZN3IMU6aciBulEv
                0x08009f08      0x180 ./ImuLibrary/Src/Mpu.o
                0x08009f08                IMU::aciBul()
 .text._ZN3IMU7PitchAlEv
                0x0800a088       0x18 ./ImuLibrary/Src/Mpu.o
                0x0800a088                IMU::PitchAl()
 .text._ZN3IMU6RollAlEv
                0x0800a0a0       0x18 ./ImuLibrary/Src/Mpu.o
                0x0800a0a0                IMU::RollAl()
 .text._ZN3IMU5YawAlEv
                0x0800a0b8       0x18 ./ImuLibrary/Src/Mpu.o
                0x0800a0b8                IMU::YawAl()
 .text._ZN3IMU10SicaklikAlEv
                0x0800a0d0       0x18 ./ImuLibrary/Src/Mpu.o
                0x0800a0d0                IMU::SicaklikAl()
 .text.makeFreeRtosPriority
                0x0800a0e8       0x30 ./Middlewares/Third_Party/FreeRTOS/Source/CMSIS_RTOS/cmsis_os.o
 .text.osKernelStart
                0x0800a118        0xe ./Middlewares/Third_Party/FreeRTOS/Source/CMSIS_RTOS/cmsis_os.o
                0x0800a118                osKernelStart
 .text.osThreadCreate
                0x0800a126       0x98 ./Middlewares/Third_Party/FreeRTOS/Source/CMSIS_RTOS/cmsis_os.o
                0x0800a126                osThreadCreate
 .text.osDelay  0x0800a1be       0x28 ./Middlewares/Third_Party/FreeRTOS/Source/CMSIS_RTOS/cmsis_os.o
                0x0800a1be                osDelay
 .text.osDelayUntil
                0x0800a1e6       0x2c ./Middlewares/Third_Party/FreeRTOS/Source/CMSIS_RTOS/cmsis_os.o
                0x0800a1e6                osDelayUntil
 .text.vListInitialise
                0x0800a212       0x40 ./Middlewares/Third_Party/FreeRTOS/Source/list.o
                0x0800a212                vListInitialise
 .text.vListInitialiseItem
                0x0800a252       0x1a ./Middlewares/Third_Party/FreeRTOS/Source/list.o
                0x0800a252                vListInitialiseItem
 .text.vListInsertEnd
                0x0800a26c       0x48 ./Middlewares/Third_Party/FreeRTOS/Source/list.o
                0x0800a26c                vListInsertEnd
 .text.vListInsert
                0x0800a2b4       0x72 ./Middlewares/Third_Party/FreeRTOS/Source/list.o
                0x0800a2b4                vListInsert
 .text.uxListRemove
                0x0800a326       0x54 ./Middlewares/Third_Party/FreeRTOS/Source/list.o
                0x0800a326                uxListRemove
 .text.xTaskCreateStatic
                0x0800a37a       0xc0 ./Middlewares/Third_Party/FreeRTOS/Source/tasks.o
                0x0800a37a                xTaskCreateStatic
 .text.xTaskCreate
                0x0800a43a       0x8a ./Middlewares/Third_Party/FreeRTOS/Source/tasks.o
                0x0800a43a                xTaskCreate
 .text.prvInitialiseNewTask
                0x0800a4c4      0x140 ./Middlewares/Third_Party/FreeRTOS/Source/tasks.o
 .text.prvAddNewTaskToReadyList
                0x0800a604       0xd4 ./Middlewares/Third_Party/FreeRTOS/Source/tasks.o
 .text.vTaskDelayUntil
                0x0800a6d8      0x100 ./Middlewares/Third_Party/FreeRTOS/Source/tasks.o
                0x0800a6d8                vTaskDelayUntil
 .text.vTaskDelay
                0x0800a7d8       0x6c ./Middlewares/Third_Party/FreeRTOS/Source/tasks.o
                0x0800a7d8                vTaskDelay
 .text.vTaskStartScheduler
                0x0800a844       0xd4 ./Middlewares/Third_Party/FreeRTOS/Source/tasks.o
                0x0800a844                vTaskStartScheduler
 .text.vTaskSuspendAll
                0x0800a918       0x1c ./Middlewares/Third_Party/FreeRTOS/Source/tasks.o
                0x0800a918                vTaskSuspendAll
 .text.xTaskResumeAll
                0x0800a934      0x13c ./Middlewares/Third_Party/FreeRTOS/Source/tasks.o
                0x0800a934                xTaskResumeAll
 .text.xTaskGetTickCount
                0x0800aa70       0x20 ./Middlewares/Third_Party/FreeRTOS/Source/tasks.o
                0x0800aa70                xTaskGetTickCount
 .text.xTaskIncrementTick
                0x0800aa90      0x174 ./Middlewares/Third_Party/FreeRTOS/Source/tasks.o
                0x0800aa90                xTaskIncrementTick
 .text.vTaskSwitchContext
                0x0800ac04       0xc8 ./Middlewares/Third_Party/FreeRTOS/Source/tasks.o
                0x0800ac04                vTaskSwitchContext
 .text.prvIdleTask
                0x0800accc       0x30 ./Middlewares/Third_Party/FreeRTOS/Source/tasks.o
 .text.prvInitialiseTaskLists
                0x0800acfc       0x80 ./Middlewares/Third_Party/FreeRTOS/Source/tasks.o
 .text.prvCheckTasksWaitingTermination
                0x0800ad7c       0x5c ./Middlewares/Third_Party/FreeRTOS/Source/tasks.o
 .text.prvDeleteTCB
                0x0800add8       0x6a ./Middlewares/Third_Party/FreeRTOS/Source/tasks.o
 *fill*         0x0800ae42        0x2 
 .text.prvResetNextTaskUnblockTime
                0x0800ae44       0x40 ./Middlewares/Third_Party/FreeRTOS/Source/tasks.o
 .text.prvAddCurrentTaskToDelayedList
                0x0800ae84       0xcc ./Middlewares/Third_Party/FreeRTOS/Source/tasks.o
 .text.pxPortInitialiseStack
                0x0800af50       0x68 ./Middlewares/Third_Party/FreeRTOS/Source/portable/GCC/ARM_CM4F/port.o
                0x0800af50                pxPortInitialiseStack
 .text.prvTaskExitError
                0x0800afb8       0x5c ./Middlewares/Third_Party/FreeRTOS/Source/portable/GCC/ARM_CM4F/port.o
 *fill*         0x0800b014        0xc 
 .text.SVC_Handler
                0x0800b020       0x28 ./Middlewares/Third_Party/FreeRTOS/Source/portable/GCC/ARM_CM4F/port.o
                0x0800b020                SVC_Handler
 .text.prvPortStartFirstTask
                0x0800b048       0x28 ./Middlewares/Third_Party/FreeRTOS/Source/portable/GCC/ARM_CM4F/port.o
 .text.xPortStartScheduler
                0x0800b070      0x148 ./Middlewares/Third_Party/FreeRTOS/Source/portable/GCC/ARM_CM4F/port.o
                0x0800b070                xPortStartScheduler
 .text.vPortEnterCritical
                0x0800b1b8       0x64 ./Middlewares/Third_Party/FreeRTOS/Source/portable/GCC/ARM_CM4F/port.o
                0x0800b1b8                vPortEnterCritical
 .text.vPortExitCritical
                0x0800b21c       0x54 ./Middlewares/Third_Party/FreeRTOS/Source/portable/GCC/ARM_CM4F/port.o
                0x0800b21c                vPortExitCritical
 .text.PendSV_Handler
                0x0800b270       0x68 ./Middlewares/Third_Party/FreeRTOS/Source/portable/GCC/ARM_CM4F/port.o
                0x0800b270                PendSV_Handler
 .text.SysTick_Handler
                0x0800b2d8       0x44 ./Middlewares/Third_Party/FreeRTOS/Source/portable/GCC/ARM_CM4F/port.o
                0x0800b2d8                SysTick_Handler
 .text.vPortSetupTimerInterrupt
                0x0800b31c       0x48 ./Middlewares/Third_Party/FreeRTOS/Source/portable/GCC/ARM_CM4F/port.o
                0x0800b31c                vPortSetupTimerInterrupt
 .text.vPortEnableVFP
                0x0800b364       0x14 ./Middlewares/Third_Party/FreeRTOS/Source/portable/GCC/ARM_CM4F/port.o
 .text.pvPortMalloc
                0x0800b378      0x19c ./Middlewares/Third_Party/FreeRTOS/Source/portable/MemMang/heap_4.o
                0x0800b378                pvPortMalloc
 .text.vPortFree
                0x0800b514       0xc8 ./Middlewares/Third_Party/FreeRTOS/Source/portable/MemMang/heap_4.o
                0x0800b514                vPortFree
 .text.prvHeapInit
                0x0800b5dc       0xc4 ./Middlewares/Third_Party/FreeRTOS/Source/portable/MemMang/heap_4.o
 .text.prvInsertBlockIntoFreeList
                0x0800b6a0       0xb4 ./Middlewares/Third_Party/FreeRTOS/Source/portable/MemMang/heap_4.o
 .text._ZN5PaketC2EP20__UART_HandleTypeDef
                0x0800b754       0xe6 ./PaketLibrary/Src/Paket.o
                0x0800b754                Paket::Paket(__UART_HandleTypeDef*)
                0x0800b754                Paket::Paket(__UART_HandleTypeDef*)
 .text._ZN5PaketC2Ehhhh
                0x0800b83a      0x110 ./PaketLibrary/Src/Paket.o
                0x0800b83a                Paket::Paket(unsigned char, unsigned char, unsigned char, unsigned char)
                0x0800b83a                Paket::Paket(unsigned char, unsigned char, unsigned char, unsigned char)
 .text._ZN5Paket20PaketKesmeYapilandirEv
                0x0800b94a       0x20 ./PaketLibrary/Src/Paket.o
                0x0800b94a                Paket::PaketKesmeYapilandir()
 .text._ZN5Paket15GpsPaketOlusturEffff
                0x0800b96a       0xd0 ./PaketLibrary/Src/Paket.o
                0x0800b96a                Paket::GpsPaketOlustur(float, float, float, float)
 .text._ZN5Paket18KalmanPaketOlusturEff
                0x0800ba3a       0xa4 ./PaketLibrary/Src/Paket.o
                0x0800ba3a                Paket::KalmanPaketOlustur(float, float)
 .text._ZN5Paket15ImuPaketOlusturEffff
                0x0800bade       0xe6 ./PaketLibrary/Src/Paket.o
                0x0800bade                Paket::ImuPaketOlustur(float, float, float, float)
 .text._ZN5Paket15RPMPaketOlusturEff
                0x0800bbc4       0xa4 ./PaketLibrary/Src/Paket.o
                0x0800bbc4                Paket::RPMPaketOlustur(float, float)
 .text._ZN5Paket20VersiyonPaketOlusturEhhh
                0x0800bc68       0x84 ./PaketLibrary/Src/Paket.o
                0x0800bc68                Paket::VersiyonPaketOlustur(unsigned char, unsigned char, unsigned char)
 .text._ZN5Paket19YoklamaPaketOlusturEv
                0x0800bcec       0x72 ./PaketLibrary/Src/Paket.o
                0x0800bcec                Paket::YoklamaPaketOlustur()
 .text._ZN5Paket16RotaPaketOlusturEv
                0x0800bd5e       0x72 ./PaketLibrary/Src/Paket.o
                0x0800bd5e                Paket::RotaPaketOlustur()
 .text._ZN5Paket17KomutPaketOlusturEfff
                0x0800bdd0       0xce ./PaketLibrary/Src/Paket.o
                0x0800bdd0                Paket::KomutPaketOlustur(float, float, float)
 .text._ZN5Paket13gpsPaketCagirEPh
                0x0800be9e       0x20 ./PaketLibrary/Src/Paket.o
                0x0800be9e                Paket::gpsPaketCagir(unsigned char*)
 .text._ZN5Paket13imuPaketCagirEPh
                0x0800bebe       0x22 ./PaketLibrary/Src/Paket.o
                0x0800bebe                Paket::imuPaketCagir(unsigned char*)
 .text._ZN5Paket18versiyonPaketCagirEPh
                0x0800bee0       0x22 ./PaketLibrary/Src/Paket.o
                0x0800bee0                Paket::versiyonPaketCagir(unsigned char*)
 .text._ZN5Paket17yoklamaPaketCagirEPh
                0x0800bf02       0x22 ./PaketLibrary/Src/Paket.o
                0x0800bf02                Paket::yoklamaPaketCagir(unsigned char*)
 .text._ZN5Paket14rotaPaketCagirEPh
                0x0800bf24       0x22 ./PaketLibrary/Src/Paket.o
                0x0800bf24                Paket::rotaPaketCagir(unsigned char*)
 .text._ZN5Paket15komutPaketCagirEPh
                0x0800bf46       0x22 ./PaketLibrary/Src/Paket.o
                0x0800bf46                Paket::komutPaketCagir(unsigned char*)
 .text._ZN5Paket16kalmanPaketCagirEPh
                0x0800bf68       0x20 ./PaketLibrary/Src/Paket.o
                0x0800bf68                Paket::kalmanPaketCagir(unsigned char*)
 .text._ZN5Paket13rpmPaketCagirEPh
                0x0800bf88       0x20 ./PaketLibrary/Src/Paket.o
                0x0800bf88                Paket::rpmPaketCagir(unsigned char*)
 .text._ZN5Paket20DataAlveBayrakKaldirEv
                0x0800bfa8       0x60 ./PaketLibrary/Src/Paket.o
                0x0800bfa8                Paket::DataAlveBayrakKaldir()
 .text._ZN5Paket8PaketCozEv
                0x0800c008      0x450 ./PaketLibrary/Src/Paket.o
                0x0800c008                Paket::PaketCoz()
 .text._ZN5Paket13CRC8HesaplamaEPhhh
                0x0800c458       0x7c ./PaketLibrary/Src/Paket.o
                0x0800c458                Paket::CRC8Hesaplama(unsigned char*, unsigned char, unsigned char)
 .text._ZN5Paket12bytesToFloatEPhl
                0x0800c4d4       0xb4 ./PaketLibrary/Src/Paket.o
                0x0800c4d4                Paket::bytesToFloat(unsigned char*, long)
 .text._ZN5Paket12floatToBytesEPfPh
                0x0800c588       0x40 ./PaketLibrary/Src/Paket.o
                0x0800c588                Paket::floatToBytes(float*, unsigned char*)
 .text.atan2    0x0800c5c8        0x4 C:/ST/STM32CubeIDE_1.18.1/STM32CubeIDE/plugins/com.st.stm32cube.ide.mcu.externaltools.gnu-tools-for-stm32.13.3.rel1.win32_1.0.0.202411081344/tools/bin/../lib/gcc/arm-none-eabi/13.3.1/../../../../arm-none-eabi/lib/thumb/v7e-m+fp/hard\libm.a(libm_a-w_atan2.o)
                0x0800c5c8                atan2
 *fill*         0x0800c5cc        0x4 
 .text.cos      0x0800c5d0       0xa8 C:/ST/STM32CubeIDE_1.18.1/STM32CubeIDE/plugins/com.st.stm32cube.ide.mcu.externaltools.gnu-tools-for-stm32.13.3.rel1.win32_1.0.0.202411081344/tools/bin/../lib/gcc/arm-none-eabi/13.3.1/../../../../arm-none-eabi/lib/thumb/v7e-m+fp/hard\libm.a(libm_a-s_cos.o)
                0x0800c5d0                cos
 .text.sin      0x0800c678       0xa8 C:/ST/STM32CubeIDE_1.18.1/STM32CubeIDE/plugins/com.st.stm32cube.ide.mcu.externaltools.gnu-tools-for-stm32.13.3.rel1.win32_1.0.0.202411081344/tools/bin/../lib/gcc/arm-none-eabi/13.3.1/../../../../arm-none-eabi/lib/thumb/v7e-m+fp/hard\libm.a(libm_a-s_sin.o)
                0x0800c678                sin
 .text.asinf    0x0800c720       0x58 C:/ST/STM32CubeIDE_1.18.1/STM32CubeIDE/plugins/com.st.stm32cube.ide.mcu.externaltools.gnu-tools-for-stm32.13.3.rel1.win32_1.0.0.202411081344/tools/bin/../lib/gcc/arm-none-eabi/13.3.1/../../../../arm-none-eabi/lib/thumb/v7e-m+fp/hard\libm.a(libm_a-wf_asin.o)
                0x0800c720                asinf
 .text.atan2f   0x0800c778        0x4 C:/ST/STM32CubeIDE_1.18.1/STM32CubeIDE/plugins/com.st.stm32cube.ide.mcu.externaltools.gnu-tools-for-stm32.13.3.rel1.win32_1.0.0.202411081344/tools/bin/../lib/gcc/arm-none-eabi/13.3.1/../../../../arm-none-eabi/lib/thumb/v7e-m+fp/hard\libm.a(libm_a-wf_atan2.o)
                0x0800c778                atan2f
 .text.sqrtf    0x0800c77c       0x3c C:/ST/STM32CubeIDE_1.18.1/STM32CubeIDE/plugins/com.st.stm32cube.ide.mcu.externaltools.gnu-tools-for-stm32.13.3.rel1.win32_1.0.0.202411081344/tools/bin/../lib/gcc/arm-none-eabi/13.3.1/../../../../arm-none-eabi/lib/thumb/v7e-m+fp/hard\libm.a(libm_a-wf_sqrt.o)
                0x0800c77c                sqrtf
 .text.cosf     0x0800c7b8       0x88 C:/ST/STM32CubeIDE_1.18.1/STM32CubeIDE/plugins/com.st.stm32cube.ide.mcu.externaltools.gnu-tools-for-stm32.13.3.rel1.win32_1.0.0.202411081344/tools/bin/../lib/gcc/arm-none-eabi/13.3.1/../../../../arm-none-eabi/lib/thumb/v7e-m+fp/hard\libm.a(libm_a-sf_cos.o)
                0x0800c7b8                cosf
 .text.fabsf    0x0800c840        0xe C:/ST/STM32CubeIDE_1.18.1/STM32CubeIDE/plugins/com.st.stm32cube.ide.mcu.externaltools.gnu-tools-for-stm32.13.3.rel1.win32_1.0.0.202411081344/tools/bin/../lib/gcc/arm-none-eabi/13.3.1/../../../../arm-none-eabi/lib/thumb/v7e-m+fp/hard\libm.a(libm_a-sf_fabs.o)
                0x0800c840                fabsf
 *fill*         0x0800c84e        0x2 
 .text.sinf     0x0800c850       0x8c C:/ST/STM32CubeIDE_1.18.1/STM32CubeIDE/plugins/com.st.stm32cube.ide.mcu.externaltools.gnu-tools-for-stm32.13.3.rel1.win32_1.0.0.202411081344/tools/bin/../lib/gcc/arm-none-eabi/13.3.1/../../../../arm-none-eabi/lib/thumb/v7e-m+fp/hard\libm.a(libm_a-sf_sin.o)
                0x0800c850                sinf
 .text.copysignf
                0x0800c8dc       0x16 C:/ST/STM32CubeIDE_1.18.1/STM32CubeIDE/plugins/com.st.stm32cube.ide.mcu.externaltools.gnu-tools-for-stm32.13.3.rel1.win32_1.0.0.202411081344/tools/bin/../lib/gcc/arm-none-eabi/13.3.1/../../../../arm-none-eabi/lib/thumb/v7e-m+fp/hard\libm.a(libm_a-sf_copysign.o)
                0x0800c8dc                copysignf
 *fill*         0x0800c8f2        0x2 
 .text.nanf     0x0800c8f4        0xc C:/ST/STM32CubeIDE_1.18.1/STM32CubeIDE/plugins/com.st.stm32cube.ide.mcu.externaltools.gnu-tools-for-stm32.13.3.rel1.win32_1.0.0.202411081344/tools/bin/../lib/gcc/arm-none-eabi/13.3.1/../../../../arm-none-eabi/lib/thumb/v7e-m+fp/hard\libm.a(libm_a-sf_nan.o)
                0x0800c8f4                nanf
 .text.__ieee754_sqrtf
                0x0800c900        0x6 C:/ST/STM32CubeIDE_1.18.1/STM32CubeIDE/plugins/com.st.stm32cube.ide.mcu.externaltools.gnu-tools-for-stm32.13.3.rel1.win32_1.0.0.202411081344/tools/bin/../lib/gcc/arm-none-eabi/13.3.1/../../../../arm-none-eabi/lib/thumb/v7e-m+fp/hard\libm.a(libm_a-ef_sqrt.o)
                0x0800c900                __ieee754_sqrtf
 *fill*         0x0800c906        0x2 
 .text.__kernel_cos
                0x0800c908      0x18c C:/ST/STM32CubeIDE_1.18.1/STM32CubeIDE/plugins/com.st.stm32cube.ide.mcu.externaltools.gnu-tools-for-stm32.13.3.rel1.win32_1.0.0.202411081344/tools/bin/../lib/gcc/arm-none-eabi/13.3.1/../../../../arm-none-eabi/lib/thumb/v7e-m+fp/hard\libm.a(libm_a-k_cos.o)
                0x0800c908                __kernel_cos
 *fill*         0x0800ca94        0x4 
 .text.__kernel_sin
                0x0800ca98      0x174 C:/ST/STM32CubeIDE_1.18.1/STM32CubeIDE/plugins/com.st.stm32cube.ide.mcu.externaltools.gnu-tools-for-stm32.13.3.rel1.win32_1.0.0.202411081344/tools/bin/../lib/gcc/arm-none-eabi/13.3.1/../../../../arm-none-eabi/lib/thumb/v7e-m+fp/hard\libm.a(libm_a-k_sin.o)
                0x0800ca98                __kernel_sin
 *fill*         0x0800cc0c        0x4 
 .text.__ieee754_atan2
                0x0800cc10      0x18c C:/ST/STM32CubeIDE_1.18.1/STM32CubeIDE/plugins/com.st.stm32cube.ide.mcu.externaltools.gnu-tools-for-stm32.13.3.rel1.win32_1.0.0.202411081344/tools/bin/../lib/gcc/arm-none-eabi/13.3.1/../../../../arm-none-eabi/lib/thumb/v7e-m+fp/hard\libm.a(libm_a-e_atan2.o)
                0x0800cc10                __ieee754_atan2
 *fill*         0x0800cd9c        0x4 
 .text.__ieee754_rem_pio2
                0x0800cda0      0x3f8 C:/ST/STM32CubeIDE_1.18.1/STM32CubeIDE/plugins/com.st.stm32cube.ide.mcu.externaltools.gnu-tools-for-stm32.13.3.rel1.win32_1.0.0.202411081344/tools/bin/../lib/gcc/arm-none-eabi/13.3.1/../../../../arm-none-eabi/lib/thumb/v7e-m+fp/hard\libm.a(libm_a-e_rem_pio2.o)
                0x0800cda0                __ieee754_rem_pio2
 .text.atan     0x0800d198      0x330 C:/ST/STM32CubeIDE_1.18.1/STM32CubeIDE/plugins/com.st.stm32cube.ide.mcu.externaltools.gnu-tools-for-stm32.13.3.rel1.win32_1.0.0.202411081344/tools/bin/../lib/gcc/arm-none-eabi/13.3.1/../../../../arm-none-eabi/lib/thumb/v7e-m+fp/hard\libm.a(libm_a-s_atan.o)
                0x0800d198                atan
 .text.fabs     0x0800d4c8       0x10 C:/ST/STM32CubeIDE_1.18.1/STM32CubeIDE/plugins/com.st.stm32cube.ide.mcu.externaltools.gnu-tools-for-stm32.13.3.rel1.win32_1.0.0.202411081344/tools/bin/../lib/gcc/arm-none-eabi/13.3.1/../../../../arm-none-eabi/lib/thumb/v7e-m+fp/hard\libm.a(libm_a-s_fabs.o)
                0x0800d4c8                fabs
 .text.__kernel_cosf
                0x0800d4d8       0xb0 C:/ST/STM32CubeIDE_1.18.1/STM32CubeIDE/plugins/com.st.stm32cube.ide.mcu.externaltools.gnu-tools-for-stm32.13.3.rel1.win32_1.0.0.202411081344/tools/bin/../lib/gcc/arm-none-eabi/13.3.1/../../../../arm-none-eabi/lib/thumb/v7e-m+fp/hard\libm.a(libm_a-kf_cos.o)
                0x0800d4d8                __kernel_cosf
 .text.__kernel_sinf
                0x0800d588       0x90 C:/ST/STM32CubeIDE_1.18.1/STM32CubeIDE/plugins/com.st.stm32cube.ide.mcu.externaltools.gnu-tools-for-stm32.13.3.rel1.win32_1.0.0.202411081344/tools/bin/../lib/gcc/arm-none-eabi/13.3.1/../../../../arm-none-eabi/lib/thumb/v7e-m+fp/hard\libm.a(libm_a-kf_sin.o)
                0x0800d588                __kernel_sinf
 .text.__ieee754_asinf
                0x0800d618      0x1c8 C:/ST/STM32CubeIDE_1.18.1/STM32CubeIDE/plugins/com.st.stm32cube.ide.mcu.externaltools.gnu-tools-for-stm32.13.3.rel1.win32_1.0.0.202411081344/tools/bin/../lib/gcc/arm-none-eabi/13.3.1/../../../../arm-none-eabi/lib/thumb/v7e-m+fp/hard\libm.a(libm_a-ef_asin.o)
                0x0800d618                __ieee754_asinf
 .text.__ieee754_atan2f
                0x0800d7e0      0x140 C:/ST/STM32CubeIDE_1.18.1/STM32CubeIDE/plugins/com.st.stm32cube.ide.mcu.externaltools.gnu-tools-for-stm32.13.3.rel1.win32_1.0.0.202411081344/tools/bin/../lib/gcc/arm-none-eabi/13.3.1/../../../../arm-none-eabi/lib/thumb/v7e-m+fp/hard\libm.a(libm_a-ef_atan2.o)
                0x0800d7e0                __ieee754_atan2f
 .text.__ieee754_rem_pio2f
                0x0800d920      0x260 C:/ST/STM32CubeIDE_1.18.1/STM32CubeIDE/plugins/com.st.stm32cube.ide.mcu.externaltools.gnu-tools-for-stm32.13.3.rel1.win32_1.0.0.202411081344/tools/bin/../lib/gcc/arm-none-eabi/13.3.1/../../../../arm-none-eabi/lib/thumb/v7e-m+fp/hard\libm.a(libm_a-ef_rem_pio2.o)
                0x0800d920                __ieee754_rem_pio2f
 .text.atanf    0x0800db80      0x1a8 C:/ST/STM32CubeIDE_1.18.1/STM32CubeIDE/plugins/com.st.stm32cube.ide.mcu.externaltools.gnu-tools-for-stm32.13.3.rel1.win32_1.0.0.202411081344/tools/bin/../lib/gcc/arm-none-eabi/13.3.1/../../../../arm-none-eabi/lib/thumb/v7e-m+fp/hard\libm.a(libm_a-sf_atan.o)
                0x0800db80                atanf
 .text.__kernel_rem_pio2
                0x0800dd28      0x6a0 C:/ST/STM32CubeIDE_1.18.1/STM32CubeIDE/plugins/com.st.stm32cube.ide.mcu.externaltools.gnu-tools-for-stm32.13.3.rel1.win32_1.0.0.202411081344/tools/bin/../lib/gcc/arm-none-eabi/13.3.1/../../../../arm-none-eabi/lib/thumb/v7e-m+fp/hard\libm.a(libm_a-k_rem_pio2.o)
                0x0800dd28                __kernel_rem_pio2
 .text.__kernel_rem_pio2f
                0x0800e3c8      0x4d0 C:/ST/STM32CubeIDE_1.18.1/STM32CubeIDE/plugins/com.st.stm32cube.ide.mcu.externaltools.gnu-tools-for-stm32.13.3.rel1.win32_1.0.0.202411081344/tools/bin/../lib/gcc/arm-none-eabi/13.3.1/../../../../arm-none-eabi/lib/thumb/v7e-m+fp/hard\libm.a(libm_a-kf_rem_pio2.o)
                0x0800e3c8                __kernel_rem_pio2f
 .text.scalbn   0x0800e898       0xf4 C:/ST/STM32CubeIDE_1.18.1/STM32CubeIDE/plugins/com.st.stm32cube.ide.mcu.externaltools.gnu-tools-for-stm32.13.3.rel1.win32_1.0.0.202411081344/tools/bin/../lib/gcc/arm-none-eabi/13.3.1/../../../../arm-none-eabi/lib/thumb/v7e-m+fp/hard\libm.a(libm_a-s_scalbn.o)
                0x0800e898                scalbn
 .text.scalbnf  0x0800e98c       0xcc C:/ST/STM32CubeIDE_1.18.1/STM32CubeIDE/plugins/com.st.stm32cube.ide.mcu.externaltools.gnu-tools-for-stm32.13.3.rel1.win32_1.0.0.202411081344/tools/bin/../lib/gcc/arm-none-eabi/13.3.1/../../../../arm-none-eabi/lib/thumb/v7e-m+fp/hard\libm.a(libm_a-sf_scalbn.o)
                0x0800e98c                scalbnf
 .text.floor    0x0800ea58       0xf8 C:/ST/STM32CubeIDE_1.18.1/STM32CubeIDE/plugins/com.st.stm32cube.ide.mcu.externaltools.gnu-tools-for-stm32.13.3.rel1.win32_1.0.0.202411081344/tools/bin/../lib/gcc/arm-none-eabi/13.3.1/../../../../arm-none-eabi/lib/thumb/v7e-m+fp/hard\libm.a(libm_a-s_floor.o)
                0x0800ea58                floor
 .text.floorf   0x0800eb50       0x88 C:/ST/STM32CubeIDE_1.18.1/STM32CubeIDE/plugins/com.st.stm32cube.ide.mcu.externaltools.gnu-tools-for-stm32.13.3.rel1.win32_1.0.0.202411081344/tools/bin/../lib/gcc/arm-none-eabi/13.3.1/../../../../arm-none-eabi/lib/thumb/v7e-m+fp/hard\libm.a(libm_a-sf_floor.o)
                0x0800eb50                floorf
 .text._calloc_r
                0x0800ebd8       0x28 C:/ST/STM32CubeIDE_1.18.1/STM32CubeIDE/plugins/com.st.stm32cube.ide.mcu.externaltools.gnu-tools-for-stm32.13.3.rel1.win32_1.0.0.202411081344/tools/bin/../lib/gcc/arm-none-eabi/13.3.1/../../../../arm-none-eabi/lib/thumb/v7e-m+fp/hard\libc_nano.a(libc_a-callocr.o)
                0x0800ebd8                _calloc_r
 .text.malloc   0x0800ec00       0x10 C:/ST/STM32CubeIDE_1.18.1/STM32CubeIDE/plugins/com.st.stm32cube.ide.mcu.externaltools.gnu-tools-for-stm32.13.3.rel1.win32_1.0.0.202411081344/tools/bin/../lib/gcc/arm-none-eabi/13.3.1/../../../../arm-none-eabi/lib/thumb/v7e-m+fp/hard\libc_nano.a(libc_a-malloc.o)
                0x0800ec00                malloc
 .text.sbrk_aligned
                0x0800ec10       0x44 C:/ST/STM32CubeIDE_1.18.1/STM32CubeIDE/plugins/com.st.stm32cube.ide.mcu.externaltools.gnu-tools-for-stm32.13.3.rel1.win32_1.0.0.202411081344/tools/bin/../lib/gcc/arm-none-eabi/13.3.1/../../../../arm-none-eabi/lib/thumb/v7e-m+fp/hard\libc_nano.a(libc_a-mallocr.o)
 .text._malloc_r
                0x0800ec54      0x100 C:/ST/STM32CubeIDE_1.18.1/STM32CubeIDE/plugins/com.st.stm32cube.ide.mcu.externaltools.gnu-tools-for-stm32.13.3.rel1.win32_1.0.0.202411081344/tools/bin/../lib/gcc/arm-none-eabi/13.3.1/../../../../arm-none-eabi/lib/thumb/v7e-m+fp/hard\libc_nano.a(libc_a-mallocr.o)
                0x0800ec54                _malloc_r
 .text.__malloc_lock
                0x0800ed54        0xc C:/ST/STM32CubeIDE_1.18.1/STM32CubeIDE/plugins/com.st.stm32cube.ide.mcu.externaltools.gnu-tools-for-stm32.13.3.rel1.win32_1.0.0.202411081344/tools/bin/../lib/gcc/arm-none-eabi/13.3.1/../../../../arm-none-eabi/lib/thumb/v7e-m+fp/hard\libc_nano.a(libc_a-mlock.o)
                0x0800ed54                __malloc_lock
 .text.__malloc_unlock
                0x0800ed60        0xc C:/ST/STM32CubeIDE_1.18.1/STM32CubeIDE/plugins/com.st.stm32cube.ide.mcu.externaltools.gnu-tools-for-stm32.13.3.rel1.win32_1.0.0.202411081344/tools/bin/../lib/gcc/arm-none-eabi/13.3.1/../../../../arm-none-eabi/lib/thumb/v7e-m+fp/hard\libc_nano.a(libc_a-mlock.o)
                0x0800ed60                __malloc_unlock
 .text.sulp     0x0800ed6c       0x3c C:/ST/STM32CubeIDE_1.18.1/STM32CubeIDE/plugins/com.st.stm32cube.ide.mcu.externaltools.gnu-tools-for-stm32.13.3.rel1.win32_1.0.0.202411081344/tools/bin/../lib/gcc/arm-none-eabi/13.3.1/../../../../arm-none-eabi/lib/thumb/v7e-m+fp/hard\libc_nano.a(libc_a-strtod.o)
 .text._strtod_l
                0x0800eda8      0xbc8 C:/ST/STM32CubeIDE_1.18.1/STM32CubeIDE/plugins/com.st.stm32cube.ide.mcu.externaltools.gnu-tools-for-stm32.13.3.rel1.win32_1.0.0.202411081344/tools/bin/../lib/gcc/arm-none-eabi/13.3.1/../../../../arm-none-eabi/lib/thumb/v7e-m+fp/hard\libc_nano.a(libc_a-strtod.o)
                0x0800eda8                _strtod_l
 .text.strtod   0x0800f970       0x18 C:/ST/STM32CubeIDE_1.18.1/STM32CubeIDE/plugins/com.st.stm32cube.ide.mcu.externaltools.gnu-tools-for-stm32.13.3.rel1.win32_1.0.0.202411081344/tools/bin/../lib/gcc/arm-none-eabi/13.3.1/../../../../arm-none-eabi/lib/thumb/v7e-m+fp/hard\libc_nano.a(libc_a-strtod.o)
                0x0800f970                strtod
 .text.std      0x0800f988       0x6c C:/ST/STM32CubeIDE_1.18.1/STM32CubeIDE/plugins/com.st.stm32cube.ide.mcu.externaltools.gnu-tools-for-stm32.13.3.rel1.win32_1.0.0.202411081344/tools/bin/../lib/gcc/arm-none-eabi/13.3.1/../../../../arm-none-eabi/lib/thumb/v7e-m+fp/hard\libc_nano.a(libc_a-findfp.o)
 .text.stdio_exit_handler
                0x0800f9f4       0x18 C:/ST/STM32CubeIDE_1.18.1/STM32CubeIDE/plugins/com.st.stm32cube.ide.mcu.externaltools.gnu-tools-for-stm32.13.3.rel1.win32_1.0.0.202411081344/tools/bin/../lib/gcc/arm-none-eabi/13.3.1/../../../../arm-none-eabi/lib/thumb/v7e-m+fp/hard\libc_nano.a(libc_a-findfp.o)
 .text.cleanup_stdio
                0x0800fa0c       0x40 C:/ST/STM32CubeIDE_1.18.1/STM32CubeIDE/plugins/com.st.stm32cube.ide.mcu.externaltools.gnu-tools-for-stm32.13.3.rel1.win32_1.0.0.202411081344/tools/bin/../lib/gcc/arm-none-eabi/13.3.1/../../../../arm-none-eabi/lib/thumb/v7e-m+fp/hard\libc_nano.a(libc_a-findfp.o)
 .text.global_stdio_init.part.0
                0x0800fa4c       0x3c C:/ST/STM32CubeIDE_1.18.1/STM32CubeIDE/plugins/com.st.stm32cube.ide.mcu.externaltools.gnu-tools-for-stm32.13.3.rel1.win32_1.0.0.202411081344/tools/bin/../lib/gcc/arm-none-eabi/13.3.1/../../../../arm-none-eabi/lib/thumb/v7e-m+fp/hard\libc_nano.a(libc_a-findfp.o)
 .text.__sfp_lock_acquire
                0x0800fa88        0xc C:/ST/STM32CubeIDE_1.18.1/STM32CubeIDE/plugins/com.st.stm32cube.ide.mcu.externaltools.gnu-tools-for-stm32.13.3.rel1.win32_1.0.0.202411081344/tools/bin/../lib/gcc/arm-none-eabi/13.3.1/../../../../arm-none-eabi/lib/thumb/v7e-m+fp/hard\libc_nano.a(libc_a-findfp.o)
                0x0800fa88                __sfp_lock_acquire
 .text.__sfp_lock_release
                0x0800fa94        0xc C:/ST/STM32CubeIDE_1.18.1/STM32CubeIDE/plugins/com.st.stm32cube.ide.mcu.externaltools.gnu-tools-for-stm32.13.3.rel1.win32_1.0.0.202411081344/tools/bin/../lib/gcc/arm-none-eabi/13.3.1/../../../../arm-none-eabi/lib/thumb/v7e-m+fp/hard\libc_nano.a(libc_a-findfp.o)
                0x0800fa94                __sfp_lock_release
 .text.__sinit  0x0800faa0       0x30 C:/ST/STM32CubeIDE_1.18.1/STM32CubeIDE/plugins/com.st.stm32cube.ide.mcu.externaltools.gnu-tools-for-stm32.13.3.rel1.win32_1.0.0.202411081344/tools/bin/../lib/gcc/arm-none-eabi/13.3.1/../../../../arm-none-eabi/lib/thumb/v7e-m+fp/hard\libc_nano.a(libc_a-findfp.o)
                0x0800faa0                __sinit
 .text._fwalk_sglue
                0x0800fad0       0x3c C:/ST/STM32CubeIDE_1.18.1/STM32CubeIDE/plugins/com.st.stm32cube.ide.mcu.externaltools.gnu-tools-for-stm32.13.3.rel1.win32_1.0.0.202411081344/tools/bin/../lib/gcc/arm-none-eabi/13.3.1/../../../../arm-none-eabi/lib/thumb/v7e-m+fp/hard\libc_nano.a(libc_a-fwalk.o)
                0x0800fad0                _fwalk_sglue
 .text.__sread  0x0800fb0c       0x22 C:/ST/STM32CubeIDE_1.18.1/STM32CubeIDE/plugins/com.st.stm32cube.ide.mcu.externaltools.gnu-tools-for-stm32.13.3.rel1.win32_1.0.0.202411081344/tools/bin/../lib/gcc/arm-none-eabi/13.3.1/../../../../arm-none-eabi/lib/thumb/v7e-m+fp/hard\libc_nano.a(libc_a-stdio.o)
                0x0800fb0c                __sread
 .text.__swrite
                0x0800fb2e       0x38 C:/ST/STM32CubeIDE_1.18.1/STM32CubeIDE/plugins/com.st.stm32cube.ide.mcu.externaltools.gnu-tools-for-stm32.13.3.rel1.win32_1.0.0.202411081344/tools/bin/../lib/gcc/arm-none-eabi/13.3.1/../../../../arm-none-eabi/lib/thumb/v7e-m+fp/hard\libc_nano.a(libc_a-stdio.o)
                0x0800fb2e                __swrite
 .text.__sseek  0x0800fb66       0x24 C:/ST/STM32CubeIDE_1.18.1/STM32CubeIDE/plugins/com.st.stm32cube.ide.mcu.externaltools.gnu-tools-for-stm32.13.3.rel1.win32_1.0.0.202411081344/tools/bin/../lib/gcc/arm-none-eabi/13.3.1/../../../../arm-none-eabi/lib/thumb/v7e-m+fp/hard\libc_nano.a(libc_a-stdio.o)
                0x0800fb66                __sseek
 .text.__sclose
                0x0800fb8a        0x8 C:/ST/STM32CubeIDE_1.18.1/STM32CubeIDE/plugins/com.st.stm32cube.ide.mcu.externaltools.gnu-tools-for-stm32.13.3.rel1.win32_1.0.0.202411081344/tools/bin/../lib/gcc/arm-none-eabi/13.3.1/../../../../arm-none-eabi/lib/thumb/v7e-m+fp/hard\libc_nano.a(libc_a-stdio.o)
                0x0800fb8a                __sclose
 .text.memset   0x0800fb92       0x10 C:/ST/STM32CubeIDE_1.18.1/STM32CubeIDE/plugins/com.st.stm32cube.ide.mcu.externaltools.gnu-tools-for-stm32.13.3.rel1.win32_1.0.0.202411081344/tools/bin/../lib/gcc/arm-none-eabi/13.3.1/../../../../arm-none-eabi/lib/thumb/v7e-m+fp/hard\libc_nano.a(libc_a-memset.o)
                0x0800fb92                memset
 .text.strncmp  0x0800fba2       0x24 C:/ST/STM32CubeIDE_1.18.1/STM32CubeIDE/plugins/com.st.stm32cube.ide.mcu.externaltools.gnu-tools-for-stm32.13.3.rel1.win32_1.0.0.202411081344/tools/bin/../lib/gcc/arm-none-eabi/13.3.1/../../../../arm-none-eabi/lib/thumb/v7e-m+fp/hard\libc_nano.a(libc_a-strncmp.o)
                0x0800fba2                strncmp
 *fill*         0x0800fbc6        0x2 
 .text._close_r
                0x0800fbc8       0x20 C:/ST/STM32CubeIDE_1.18.1/STM32CubeIDE/plugins/com.st.stm32cube.ide.mcu.externaltools.gnu-tools-for-stm32.13.3.rel1.win32_1.0.0.202411081344/tools/bin/../lib/gcc/arm-none-eabi/13.3.1/../../../../arm-none-eabi/lib/thumb/v7e-m+fp/hard\libc_nano.a(libc_a-closer.o)
                0x0800fbc8                _close_r
 .text._reclaim_reent
                0x0800fbe8       0xbc C:/ST/STM32CubeIDE_1.18.1/STM32CubeIDE/plugins/com.st.stm32cube.ide.mcu.externaltools.gnu-tools-for-stm32.13.3.rel1.win32_1.0.0.202411081344/tools/bin/../lib/gcc/arm-none-eabi/13.3.1/../../../../arm-none-eabi/lib/thumb/v7e-m+fp/hard\libc_nano.a(libc_a-reent.o)
                0x0800fbe8                _reclaim_reent
 .text._lseek_r
                0x0800fca4       0x24 C:/ST/STM32CubeIDE_1.18.1/STM32CubeIDE/plugins/com.st.stm32cube.ide.mcu.externaltools.gnu-tools-for-stm32.13.3.rel1.win32_1.0.0.202411081344/tools/bin/../lib/gcc/arm-none-eabi/13.3.1/../../../../arm-none-eabi/lib/thumb/v7e-m+fp/hard\libc_nano.a(libc_a-lseekr.o)
                0x0800fca4                _lseek_r
 .text._read_r  0x0800fcc8       0x24 C:/ST/STM32CubeIDE_1.18.1/STM32CubeIDE/plugins/com.st.stm32cube.ide.mcu.externaltools.gnu-tools-for-stm32.13.3.rel1.win32_1.0.0.202411081344/tools/bin/../lib/gcc/arm-none-eabi/13.3.1/../../../../arm-none-eabi/lib/thumb/v7e-m+fp/hard\libc_nano.a(libc_a-readr.o)
                0x0800fcc8                _read_r
 .text._sbrk_r  0x0800fcec       0x20 C:/ST/STM32CubeIDE_1.18.1/STM32CubeIDE/plugins/com.st.stm32cube.ide.mcu.externaltools.gnu-tools-for-stm32.13.3.rel1.win32_1.0.0.202411081344/tools/bin/../lib/gcc/arm-none-eabi/13.3.1/../../../../arm-none-eabi/lib/thumb/v7e-m+fp/hard\libc_nano.a(libc_a-sbrkr.o)
                0x0800fcec                _sbrk_r
 .text._write_r
                0x0800fd0c       0x24 C:/ST/STM32CubeIDE_1.18.1/STM32CubeIDE/plugins/com.st.stm32cube.ide.mcu.externaltools.gnu-tools-for-stm32.13.3.rel1.win32_1.0.0.202411081344/tools/bin/../lib/gcc/arm-none-eabi/13.3.1/../../../../arm-none-eabi/lib/thumb/v7e-m+fp/hard\libc_nano.a(libc_a-writer.o)
                0x0800fd0c                _write_r
 .text.__errno  0x0800fd30        0xc C:/ST/STM32CubeIDE_1.18.1/STM32CubeIDE/plugins/com.st.stm32cube.ide.mcu.externaltools.gnu-tools-for-stm32.13.3.rel1.win32_1.0.0.202411081344/tools/bin/../lib/gcc/arm-none-eabi/13.3.1/../../../../arm-none-eabi/lib/thumb/v7e-m+fp/hard\libc_nano.a(libc_a-errno.o)
                0x0800fd30                __errno
 .text.__libc_init_array
                0x0800fd3c       0x48 C:/ST/STM32CubeIDE_1.18.1/STM32CubeIDE/plugins/com.st.stm32cube.ide.mcu.externaltools.gnu-tools-for-stm32.13.3.rel1.win32_1.0.0.202411081344/tools/bin/../lib/gcc/arm-none-eabi/13.3.1/../../../../arm-none-eabi/lib/thumb/v7e-m+fp/hard\libc_nano.a(libc_a-init.o)
                0x0800fd3c                __libc_init_array
 .text.__retarget_lock_init_recursive
                0x0800fd84        0x2 C:/ST/STM32CubeIDE_1.18.1/STM32CubeIDE/plugins/com.st.stm32cube.ide.mcu.externaltools.gnu-tools-for-stm32.13.3.rel1.win32_1.0.0.202411081344/tools/bin/../lib/gcc/arm-none-eabi/13.3.1/../../../../arm-none-eabi/lib/thumb/v7e-m+fp/hard\libc_nano.a(libc_a-lock.o)
                0x0800fd84                __retarget_lock_init_recursive
 .text.__retarget_lock_acquire_recursive
                0x0800fd86        0x2 C:/ST/STM32CubeIDE_1.18.1/STM32CubeIDE/plugins/com.st.stm32cube.ide.mcu.externaltools.gnu-tools-for-stm32.13.3.rel1.win32_1.0.0.202411081344/tools/bin/../lib/gcc/arm-none-eabi/13.3.1/../../../../arm-none-eabi/lib/thumb/v7e-m+fp/hard\libc_nano.a(libc_a-lock.o)
                0x0800fd86                __retarget_lock_acquire_recursive
 .text.__retarget_lock_release_recursive
                0x0800fd88        0x2 C:/ST/STM32CubeIDE_1.18.1/STM32CubeIDE/plugins/com.st.stm32cube.ide.mcu.externaltools.gnu-tools-for-stm32.13.3.rel1.win32_1.0.0.202411081344/tools/bin/../lib/gcc/arm-none-eabi/13.3.1/../../../../arm-none-eabi/lib/thumb/v7e-m+fp/hard\libc_nano.a(libc_a-lock.o)
                0x0800fd88                __retarget_lock_release_recursive
 .text.memcpy   0x0800fd8a       0x1c C:/ST/STM32CubeIDE_1.18.1/STM32CubeIDE/plugins/com.st.stm32cube.ide.mcu.externaltools.gnu-tools-for-stm32.13.3.rel1.win32_1.0.0.202411081344/tools/bin/../lib/gcc/arm-none-eabi/13.3.1/../../../../arm-none-eabi/lib/thumb/v7e-m+fp/hard\libc_nano.a(libc_a-memcpy-stub.o)
                0x0800fd8a                memcpy
 *fill*         0x0800fda6        0x2 
 .text.nan      0x0800fda8       0x10 C:/ST/STM32CubeIDE_1.18.1/STM32CubeIDE/plugins/com.st.stm32cube.ide.mcu.externaltools.gnu-tools-for-stm32.13.3.rel1.win32_1.0.0.202411081344/tools/bin/../lib/gcc/arm-none-eabi/13.3.1/../../../../arm-none-eabi/lib/thumb/v7e-m+fp/hard\libc_nano.a(libm_a-s_nan.o)
                0x0800fda8                nan
 .text._free_r  0x0800fdb8       0x94 C:/ST/STM32CubeIDE_1.18.1/STM32CubeIDE/plugins/com.st.stm32cube.ide.mcu.externaltools.gnu-tools-for-stm32.13.3.rel1.win32_1.0.0.202411081344/tools/bin/../lib/gcc/arm-none-eabi/13.3.1/../../../../arm-none-eabi/lib/thumb/v7e-m+fp/hard\libc_nano.a(libc_a-freer.o)
                0x0800fdb8                _free_r
 .text.rshift   0x0800fe4c       0xa4 C:/ST/STM32CubeIDE_1.18.1/STM32CubeIDE/plugins/com.st.stm32cube.ide.mcu.externaltools.gnu-tools-for-stm32.13.3.rel1.win32_1.0.0.202411081344/tools/bin/../lib/gcc/arm-none-eabi/13.3.1/../../../../arm-none-eabi/lib/thumb/v7e-m+fp/hard\libc_nano.a(libc_a-gdtoa-gethex.o)
 .text.__hexdig_fun
                0x0800fef0       0x2a C:/ST/STM32CubeIDE_1.18.1/STM32CubeIDE/plugins/com.st.stm32cube.ide.mcu.externaltools.gnu-tools-for-stm32.13.3.rel1.win32_1.0.0.202411081344/tools/bin/../lib/gcc/arm-none-eabi/13.3.1/../../../../arm-none-eabi/lib/thumb/v7e-m+fp/hard\libc_nano.a(libc_a-gdtoa-gethex.o)
                0x0800fef0                __hexdig_fun
 *fill*         0x0800ff1a        0x2 
 .text.__gethex
                0x0800ff1c      0x420 C:/ST/STM32CubeIDE_1.18.1/STM32CubeIDE/plugins/com.st.stm32cube.ide.mcu.externaltools.gnu-tools-for-stm32.13.3.rel1.win32_1.0.0.202411081344/tools/bin/../lib/gcc/arm-none-eabi/13.3.1/../../../../arm-none-eabi/lib/thumb/v7e-m+fp/hard\libc_nano.a(libc_a-gdtoa-gethex.o)
                0x0800ff1c                __gethex
 .text.L_shift  0x0801033c       0x24 C:/ST/STM32CubeIDE_1.18.1/STM32CubeIDE/plugins/com.st.stm32cube.ide.mcu.externaltools.gnu-tools-for-stm32.13.3.rel1.win32_1.0.0.202411081344/tools/bin/../lib/gcc/arm-none-eabi/13.3.1/../../../../arm-none-eabi/lib/thumb/v7e-m+fp/hard\libc_nano.a(libc_a-gdtoa-hexnan.o)
 .text.__match  0x08010360       0x28 C:/ST/STM32CubeIDE_1.18.1/STM32CubeIDE/plugins/com.st.stm32cube.ide.mcu.externaltools.gnu-tools-for-stm32.13.3.rel1.win32_1.0.0.202411081344/tools/bin/../lib/gcc/arm-none-eabi/13.3.1/../../../../arm-none-eabi/lib/thumb/v7e-m+fp/hard\libc_nano.a(libc_a-gdtoa-hexnan.o)
                0x08010360                __match
 .text.__hexnan
                0x08010388      0x136 C:/ST/STM32CubeIDE_1.18.1/STM32CubeIDE/plugins/com.st.stm32cube.ide.mcu.externaltools.gnu-tools-for-stm32.13.3.rel1.win32_1.0.0.202411081344/tools/bin/../lib/gcc/arm-none-eabi/13.3.1/../../../../arm-none-eabi/lib/thumb/v7e-m+fp/hard\libc_nano.a(libc_a-gdtoa-hexnan.o)
                0x08010388                __hexnan
 .text.__ascii_mbtowc
                0x080104be       0x24 C:/ST/STM32CubeIDE_1.18.1/STM32CubeIDE/plugins/com.st.stm32cube.ide.mcu.externaltools.gnu-tools-for-stm32.13.3.rel1.win32_1.0.0.202411081344/tools/bin/../lib/gcc/arm-none-eabi/13.3.1/../../../../arm-none-eabi/lib/thumb/v7e-m+fp/hard\libc_nano.a(libc_a-mbtowc_r.o)
                0x080104be                __ascii_mbtowc
 *fill*         0x080104e2        0x2 
 .text._Balloc  0x080104e4       0x80 C:/ST/STM32CubeIDE_1.18.1/STM32CubeIDE/plugins/com.st.stm32cube.ide.mcu.externaltools.gnu-tools-for-stm32.13.3.rel1.win32_1.0.0.202411081344/tools/bin/../lib/gcc/arm-none-eabi/13.3.1/../../../../arm-none-eabi/lib/thumb/v7e-m+fp/hard\libc_nano.a(libc_a-mprec.o)
                0x080104e4                _Balloc
 .text._Bfree   0x08010564       0x44 C:/ST/STM32CubeIDE_1.18.1/STM32CubeIDE/plugins/com.st.stm32cube.ide.mcu.externaltools.gnu-tools-for-stm32.13.3.rel1.win32_1.0.0.202411081344/tools/bin/../lib/gcc/arm-none-eabi/13.3.1/../../../../arm-none-eabi/lib/thumb/v7e-m+fp/hard\libc_nano.a(libc_a-mprec.o)
                0x08010564                _Bfree
 .text.__multadd
                0x080105a8       0x8c C:/ST/STM32CubeIDE_1.18.1/STM32CubeIDE/plugins/com.st.stm32cube.ide.mcu.externaltools.gnu-tools-for-stm32.13.3.rel1.win32_1.0.0.202411081344/tools/bin/../lib/gcc/arm-none-eabi/13.3.1/../../../../arm-none-eabi/lib/thumb/v7e-m+fp/hard\libc_nano.a(libc_a-mprec.o)
                0x080105a8                __multadd
 .text.__s2b    0x08010634       0x94 C:/ST/STM32CubeIDE_1.18.1/STM32CubeIDE/plugins/com.st.stm32cube.ide.mcu.externaltools.gnu-tools-for-stm32.13.3.rel1.win32_1.0.0.202411081344/tools/bin/../lib/gcc/arm-none-eabi/13.3.1/../../../../arm-none-eabi/lib/thumb/v7e-m+fp/hard\libc_nano.a(libc_a-mprec.o)
                0x08010634                __s2b
 .text.__hi0bits
                0x080106c8       0x3e C:/ST/STM32CubeIDE_1.18.1/STM32CubeIDE/plugins/com.st.stm32cube.ide.mcu.externaltools.gnu-tools-for-stm32.13.3.rel1.win32_1.0.0.202411081344/tools/bin/../lib/gcc/arm-none-eabi/13.3.1/../../../../arm-none-eabi/lib/thumb/v7e-m+fp/hard\libc_nano.a(libc_a-mprec.o)
                0x080106c8                __hi0bits
 .text.__lo0bits
                0x08010706       0x5a C:/ST/STM32CubeIDE_1.18.1/STM32CubeIDE/plugins/com.st.stm32cube.ide.mcu.externaltools.gnu-tools-for-stm32.13.3.rel1.win32_1.0.0.202411081344/tools/bin/../lib/gcc/arm-none-eabi/13.3.1/../../../../arm-none-eabi/lib/thumb/v7e-m+fp/hard\libc_nano.a(libc_a-mprec.o)
                0x08010706                __lo0bits
 .text.__i2b    0x08010760       0x2c C:/ST/STM32CubeIDE_1.18.1/STM32CubeIDE/plugins/com.st.stm32cube.ide.mcu.externaltools.gnu-tools-for-stm32.13.3.rel1.win32_1.0.0.202411081344/tools/bin/../lib/gcc/arm-none-eabi/13.3.1/../../../../arm-none-eabi/lib/thumb/v7e-m+fp/hard\libc_nano.a(libc_a-mprec.o)
                0x08010760                __i2b
 .text.__multiply
                0x0801078c      0x144 C:/ST/STM32CubeIDE_1.18.1/STM32CubeIDE/plugins/com.st.stm32cube.ide.mcu.externaltools.gnu-tools-for-stm32.13.3.rel1.win32_1.0.0.202411081344/tools/bin/../lib/gcc/arm-none-eabi/13.3.1/../../../../arm-none-eabi/lib/thumb/v7e-m+fp/hard\libc_nano.a(libc_a-mprec.o)
                0x0801078c                __multiply
 .text.__pow5mult
                0x080108d0       0xb4 C:/ST/STM32CubeIDE_1.18.1/STM32CubeIDE/plugins/com.st.stm32cube.ide.mcu.externaltools.gnu-tools-for-stm32.13.3.rel1.win32_1.0.0.202411081344/tools/bin/../lib/gcc/arm-none-eabi/13.3.1/../../../../arm-none-eabi/lib/thumb/v7e-m+fp/hard\libc_nano.a(libc_a-mprec.o)
                0x080108d0                __pow5mult
 .text.__lshift
                0x08010984       0xd8 C:/ST/STM32CubeIDE_1.18.1/STM32CubeIDE/plugins/com.st.stm32cube.ide.mcu.externaltools.gnu-tools-for-stm32.13.3.rel1.win32_1.0.0.202411081344/tools/bin/../lib/gcc/arm-none-eabi/13.3.1/../../../../arm-none-eabi/lib/thumb/v7e-m+fp/hard\libc_nano.a(libc_a-mprec.o)
                0x08010984                __lshift
 .text.__mcmp   0x08010a5c       0x36 C:/ST/STM32CubeIDE_1.18.1/STM32CubeIDE/plugins/com.st.stm32cube.ide.mcu.externaltools.gnu-tools-for-stm32.13.3.rel1.win32_1.0.0.202411081344/tools/bin/../lib/gcc/arm-none-eabi/13.3.1/../../../../arm-none-eabi/lib/thumb/v7e-m+fp/hard\libc_nano.a(libc_a-mprec.o)
                0x08010a5c                __mcmp
 *fill*         0x08010a92        0x2 
 .text.__mdiff  0x08010a94      0x128 C:/ST/STM32CubeIDE_1.18.1/STM32CubeIDE/plugins/com.st.stm32cube.ide.mcu.externaltools.gnu-tools-for-stm32.13.3.rel1.win32_1.0.0.202411081344/tools/bin/../lib/gcc/arm-none-eabi/13.3.1/../../../../arm-none-eabi/lib/thumb/v7e-m+fp/hard\libc_nano.a(libc_a-mprec.o)
                0x08010a94                __mdiff
 .text.__ulp    0x08010bbc       0x4c C:/ST/STM32CubeIDE_1.18.1/STM32CubeIDE/plugins/com.st.stm32cube.ide.mcu.externaltools.gnu-tools-for-stm32.13.3.rel1.win32_1.0.0.202411081344/tools/bin/../lib/gcc/arm-none-eabi/13.3.1/../../../../arm-none-eabi/lib/thumb/v7e-m+fp/hard\libc_nano.a(libc_a-mprec.o)
                0x08010bbc                __ulp
 .text.__b2d    0x08010c08       0x94 C:/ST/STM32CubeIDE_1.18.1/STM32CubeIDE/plugins/com.st.stm32cube.ide.mcu.externaltools.gnu-tools-for-stm32.13.3.rel1.win32_1.0.0.202411081344/tools/bin/../lib/gcc/arm-none-eabi/13.3.1/../../../../arm-none-eabi/lib/thumb/v7e-m+fp/hard\libc_nano.a(libc_a-mprec.o)
                0x08010c08                __b2d
 .text.__d2b    0x08010c9c       0xb0 C:/ST/STM32CubeIDE_1.18.1/STM32CubeIDE/plugins/com.st.stm32cube.ide.mcu.externaltools.gnu-tools-for-stm32.13.3.rel1.win32_1.0.0.202411081344/tools/bin/../lib/gcc/arm-none-eabi/13.3.1/../../../../arm-none-eabi/lib/thumb/v7e-m+fp/hard\libc_nano.a(libc_a-mprec.o)
                0x08010c9c                __d2b
 .text.__ratio  0x08010d4c       0x64 C:/ST/STM32CubeIDE_1.18.1/STM32CubeIDE/plugins/com.st.stm32cube.ide.mcu.externaltools.gnu-tools-for-stm32.13.3.rel1.win32_1.0.0.202411081344/tools/bin/../lib/gcc/arm-none-eabi/13.3.1/../../../../arm-none-eabi/lib/thumb/v7e-m+fp/hard\libc_nano.a(libc_a-mprec.o)
                0x08010d4c                __ratio
 .text.__copybits
                0x08010db0       0x46 C:/ST/STM32CubeIDE_1.18.1/STM32CubeIDE/plugins/com.st.stm32cube.ide.mcu.externaltools.gnu-tools-for-stm32.13.3.rel1.win32_1.0.0.202411081344/tools/bin/../lib/gcc/arm-none-eabi/13.3.1/../../../../arm-none-eabi/lib/thumb/v7e-m+fp/hard\libc_nano.a(libc_a-mprec.o)
                0x08010db0                __copybits
 .text.__any_on
                0x08010df6       0x42 C:/ST/STM32CubeIDE_1.18.1/STM32CubeIDE/plugins/com.st.stm32cube.ide.mcu.externaltools.gnu-tools-for-stm32.13.3.rel1.win32_1.0.0.202411081344/tools/bin/../lib/gcc/arm-none-eabi/13.3.1/../../../../arm-none-eabi/lib/thumb/v7e-m+fp/hard\libc_nano.a(libc_a-mprec.o)
                0x08010df6                __any_on
 .text.__ascii_wctomb
                0x08010e38       0x1a C:/ST/STM32CubeIDE_1.18.1/STM32CubeIDE/plugins/com.st.stm32cube.ide.mcu.externaltools.gnu-tools-for-stm32.13.3.rel1.win32_1.0.0.202411081344/tools/bin/../lib/gcc/arm-none-eabi/13.3.1/../../../../arm-none-eabi/lib/thumb/v7e-m+fp/hard\libc_nano.a(libc_a-wctomb_r.o)
                0x08010e38                __ascii_wctomb
 *fill*         0x08010e52        0x2 
 .text.__sflush_r
                0x08010e54      0x108 C:/ST/STM32CubeIDE_1.18.1/STM32CubeIDE/plugins/com.st.stm32cube.ide.mcu.externaltools.gnu-tools-for-stm32.13.3.rel1.win32_1.0.0.202411081344/tools/bin/../lib/gcc/arm-none-eabi/13.3.1/../../../../arm-none-eabi/lib/thumb/v7e-m+fp/hard\libc_nano.a(libc_a-fflush.o)
                0x08010e54                __sflush_r
 .text._fflush_r
                0x08010f5c       0x50 C:/ST/STM32CubeIDE_1.18.1/STM32CubeIDE/plugins/com.st.stm32cube.ide.mcu.externaltools.gnu-tools-for-stm32.13.3.rel1.win32_1.0.0.202411081344/tools/bin/../lib/gcc/arm-none-eabi/13.3.1/../../../../arm-none-eabi/lib/thumb/v7e-m+fp/hard\libc_nano.a(libc_a-fflush.o)
                0x08010f5c                _fflush_r
 .text.__assert_func
                0x08010fac       0x3c C:/ST/STM32CubeIDE_1.18.1/STM32CubeIDE/plugins/com.st.stm32cube.ide.mcu.externaltools.gnu-tools-for-stm32.13.3.rel1.win32_1.0.0.202411081344/tools/bin/../lib/gcc/arm-none-eabi/13.3.1/../../../../arm-none-eabi/lib/thumb/v7e-m+fp/hard\libc_nano.a(libc_a-assert.o)
                0x08010fac                __assert_func
 .text.fprintf  0x08010fe8       0x24 C:/ST/STM32CubeIDE_1.18.1/STM32CubeIDE/plugins/com.st.stm32cube.ide.mcu.externaltools.gnu-tools-for-stm32.13.3.rel1.win32_1.0.0.202411081344/tools/bin/../lib/gcc/arm-none-eabi/13.3.1/../../../../arm-none-eabi/lib/thumb/v7e-m+fp/hard\libc_nano.a(libc_a-fprintf.o)
                0x08010fe8                fiprintf
                0x08010fe8                fprintf
 .text.abort    0x0801100c        0xe C:/ST/STM32CubeIDE_1.18.1/STM32CubeIDE/plugins/com.st.stm32cube.ide.mcu.externaltools.gnu-tools-for-stm32.13.3.rel1.win32_1.0.0.202411081344/tools/bin/../lib/gcc/arm-none-eabi/13.3.1/../../../../arm-none-eabi/lib/thumb/v7e-m+fp/hard\libc_nano.a(libc_a-abort.o)
                0x0801100c                abort
 .text.__sfputc_r
                0x0801101a       0x2e C:/ST/STM32CubeIDE_1.18.1/STM32CubeIDE/plugins/com.st.stm32cube.ide.mcu.externaltools.gnu-tools-for-stm32.13.3.rel1.win32_1.0.0.202411081344/tools/bin/../lib/gcc/arm-none-eabi/13.3.1/../../../../arm-none-eabi/lib/thumb/v7e-m+fp/hard\libc_nano.a(libc_a-nano-vfprintf.o)
 .text.__sfputs_r
                0x08011048       0x24 C:/ST/STM32CubeIDE_1.18.1/STM32CubeIDE/plugins/com.st.stm32cube.ide.mcu.externaltools.gnu-tools-for-stm32.13.3.rel1.win32_1.0.0.202411081344/tools/bin/../lib/gcc/arm-none-eabi/13.3.1/../../../../arm-none-eabi/lib/thumb/v7e-m+fp/hard\libc_nano.a(libc_a-nano-vfprintf.o)
                0x08011048                __sfputs_r
 .text._vfprintf_r
                0x0801106c      0x230 C:/ST/STM32CubeIDE_1.18.1/STM32CubeIDE/plugins/com.st.stm32cube.ide.mcu.externaltools.gnu-tools-for-stm32.13.3.rel1.win32_1.0.0.202411081344/tools/bin/../lib/gcc/arm-none-eabi/13.3.1/../../../../arm-none-eabi/lib/thumb/v7e-m+fp/hard\libc_nano.a(libc_a-nano-vfprintf.o)
                0x0801106c                _vfprintf_r
                0x0801106c                _vfiprintf_r
 .text._printf_common
                0x0801129c       0xda C:/ST/STM32CubeIDE_1.18.1/STM32CubeIDE/plugins/com.st.stm32cube.ide.mcu.externaltools.gnu-tools-for-stm32.13.3.rel1.win32_1.0.0.202411081344/tools/bin/../lib/gcc/arm-none-eabi/13.3.1/../../../../arm-none-eabi/lib/thumb/v7e-m+fp/hard\libc_nano.a(libc_a-nano-vfprintf_i.o)
                0x0801129c                _printf_common
 *fill*         0x08011376        0x2 
 .text._printf_i
                0x08011378      0x23c C:/ST/STM32CubeIDE_1.18.1/STM32CubeIDE/plugins/com.st.stm32cube.ide.mcu.externaltools.gnu-tools-for-stm32.13.3.rel1.win32_1.0.0.202411081344/tools/bin/../lib/gcc/arm-none-eabi/13.3.1/../../../../arm-none-eabi/lib/thumb/v7e-m+fp/hard\libc_nano.a(libc_a-nano-vfprintf_i.o)
                0x08011378                _printf_i
 .text.__swbuf_r
                0x080115b4       0x7c C:/ST/STM32CubeIDE_1.18.1/STM32CubeIDE/plugins/com.st.stm32cube.ide.mcu.externaltools.gnu-tools-for-stm32.13.3.rel1.win32_1.0.0.202411081344/tools/bin/../lib/gcc/arm-none-eabi/13.3.1/../../../../arm-none-eabi/lib/thumb/v7e-m+fp/hard\libc_nano.a(libc_a-wbuf.o)