Archive member included to satisfy reference by file (symbol)

C:/ST/STM32CubeIDE_1.18.1/STM32CubeIDE/plugins/com.st.stm32cube.ide.mcu.externaltools.gnu-tools-for-stm32.13.3.rel1.win32_1.0.0.202411081344/tools/bin/../lib/gcc/arm-none-eabi/13.3.1/../../../../arm-none-eabi/lib/thumb/v7e-m+fp/hard\libc_nano.a(libc_a-exit.o)
                              C:/ST/STM32CubeIDE_1.18.1/STM32CubeIDE/plugins/com.st.stm32cube.ide.mcu.externaltools.gnu-tools-for-stm32.13.3.rel1.win32_1.0.0.202411081344/tools/bin/../lib/gcc/arm-none-eabi/13.3.1/../../../../arm-none-eabi/lib/thumb/v7e-m+fp/hard/crt0.o (exit)
C:/ST/STM32CubeIDE_1.18.1/STM32CubeIDE/plugins/com.st.stm32cube.ide.mcu.externaltools.gnu-tools-for-stm32.13.3.rel1.win32_1.0.0.202411081344/tools/bin/../lib/gcc/arm-none-eabi/13.3.1/../../../../arm-none-eabi/lib/thumb/v7e-m+fp/hard\libc_nano.a(libc_a-malloc.o)
                              ./Middlewares/ST/STM32_USB_Host_Library/Class/CDC/Src/usbh_cdc.o (malloc)
C:/ST/STM32CubeIDE_1.18.1/STM32CubeIDE/plugins/com.st.stm32cube.ide.mcu.externaltools.gnu-tools-for-stm32.13.3.rel1.win32_1.0.0.202411081344/tools/bin/../lib/gcc/arm-none-eabi/13.3.1/../../../../arm-none-eabi/lib/thumb/v7e-m+fp/hard\libc_nano.a(libc_a-mallocr.o)
                              C:/ST/STM32CubeIDE_1.18.1/STM32CubeIDE/plugins/com.st.stm32cube.ide.mcu.externaltools.gnu-tools-for-stm32.13.3.rel1.win32_1.0.0.202411081344/tools/bin/../lib/gcc/arm-none-eabi/13.3.1/../../../../arm-none-eabi/lib/thumb/v7e-m+fp/hard\libc_nano.a(libc_a-malloc.o) (_malloc_r)
C:/ST/STM32CubeIDE_1.18.1/STM32CubeIDE/plugins/com.st.stm32cube.ide.mcu.externaltools.gnu-tools-for-stm32.13.3.rel1.win32_1.0.0.202411081344/tools/bin/../lib/gcc/arm-none-eabi/13.3.1/../../../../arm-none-eabi/lib/thumb/v7e-m+fp/hard\libc_nano.a(libc_a-mlock.o)
                              C:/ST/STM32CubeIDE_1.18.1/STM32CubeIDE/plugins/com.st.stm32cube.ide.mcu.externaltools.gnu-tools-for-stm32.13.3.rel1.win32_1.0.0.202411081344/tools/bin/../lib/gcc/arm-none-eabi/13.3.1/../../../../arm-none-eabi/lib/thumb/v7e-m+fp/hard\libc_nano.a(libc_a-mallocr.o) (__malloc_lock)
C:/ST/STM32CubeIDE_1.18.1/STM32CubeIDE/plugins/com.st.stm32cube.ide.mcu.externaltools.gnu-tools-for-stm32.13.3.rel1.win32_1.0.0.202411081344/tools/bin/../lib/gcc/arm-none-eabi/13.3.1/../../../../arm-none-eabi/lib/thumb/v7e-m+fp/hard\libc_nano.a(libc_a-findfp.o)
                              ./Middlewares/Third_Party/FreeRTOS/Source/tasks.o (__sf)
C:/ST/STM32CubeIDE_1.18.1/STM32CubeIDE/plugins/com.st.stm32cube.ide.mcu.externaltools.gnu-tools-for-stm32.13.3.rel1.win32_1.0.0.202411081344/tools/bin/../lib/gcc/arm-none-eabi/13.3.1/../../../../arm-none-eabi/lib/thumb/v7e-m+fp/hard\libc_nano.a(libc_a-fwalk.o)
                              C:/ST/STM32CubeIDE_1.18.1/STM32CubeIDE/plugins/com.st.stm32cube.ide.mcu.externaltools.gnu-tools-for-stm32.13.3.rel1.win32_1.0.0.202411081344/tools/bin/../lib/gcc/arm-none-eabi/13.3.1/../../../../arm-none-eabi/lib/thumb/v7e-m+fp/hard\libc_nano.a(libc_a-findfp.o) (_fwalk_sglue)
C:/ST/STM32CubeIDE_1.18.1/STM32CubeIDE/plugins/com.st.stm32cube.ide.mcu.externaltools.gnu-tools-for-stm32.13.3.rel1.win32_1.0.0.202411081344/tools/bin/../lib/gcc/arm-none-eabi/13.3.1/../../../../arm-none-eabi/lib/thumb/v7e-m+fp/hard\libc_nano.a(libc_a-stdio.o)
                              C:/ST/STM32CubeIDE_1.18.1/STM32CubeIDE/plugins/com.st.stm32cube.ide.mcu.externaltools.gnu-tools-for-stm32.13.3.rel1.win32_1.0.0.202411081344/tools/bin/../lib/gcc/arm-none-eabi/13.3.1/../../../../arm-none-eabi/lib/thumb/v7e-m+fp/hard\libc_nano.a(libc_a-findfp.o) (__sread)
C:/ST/STM32CubeIDE_1.18.1/STM32CubeIDE/plugins/com.st.stm32cube.ide.mcu.externaltools.gnu-tools-for-stm32.13.3.rel1.win32_1.0.0.202411081344/tools/bin/../lib/gcc/arm-none-eabi/13.3.1/../../../../arm-none-eabi/lib/thumb/v7e-m+fp/hard\libc_nano.a(libc_a-memset.o)
                              C:/ST/STM32CubeIDE_1.18.1/STM32CubeIDE/plugins/com.st.stm32cube.ide.mcu.externaltools.gnu-tools-for-stm32.13.3.rel1.win32_1.0.0.202411081344/tools/bin/../lib/gcc/arm-none-eabi/13.3.1/../../../../arm-none-eabi/lib/thumb/v7e-m+fp/hard/crt0.o (memset)
C:/ST/STM32CubeIDE_1.18.1/STM32CubeIDE/plugins/com.st.stm32cube.ide.mcu.externaltools.gnu-tools-for-stm32.13.3.rel1.win32_1.0.0.202411081344/tools/bin/../lib/gcc/arm-none-eabi/13.3.1/../../../../arm-none-eabi/lib/thumb/v7e-m+fp/hard\libc_nano.a(libc_a-closer.o)
                              C:/ST/STM32CubeIDE_1.18.1/STM32CubeIDE/plugins/com.st.stm32cube.ide.mcu.externaltools.gnu-tools-for-stm32.13.3.rel1.win32_1.0.0.202411081344/tools/bin/../lib/gcc/arm-none-eabi/13.3.1/../../../../arm-none-eabi/lib/thumb/v7e-m+fp/hard\libc_nano.a(libc_a-stdio.o) (_close_r)
C:/ST/STM32CubeIDE_1.18.1/STM32CubeIDE/plugins/com.st.stm32cube.ide.mcu.externaltools.gnu-tools-for-stm32.13.3.rel1.win32_1.0.0.202411081344/tools/bin/../lib/gcc/arm-none-eabi/13.3.1/../../../../arm-none-eabi/lib/thumb/v7e-m+fp/hard\libc_nano.a(libc_a-reent.o)
[...]
Memory Configuration

Name             Origin             Length             Attributes
CCMRAM           0x10000000         0x00010000         xrw
RAM              0x20000000         0x00020000         xrw
FLASH            0x08000000         0x00100000         xr
*default*        0x00000000         0xffffffff

Linker script and memory map

LOAD C:/ST/STM32CubeIDE_1.18.1/STM32CubeIDE/plugins/com.st.stm32cube.ide.mcu.externaltools.gnu-tools-for-stm32.13.3.rel1.win32_1.0.0.202411081344/tools/bin/../lib/gcc/arm-none-eabi/13.3.1/thumb/v7e-m+fp/hard/crti.o
LOAD C:/ST/STM32CubeIDE_1.18.1/STM32CubeIDE/plugins/com.st.stm32cube.ide.mcu.externaltools.gnu-tools-for-stm32.13.3.rel1.win32_1.0.0.202411081344/tools/bin/../lib/gcc/arm-none-eabi/13.3.1/thumb/v7e-m+fp/hard/crtbegin.o
LOAD C:/ST/STM32CubeIDE_1.18.1/STM32CubeIDE/plugins/com.st.stm32cube.ide.mcu.externaltools.gnu-tools-for-stm32.13.3.rel1.win32_1.0.0.202411081344/tools/bin/../lib/gcc/arm-none-eabi/13.3.1/../../../../arm-none-eabi/lib/thumb/v7e-m+fp/hard/crt0.o
LOAD ./Core/Src/dma.o
LOAD ./Core/Src/freertos.o
LOAD ./Core/Src/gpio.o
LOAD ./Core/Src/i2c.o
LOAD ./Core/Src/i2s.o
LOAD ./Core/Src/main.o
LOAD ./Core/Src/spi.o
LOAD ./Core/Src/stm32f4xx_hal_msp.o
LOAD ./Core/Src/stm32f4xx_hal_timebase_tim.o
LOAD ./Core/Src/stm32f4xx_it.o
LOAD ./Core/Src/syscalls.o
LOAD ./Core/Src/sysmem.o
LOAD ./Core/Src/system_stm32f4xx.o
LOAD ./Core/Src/usart.o
LOAD ./Core/Startup/startup_stm32f407vgtx.o
LOAD ./Drivers/STM32F4xx_HAL_Driver/Src/stm32f4xx_hal.o
LOAD ./Drivers/STM32F4xx_HAL_Driver/Src/stm32f4xx_hal_cortex.o
LOAD ./Drivers/STM32F4xx_HAL_Driver/Src/stm32f4xx_hal_dma.o
LOAD ./Drivers/STM32F4xx_HAL_Driver/Src/stm32f4xx_hal_dma_ex.o
LOAD ./Drivers/STM32F4xx_HAL_Driver/Src/stm32f4xx_hal_exti.o
LOAD ./Drivers/STM32F4xx_HAL_Driver/Src/stm32f4xx_hal_flash.o
LOAD ./Drivers/STM32F4xx_HAL_Driver/Src/stm32f4xx_hal_flash_ex.o
LOAD ./Drivers/STM32F4xx_HAL_Driver/Src/stm32f4xx_hal_flash_ramfunc.o
LOAD ./Drivers/STM32F4xx_HAL_Driver/Src/stm32f4xx_hal_gpio.o
LOAD ./Drivers/STM32F4xx_HAL_Driver/Src/stm32f4xx_hal_hcd.o
LOAD ./Drivers/STM32F4xx_HAL_Driver/Src/stm32f4xx_hal_i2c.o
LOAD ./Drivers/STM32F4xx_HAL_Driver/Src/stm32f4xx_hal_i2c_ex.o
LOAD ./Drivers/STM32F4xx_HAL_Driver/Src/stm32f4xx_hal_i2s.o
LOAD ./Drivers/STM32F4xx_HAL_Driver/Src/stm32f4xx_hal_i2s_ex.o
LOAD ./Drivers/STM32F4xx_HAL_Driver/Src/stm32f4xx_hal_pwr.o
LOAD ./Drivers/STM32F4xx_HAL_Driver/Src/stm32f4xx_hal_pwr_ex.o
LOAD ./Drivers/STM32F4xx_HAL_Driver/Src/stm32f4xx_hal_rcc.o
LOAD ./Drivers/STM32F4xx_HAL_Driver/Src/stm32f4xx_hal_rcc_ex.o
LOAD ./Drivers/STM32F4xx_HAL_Driver/Src/stm32f4xx_hal_spi.o
LOAD ./Drivers/STM32F4xx_HAL_Driver/Src/stm32f4xx_hal_tim.o
LOAD ./Drivers/STM32F4xx_HAL_Driver/Src/stm32f4xx_hal_tim_ex.o
LOAD ./Drivers/STM32F4xx_HAL_Driver/Src/stm32f4xx_hal_uart.o
LOAD ./Drivers/STM32F4xx_HAL_Driver/Src/stm32f4xx_ll_usb.o
LOAD ./Middlewares/ST/STM32_USB_Host_Library/Class/CDC/Src/usbh_cdc.o
LOAD ./Middlewares/ST/STM32_USB_Host_Library/Core/Src/usbh_core.o
LOAD ./Middlewares/ST/STM32_USB_Host_Library/Core/Src/usbh_ctlreq.o
LOAD ./Middlewares/ST/STM32_USB_Host_Library/Core/Src/usbh_ioreq.o
LOAD ./Middlewares/ST/STM32_USB_Host_Library/Core/Src/usbh_pipes.o
LOAD ./Middlewares/Third_Party/FreeRTOS/Source/CMSIS_RTOS/cmsis_os.o
LOAD ./Middlewares/Third_Party/FreeRTOS/Source/croutine.o
LOAD ./Middlewares/Third_Party/FreeRTOS/Source/event_groups.o
LOAD ./Middlewares/Third_Party/FreeRTOS/Source/list.o
LOAD ./Middlewares/Third_Party/FreeRTOS/Source/queue.o
LOAD ./Middlewares/Third_Party/FreeRTOS/Source/stream_buffer.o
LOAD ./Middlewares/Third_Party/FreeRTOS/Source/tasks.o
LOAD ./Middlewares/Third_Party/FreeRTOS/Source/timers.o
LOAD ./Middlewares/Third_Party/FreeRTOS/Source/portable/GCC/ARM_CM4F/port.o
LOAD ./Middlewares/Third_Party/FreeRTOS/Source/portable/MemMang/heap_4.o
LOAD ./USB_HOST/App/usb_host.o
LOAD ./USB_HOST/Target/usbh_conf.o
LOAD ./USB_HOST/Target/usbh_platform.o
START GROUP
LOAD C:/ST/STM32CubeIDE_1.18.1/STM32CubeIDE/plugins/com.st.stm32cube.ide.mcu.externaltools.gnu-tools-for-stm32.13.3.rel1.win32_1.0.0.202411081344/tools/bin/../lib/gcc/arm-none-eabi/13.3.1/../../../../arm-none-eabi/lib/thumb/v7e-m+fp/hard\libstdc++_nano.a
LOAD C:/ST/STM32CubeIDE_1.18.1/STM32CubeIDE/plugins/com.st.stm32cube.ide.mcu.externaltools.gnu-tools-for-stm32.13.3.rel1.win32_1.0.0.202411081344/tools/bin/../lib/gcc/arm-none-eabi/13.3.1/../../../../arm-none-eabi/lib/thumb/v7e-m+fp/hard\libsupc++_nano.a
END GROUP
LOAD C:/ST/STM32CubeIDE_1.18.1/STM32CubeIDE/plugins/com.st.stm32cube.ide.mcu.externaltools.gnu-tools-for-stm32.13.3.rel1.win32_1.0.0.202411081344/tools/bin/../lib/gcc/arm-none-eabi/13.3.1/../../../../arm-none-eabi/lib/thumb/v7e-m+fp/hard\libstdc++_nano.a
LOAD C:/ST/STM32CubeIDE_1.18.1/STM32CubeIDE/plugins/com.st.stm32cube.ide.mcu.externaltools.gnu-tools-for-stm32.13.3.rel1.win32_1.0.0.202411081344/tools/bin/../lib/gcc/arm-none-eabi/13.3.1/../../../../arm-none-eabi/lib/thumb/v7e-m+fp/hard\libm.a
LOAD C:/ST/STM32CubeIDE_1.18.1/STM32CubeIDE/plugins/com.st.stm32cube.ide.mcu.externaltools.gnu-tools-for-stm32.13.3.rel1.win32_1.0.0.202411081344/tools/bin/../lib/gcc/arm-none-eabi/13.3.1/../../../../arm-none-eabi/lib/thumb/v7e-m+fp/hard\libc_nano.a
START GROUP
LOAD C:/ST/STM32CubeIDE_1.18.1/STM32CubeIDE/plugins/com.st.stm32cube.ide.mcu.externaltools.gnu-tools-for-stm32.13.3.rel1.win32_1.0.0.202411081344/tools/bin/../lib/gcc/arm-none-eabi/13.3.1/thumb/v7e-m+fp/hard\libgcc.a
LOAD C:/ST/STM32CubeIDE_1.18.1/STM32CubeIDE/plugins/com.st.stm32cube.ide.mcu.externaltools.gnu-tools-for-stm32.13.3.rel1.win32_1.0.0.202411081344/tools/bin/../lib/gcc/arm-none-eabi/13.3.1/../../../../arm-none-eabi/lib/thumb/v7e-m+fp/hard\libc_nano.a
END GROUP
START GROUP
LOAD C:/ST/STM32CubeIDE_1.18.1/STM32CubeIDE/plugins/com.st.stm32cube.ide.mcu.externaltools.gnu-tools-for-stm32.13.3.rel1.win32_1.0.0.202411081344/tools/bin/../lib/gcc/arm-none-eabi/13.3.1/thumb/v7e-m+fp/hard\libgcc.a
LOAD C:/ST/STM32CubeIDE_1.18.1/STM32CubeIDE/plugins/com.st.stm32cube.ide.mcu.externaltools.gnu-tools-for-stm32.13.3.rel1.win32_1.0.0.202411081344/tools/bin/../lib/gcc/arm-none-eabi/13.3.1/../../../../arm-none-eabi/lib/thumb/v7e-m+fp/hard\libc_nano.a
LOAD C:/ST/STM32CubeIDE_1.18.1/STM32CubeIDE/plugins/com.st.stm32cube.ide.mcu.externaltools.gnu-tools-for-stm32.13.3.rel1.win32_1.0.0.202411081344/tools/bin/../lib/gcc/arm-none-eabi/13.3.1/../../../../arm-none-eabi/lib/thumb/v7e-m+fp/hard\libnosys.a
END GROUP
START GROUP
LOAD C:/ST/STM32CubeIDE_1.18.1/STM32CubeIDE/plugins/com.st.stm32cube.ide.mcu.externaltools.gnu-tools-for-stm32.13.3.rel1.win32_1.0.0.202411081344/tools/bin/../lib/gcc/arm-none-eabi/13.3.1/thumb/v7e-m+fp/hard\libgcc.a
LOAD C:/ST/STM32CubeIDE_1.18.1/STM32CubeIDE/plugins/com.st.stm32cube.ide.mcu.externaltools.gnu-tools-for-stm32.13.3.rel1.win32_1.0.0.202411081344/tools/bin/../lib/gcc/arm-none-eabi/13.3.1/../../../../arm-none-eabi/lib/thumb/v7e-m+fp/hard\libc_nano.a
LOAD C:/ST/STM32CubeIDE_1.18.1/STM32CubeIDE/plugins/com.st.stm32cube.ide.mcu.externaltools.gnu-tools-for-stm32.13.3.rel1.win32_1.0.0.202411081344/tools/bin/../lib/gcc/arm-none-eabi/13.3.1/../../../../arm-none-eabi/lib/thumb/v7e-m+fp/hard\libnosys.a
END GROUP
LOAD C:/ST/STM32CubeIDE_1.18.1/STM32CubeIDE/plugins/com.st.stm32cube.ide.mcu.externaltools.gnu-tools-for-stm32.13.3.rel1.win32_1.0.0.202411081344/tools/bin/../lib/gcc/arm-none-eabi/13.3.1/thumb/v7e-m+fp/hard/crtend.o
LOAD C:/ST/STM32CubeIDE_1.18.1/STM32CubeIDE/plugins/com.st.stm32cube.ide.mcu.externaltools.gnu-tools-for-stm32.13.3.rel1.win32_1.0.0.202411081344/tools/bin/../lib/gcc/arm-none-eabi/13.3.1/thumb/v7e-m+fp/hard/crtn.o
                0x20020000                        _estack = (ORIGIN (RAM) + LENGTH (RAM))
                0x00000200                        _Min_Heap_Size = 0x200
                0x00000400                        _Min_Stack_Size = 0x400

.isr_vector     0x08000000      0x188
                0x08000000                        . = ALIGN (0x4)
 *(.isr_vector)
 .isr_vector    0x08000000      0x188 ./Core/Startup/startup_stm32f407vgtx.o
                0x08000000                g_pfnVectors
                0x08000188                        . = ALIGN (0x4)

.text           0x08000190     0xd8d8
                0x08000190                        . = ALIGN (0x4)
 *(.text)
 .text          0x08000190       0x40 C:/ST/STM32CubeIDE_1.18.1/STM32CubeIDE/plugins/com.st.stm32cube.ide.mcu.externaltools.gnu-tools-for-stm32.13.3.rel1.win32_1.0.0.202411081344/tools/bin/../lib/gcc/arm-none-eabi/13.3.1/thumb/v7e-m+fp/hard/crtbegin.o
 .text          0x080001d0       0x30 C:/ST/STM32CubeIDE_1.18.1/STM32CubeIDE/plugins/com.st.stm32cube.ide.mcu.externaltools.gnu-tools-for-stm32.13.3.rel1.win32_1.0.0.202411081344/tools/bin/../lib/gcc/arm-none-eabi/13.3.1/thumb/v7e-m+fp/hard\libgcc.a(_aeabi_uldivmod.o)
                0x080001d0                __aeabi_uldivmod
 .text          0x08000200      0x2f8 C:/ST/STM32CubeIDE_1.18.1/STM32CubeIDE/plugins/com.st.stm32cube.ide.mcu.externaltools.gnu-tools-for-stm32.13.3.rel1.win32_1.0.0.202411081344/tools/bin/../lib/gcc/arm-none-eabi/13.3.1/thumb/v7e-m+fp/hard\libgcc.a(_udivmoddi4.o)
                0x08000200                __udivmoddi4
 .text          0x080004f8        0x4 C:/ST/STM32CubeIDE_1.18.1/STM32CubeIDE/plugins/com.st.stm32cube.ide.mcu.externaltools.gnu-tools-for-stm32.13.3.rel1.win32_1.0.0.202411081344/tools/bin/../lib/gcc/arm-none-eabi/13.3.1/thumb/v7e-m+fp/hard\libgcc.a(_dvmd_tls.o)
                0x080004f8                __aeabi_idiv0
                0x080004f8                __aeabi_ldiv0
 *(.text*)
 .text.MX_DMA_Init
                0x080004fc       0x50 ./Core/Src/dma.o
                0x080004fc                MX_DMA_Init
 .text.vApplicationGetIdleTaskMemory
                0x0800054c       0x34 ./Core/Src/freertos.o
                0x0800054c                vApplicationGetIdleTaskMemory
 .text.MX_FREERTOS_Init
                0x08000580       0x68 ./Core/Src/freertos.o
                0x08000580                MX_FREERTOS_Init
 .text.StartDefaultTask
                0x080005e8       0x14 ./Core/Src/freertos.o
                0x080005e8                StartDefaultTask
 .text.StartUartTask
                0x080005fc       0x28 ./Core/Src/freertos.o
                0x080005fc                StartUartTask
 .text.MX_GPIO_Init
                0x08000624      0x1d8 ./Core/Src/gpio.o
                0x08000624                MX_GPIO_Init
 .text.MX_I2C1_Init
                0x080007fc       0x5c ./Core/Src/i2c.o
                0x080007fc                MX_I2C1_Init
 .text.HAL_I2C_MspInit
                0x08000858       0x90 ./Core/Src/i2c.o
                0x08000858                HAL_I2C_MspInit
 .text.MX_I2S3_Init
                0x080008e8       0x60 ./Core/Src/i2s.o
                0x080008e8                MX_I2S3_Init
 .text.HAL_I2S_MspInit
                0x08000948      0x100 ./Core/Src/i2s.o
                0x08000948                HAL_I2S_MspInit
 .text.main     0x08000a48       0x44 ./Core/Src/main.o
                0x08000a48                main
 .text.SystemClock_Config
                0x08000a8c       0xd4 ./Core/Src/main.o
                0x08000a8c                SystemClock_Config
 .text.HAL_UART_RxCpltCallback
                0x08000b60       0x60 ./Core/Src/main.o
                0x08000b60                HAL_UART_RxCpltCallback
 .text.HAL_TIM_PeriodElapsedCallback
                0x08000bc0       0x24 ./Core/Src/main.o
                0x08000bc0                HAL_TIM_PeriodElapsedCallback
 .text.Error_Handler
                0x08000be4        0xc ./Core/Src/main.o
                0x08000be4                Error_Handler
 .text.MX_SPI1_Init
                0x08000bf0       0x6c ./Core/Src/spi.o
                0x08000bf0                MX_SPI1_Init
 .text.HAL_SPI_MspInit
                0x08000c5c       0x90 ./Core/Src/spi.o
                0x08000c5c                HAL_SPI_MspInit
 .text.HAL_MspInit
                0x08000cec       0x58 ./Core/Src/stm32f4xx_hal_msp.o
                0x08000cec                HAL_MspInit
 .text.HAL_InitTick
                0x08000d44       0xf8 ./Core/Src/stm32f4xx_hal_timebase_tim.o
                0x08000d44                HAL_InitTick
 .text.NMI_Handler
                0x08000e3c        0x8 ./Core/Src/stm32f4xx_it.o
                0x08000e3c                NMI_Handler
 .text.HardFault_Handler
                0x08000e44        0x8 ./Core/Src/stm32f4xx_it.o
                0x08000e44                HardFault_Handler
 .text.MemManage_Handler
                0x08000e4c        0x8 ./Core/Src/stm32f4xx_it.o
                0x08000e4c                MemManage_Handler
 .text.BusFault_Handler
                0x08000e54        0x8 ./Core/Src/stm32f4xx_it.o
                0x08000e54                BusFault_Handler
 .text.UsageFault_Handler
                0x08000e5c        0x8 ./Core/Src/stm32f4xx_it.o
                0x08000e5c                UsageFault_Handler
 .text.DebugMon_Handler
                0x08000e64        0xe ./Core/Src/stm32f4xx_it.o
                0x08000e64                DebugMon_Handler
 *fill*         0x08000e72        0x2 
 .text.DMA1_Stream1_IRQHandler
                0x08000e74       0x14 ./Core/Src/stm32f4xx_it.o
                0x08000e74                DMA1_Stream1_IRQHandler
 .text.DMA1_Stream3_IRQHandler
                0x08000e88       0x14 ./Core/Src/stm32f4xx_it.o
                0x08000e88                DMA1_Stream3_IRQHandler
 .text.USART3_IRQHandler
                0x08000e9c       0x14 ./Core/Src/stm32f4xx_it.o
                0x08000e9c                USART3_IRQHandler
 .text.TIM6_DAC_IRQHandler
                0x08000eb0       0x14 ./Core/Src/stm32f4xx_it.o
                0x08000eb0                TIM6_DAC_IRQHandler
 .text.OTG_FS_IRQHandler
                0x08000ec4       0x14 ./Core/Src/stm32f4xx_it.o
                0x08000ec4                OTG_FS_IRQHandler
 .text._sbrk    0x08000ed8       0x6c ./Core/Src/sysmem.o
                0x08000ed8                _sbrk
 .text.SystemInit
                0x08000f44       0x24 ./Core/Src/system_stm32f4xx.o
                0x08000f44                SystemInit
 .text.MX_USART3_UART_Init
                0x08000f68       0x54 ./Core/Src/usart.o
                0x08000f68                MX_USART3_UART_Init
 .text.HAL_UART_MspInit
                0x08000fbc      0x16c ./Core/Src/usart.o
                0x08000fbc                HAL_UART_MspInit
 .text.Reset_Handler
                0x08001128       0x50 ./Core/Startup/startup_stm32f407vgtx.o
                0x08001128                Reset_Handler
 .text.Default_Handler
                0x08001178        0x2 ./Core/Startup/startup_stm32f407vgtx.o
                0x08001178                RTC_Alarm_IRQHandler
                0x08001178                HASH_RNG_IRQHandler
                0x08001178                EXTI2_IRQHandler
                0x08001178                TIM8_CC_IRQHandler
                0x08001178                TIM1_CC_IRQHandler
                0x08001178                DMA2_Stream5_IRQHandler
                0x08001178                DMA1_Stream5_IRQHandler
                0x08001178                PVD_IRQHandler
                0x08001178                SDIO_IRQHandler
                0x08001178                TAMP_STAMP_IRQHandler
                0x08001178                CAN2_RX1_IRQHandler
                0x08001178                EXTI3_IRQHandler
                0x08001178                TIM8_TRG_COM_TIM14_IRQHandler
                0x08001178                TIM1_UP_TIM10_IRQHandler
                0x08001178                TIM8_UP_TIM13_IRQHandler
                0x08001178                I2C3_ER_IRQHandler
                0x08001178                EXTI0_IRQHandler
                0x08001178                I2C2_EV_IRQHandler
                0x08001178                DMA1_Stream2_IRQHandler
                0x08001178                CAN1_RX0_IRQHandler
                0x08001178                FPU_IRQHandler
                0x08001178                OTG_HS_WKUP_IRQHandler
                0x08001178                CAN2_SCE_IRQHandler
                0x08001178                DMA2_Stream2_IRQHandler
                0x08001178                SPI1_IRQHandler
                0x08001178                TIM1_BRK_TIM9_IRQHandler
                0x08001178                DCMI_IRQHandler
                0x08001178                CAN2_RX0_IRQHandler
                0x08001178                DMA2_Stream3_IRQHandler
                0x08001178                USART6_IRQHandler
                0x08001178                CAN1_RX1_IRQHandler
                0x08001178                UART5_IRQHandler
                0x08001178                DMA2_Stream0_IRQHandler
                0x08001178                TIM4_IRQHandler
                0x08001178                I2C1_EV_IRQHandler
                0x08001178                DMA1_Stream6_IRQHandler
                0x08001178                UART4_IRQHandler
                0x08001178                TIM3_IRQHandler
                0x08001178                RCC_IRQHandler
                0x08001178                TIM8_BRK_TIM12_IRQHandler
                0x08001178                Default_Handler
                0x08001178                EXTI15_10_IRQHandler
                0x08001178                ADC_IRQHandler
                0x08001178                DMA1_Stream7_IRQHandler
                0x08001178                TIM7_IRQHandler
                0x08001178                CAN2_TX_IRQHandler
                0x08001178                TIM5_IRQHandler
                0x08001178                DMA2_Stream7_IRQHandler
                0x08001178                I2C3_EV_IRQHandler
                0x08001178                EXTI9_5_IRQHandler
                0x08001178                RTC_WKUP_IRQHandler
                0x08001178                ETH_WKUP_IRQHandler
                0x08001178                SPI2_IRQHandler
                0x08001178                OTG_HS_EP1_IN_IRQHandler
                0x08001178                DMA1_Stream0_IRQHandler
                0x08001178                CAN1_TX_IRQHandler
                0x08001178                EXTI4_IRQHandler
                0x08001178                FSMC_IRQHandler
                0x08001178                ETH_IRQHandler
                0x08001178                OTG_HS_EP1_OUT_IRQHandler
                0x08001178                WWDG_IRQHandler
                0x08001178                TIM2_IRQHandler
                0x08001178                OTG_FS_WKUP_IRQHandler
                0x08001178                TIM1_TRG_COM_TIM11_IRQHandler
                0x08001178                OTG_HS_IRQHandler
                0x08001178                EXTI1_IRQHandler
                0x08001178                USART2_IRQHandler
                0x08001178                I2C2_ER_IRQHandler
                0x08001178                DMA2_Stream1_IRQHandler
                0x08001178                CAN1_SCE_IRQHandler
                0x08001178                FLASH_IRQHandler
                0x08001178                DMA2_Stream4_IRQHandler
                0x08001178                USART1_IRQHandler
                0x08001178                SPI3_IRQHandler
                0x08001178                DMA1_Stream4_IRQHandler
                0x08001178                I2C1_ER_IRQHandler
                0x08001178                DMA2_Stream6_IRQHandler
 *fill*         0x0800117a        0x2 
 .text.HAL_Init
                0x0800117c       0x44 ./Drivers/STM32F4xx_HAL_Driver/Src/stm32f4xx_hal.o
                0x0800117c                HAL_Init
 .text.HAL_IncTick
                0x080011c0       0x28 ./Drivers/STM32F4xx_HAL_Driver/Src/stm32f4xx_hal.o
                0x080011c0                HAL_IncTick
 .text.HAL_GetTick
                0x080011e8       0x18 ./Drivers/STM32F4xx_HAL_Driver/Src/stm32f4xx_hal.o
                0x080011e8                HAL_GetTick
 .text.HAL_Delay
                0x08001200       0x48 ./Drivers/STM32F4xx_HAL_Driver/Src/stm32f4xx_hal.o
                0x08001200                HAL_Delay
 .text.__NVIC_SetPriorityGrouping
                0x08001248       0x48 ./Drivers/STM32F4xx_HAL_Driver/Src/stm32f4xx_hal_cortex.o
 .text.__NVIC_GetPriorityGrouping
                0x08001290       0x1c ./Drivers/STM32F4xx_HAL_Driver/Src/stm32f4xx_hal_cortex.o
 .text.__NVIC_EnableIRQ
                0x080012ac       0x3c ./Drivers/STM32F4xx_HAL_Driver/Src/stm32f4xx_hal_cortex.o
 .text.__NVIC_SetPriority
                0x080012e8       0x54 ./Drivers/STM32F4xx_HAL_Driver/Src/stm32f4xx_hal_cortex.o
 .text.NVIC_EncodePriority
                0x0800133c       0x66 ./Drivers/STM32F4xx_HAL_Driver/Src/stm32f4xx_hal_cortex.o
 .text.HAL_NVIC_SetPriorityGrouping
                0x080013a2       0x16 ./Drivers/STM32F4xx_HAL_Driver/Src/stm32f4xx_hal_cortex.o
                0x080013a2                HAL_NVIC_SetPriorityGrouping
 .text.HAL_NVIC_SetPriority
                0x080013b8       0x38 ./Drivers/STM32F4xx_HAL_Driver/Src/stm32f4xx_hal_cortex.o
                0x080013b8                HAL_NVIC_SetPriority
 .text.HAL_NVIC_EnableIRQ
                0x080013f0       0x1c ./Drivers/STM32F4xx_HAL_Driver/Src/stm32f4xx_hal_cortex.o
                0x080013f0                HAL_NVIC_EnableIRQ
 .text.HAL_DMA_Init
                0x0800140c      0x15c ./Drivers/STM32F4xx_HAL_Driver/Src/stm32f4xx_hal_dma.o
                0x0800140c                HAL_DMA_Init
 .text.HAL_DMA_Start_IT
                0x08001568       0xb0 ./Drivers/STM32F4xx_HAL_Driver/Src/stm32f4xx_hal_dma.o
                0x08001568                HAL_DMA_Start_IT
 .text.HAL_DMA_Abort
                0x08001618       0xe0 ./Drivers/STM32F4xx_HAL_Driver/Src/stm32f4xx_hal_dma.o
                0x08001618                HAL_DMA_Abort
 .text.HAL_DMA_Abort_IT
                0x080016f8       0x44 ./Drivers/STM32F4xx_HAL_Driver/Src/stm32f4xx_hal_dma.o
                0x080016f8                HAL_DMA_Abort_IT
 .text.HAL_DMA_IRQHandler
                0x0800173c      0x314 ./Drivers/STM32F4xx_HAL_Driver/Src/stm32f4xx_hal_dma.o
                0x0800173c                HAL_DMA_IRQHandler
 .text.DMA_SetConfig
                0x08001a50       0x5c ./Drivers/STM32F4xx_HAL_Driver/Src/stm32f4xx_hal_dma.o
 .text.DMA_CalcBaseAndBitshift
                0x08001aac       0x6c ./Drivers/STM32F4xx_HAL_Driver/Src/stm32f4xx_hal_dma.o
 .text.DMA_CheckFifoParam
                0x08001b18       0xf8 ./Drivers/STM32F4xx_HAL_Driver/Src/stm32f4xx_hal_dma.o
 .text.HAL_GPIO_Init
                0x08001c10      0x338 ./Drivers/STM32F4xx_HAL_Driver/Src/stm32f4xx_hal_gpio.o
                0x08001c10                HAL_GPIO_Init
 .text.HAL_GPIO_WritePin
                0x08001f48       0x32 ./Drivers/STM32F4xx_HAL_Driver/Src/stm32f4xx_hal_gpio.o
                0x08001f48                HAL_GPIO_WritePin
 .text.HAL_HCD_Init
                0x08001f7a       0xce ./Drivers/STM32F4xx_HAL_Driver/Src/stm32f4xx_hal_hcd.o
                0x08001f7a                HAL_HCD_Init
 .text.HAL_HCD_HC_Init
                0x08002048      0x170 ./Drivers/STM32F4xx_HAL_Driver/Src/stm32f4xx_hal_hcd.o
                0x08002048                HAL_HCD_HC_Init
 .text.HAL_HCD_HC_Halt
                0x080021b8       0x46 ./Drivers/STM32F4xx_HAL_Driver/Src/stm32f4xx_hal_hcd.o
                0x080021b8                HAL_HCD_HC_Halt
 *fill*         0x080021fe        0x2 
 .text.HAL_HCD_HC_SubmitRequest
                0x08002200      0x33c ./Drivers/STM32F4xx_HAL_Driver/Src/stm32f4xx_hal_hcd.o
                0x08002200                HAL_HCD_HC_SubmitRequest
 .text.HAL_HCD_IRQHandler
                0x0800253c      0x220 ./Drivers/STM32F4xx_HAL_Driver/Src/stm32f4xx_hal_hcd.o
                0x0800253c                HAL_HCD_IRQHandler
 .text.HAL_HCD_Start
                0x0800275c       0x46 ./Drivers/STM32F4xx_HAL_Driver/Src/stm32f4xx_hal_hcd.o
                0x0800275c                HAL_HCD_Start
 .text.HAL_HCD_Stop
                0x080027a2       0x3a ./Drivers/STM32F4xx_HAL_Driver/Src/stm32f4xx_hal_hcd.o
                0x080027a2                HAL_HCD_Stop
 .text.HAL_HCD_ResetPort
                0x080027dc       0x1c ./Drivers/STM32F4xx_HAL_Driver/Src/stm32f4xx_hal_hcd.o
                0x080027dc                HAL_HCD_ResetPort
 .text.HAL_HCD_HC_GetURBState
                0x080027f8       0x2a ./Drivers/STM32F4xx_HAL_Driver/Src/stm32f4xx_hal_hcd.o
                0x080027f8                HAL_HCD_HC_GetURBState
 .text.HAL_HCD_HC_GetXferCount
                0x08002822       0x2a ./Drivers/STM32F4xx_HAL_Driver/Src/stm32f4xx_hal_hcd.o
                0x08002822                HAL_HCD_HC_GetXferCount
 .text.HAL_HCD_GetCurrentFrame
                0x0800284c       0x1c ./Drivers/STM32F4xx_HAL_Driver/Src/stm32f4xx_hal_hcd.o
                0x0800284c                HAL_HCD_GetCurrentFrame
 .text.HAL_HCD_GetCurrentSpeed
                0x08002868       0x1c ./Drivers/STM32F4xx_HAL_Driver/Src/stm32f4xx_hal_hcd.o
                0x08002868                HAL_HCD_GetCurrentSpeed
 .text.HAL_HCD_HC_ClearHubInfo
                0x08002884       0x6a ./Drivers/STM32F4xx_HAL_Driver/Src/stm32f4xx_hal_hcd.o
                0x08002884                HAL_HCD_HC_ClearHubInfo
 .text.HCD_HC_IN_IRQHandler
                0x080028ee      0xcd2 ./Drivers/STM32F4xx_HAL_Driver/Src/stm32f4xx_hal_hcd.o
 .text.HCD_HC_OUT_IRQHandler
                0x080035c0      0x97e ./Drivers/STM32F4xx_HAL_Driver/Src/stm32f4xx_hal_hcd.o
 .text.HCD_RXQLVL_IRQHandler
                0x08003f3e      0x1be ./Drivers/STM32F4xx_HAL_Driver/Src/stm32f4xx_hal_hcd.o
 .text.HCD_Port_IRQHandler
                0x080040fc       0xe6 ./Drivers/STM32F4xx_HAL_Driver/Src/stm32f4xx_hal_hcd.o
 *fill*         0x080041e2        0x2 
 .text.HAL_I2C_Init
                0x080041e4      0x288 ./Drivers/STM32F4xx_HAL_Driver/Src/stm32f4xx_hal_i2c.o
                0x080041e4                HAL_I2C_Init
 .text.HAL_I2S_Init
                0x0800446c      0x280 ./Drivers/STM32F4xx_HAL_Driver/Src/stm32f4xx_hal_i2s.o
                0x0800446c                HAL_I2S_Init
 .text.HAL_I2S_TxCpltCallback
                0x080046ec       0x14 ./Drivers/STM32F4xx_HAL_Driver/Src/stm32f4xx_hal_i2s.o
                0x080046ec                HAL_I2S_TxCpltCallback
 .text.HAL_I2S_RxCpltCallback
                0x08004700       0x14 ./Drivers/STM32F4xx_HAL_Driver/Src/stm32f4xx_hal_i2s.o
                0x08004700                HAL_I2S_RxCpltCallback
 .text.HAL_I2S_ErrorCallback
                0x08004714       0x14 ./Drivers/STM32F4xx_HAL_Driver/Src/stm32f4xx_hal_i2s.o
                0x08004714                HAL_I2S_ErrorCallback
 .text.I2S_Transmit_IT
                0x08004728       0x5c ./Drivers/STM32F4xx_HAL_Driver/Src/stm32f4xx_hal_i2s.o
 .text.I2S_Receive_IT
                0x08004784       0x5e ./Drivers/STM32F4xx_HAL_Driver/Src/stm32f4xx_hal_i2s.o
 .text.I2S_IRQHandler
                0x080047e2      0x114 ./Drivers/STM32F4xx_HAL_Driver/Src/stm32f4xx_hal_i2s.o
 *fill*         0x080048f6        0x2 
 .text.HAL_I2SEx_FullDuplex_IRQHandler
                0x080048f8      0x2a8 ./Drivers/STM32F4xx_HAL_Driver/Src/stm32f4xx_hal_i2s_ex.o
                0x080048f8                HAL_I2SEx_FullDuplex_IRQHandler
 .text.HAL_I2SEx_TxRxCpltCallback
                0x08004ba0       0x14 ./Drivers/STM32F4xx_HAL_Driver/Src/stm32f4xx_hal_i2s_ex.o
                0x08004ba0                HAL_I2SEx_TxRxCpltCallback
 .text.I2SEx_TxISR_I2S
                0x08004bb4       0x62 ./Drivers/STM32F4xx_HAL_Driver/Src/stm32f4xx_hal_i2s_ex.o
 *fill*         0x08004c16        0x2 
 .text.I2SEx_TxISR_I2SExt
                0x08004c18       0x98 ./Drivers/STM32F4xx_HAL_Driver/Src/stm32f4xx_hal_i2s_ex.o
 .text.I2SEx_RxISR_I2S
                0x08004cb0       0x64 ./Drivers/STM32F4xx_HAL_Driver/Src/stm32f4xx_hal_i2s_ex.o
 .text.I2SEx_RxISR_I2SExt
                0x08004d14       0x98 ./Drivers/STM32F4xx_HAL_Driver/Src/stm32f4xx_hal_i2s_ex.o
 .text.HAL_RCC_OscConfig
                0x08004dac      0x4f0 ./Drivers/STM32F4xx_HAL_Driver/Src/stm32f4xx_hal_rcc.o
                0x08004dac                HAL_RCC_OscConfig
 .text.HAL_RCC_ClockConfig
                0x0800529c      0x1cc ./Drivers/STM32F4xx_HAL_Driver/Src/stm32f4xx_hal_rcc.o
                0x0800529c                HAL_RCC_ClockConfig
 .text.HAL_RCC_GetSysClockFreq
                0x08005468      0x20c ./Drivers/STM32F4xx_HAL_Driver/Src/stm32f4xx_hal_rcc.o
                0x08005468                HAL_RCC_GetSysClockFreq
 .text.HAL_RCC_GetHCLKFreq
                0x08005674       0x18 ./Drivers/STM32F4xx_HAL_Driver/Src/stm32f4xx_hal_rcc.o
                0x08005674                HAL_RCC_GetHCLKFreq
 .text.HAL_RCC_GetPCLK1Freq
                0x0800568c       0x28 ./Drivers/STM32F4xx_HAL_Driver/Src/stm32f4xx_hal_rcc.o
                0x0800568c                HAL_RCC_GetPCLK1Freq
 .text.HAL_RCC_GetPCLK2Freq
                0x080056b4       0x28 ./Drivers/STM32F4xx_HAL_Driver/Src/stm32f4xx_hal_rcc.o
                0x080056b4                HAL_RCC_GetPCLK2Freq
 .text.HAL_RCC_GetClockConfig
                0x080056dc       0x64 ./Drivers/STM32F4xx_HAL_Driver/Src/stm32f4xx_hal_rcc.o
                0x080056dc                HAL_RCC_GetClockConfig
 .text.HAL_RCCEx_PeriphCLKConfig
                0x08005740      0x1c4 ./Drivers/STM32F4xx_HAL_Driver/Src/stm32f4xx_hal_rcc_ex.o
                0x08005740                HAL_RCCEx_PeriphCLKConfig
 .text.HAL_RCCEx_GetPeriphCLKFreq
                0x08005904       0xc0 ./Drivers/STM32F4xx_HAL_Driver/Src/stm32f4xx_hal_rcc_ex.o
                0x08005904                HAL_RCCEx_GetPeriphCLKFreq
 .text.HAL_SPI_Init
                0x080059c4      0x112 ./Drivers/STM32F4xx_HAL_Driver/Src/stm32f4xx_hal_spi.o
                0x080059c4                HAL_SPI_Init
 .text.HAL_TIM_Base_Init
                0x08005ad6       0x9e ./Drivers/STM32F4xx_HAL_Driver/Src/stm32f4xx_hal_tim.o
                0x08005ad6                HAL_TIM_Base_Init
 .text.HAL_TIM_Base_MspInit
                0x08005b74       0x14 ./Drivers/STM32F4xx_HAL_Driver/Src/stm32f4xx_hal_tim.o
                0x08005b74                HAL_TIM_Base_MspInit
 .text.HAL_TIM_Base_Start_IT
                0x08005b88       0xe0 ./Drivers/STM32F4xx_HAL_Driver/Src/stm32f4xx_hal_tim.o
                0x08005b88                HAL_TIM_Base_Start_IT
 .text.HAL_TIM_IRQHandler
                0x08005c68      0x1e0 ./Drivers/STM32F4xx_HAL_Driver/Src/stm32f4xx_hal_tim.o
                0x08005c68                HAL_TIM_IRQHandler
 .text.HAL_TIM_OC_DelayElapsedCallback
                0x08005e48       0x14 ./Drivers/STM32F4xx_HAL_Driver/Src/stm32f4xx_hal_tim.o
                0x08005e48                HAL_TIM_OC_DelayElapsedCallback
 .text.HAL_TIM_IC_CaptureCallback
                0x08005e5c       0x14 ./Drivers/STM32F4xx_HAL_Driver/Src/stm32f4xx_hal_tim.o
                0x08005e5c                HAL_TIM_IC_CaptureCallback
 .text.HAL_TIM_PWM_PulseFinishedCallback
                0x08005e70       0x14 ./Drivers/STM32F4xx_HAL_Driver/Src/stm32f4xx_hal_tim.o
                0x08005e70                HAL_TIM_PWM_PulseFinishedCallback
 .text.HAL_TIM_TriggerCallback
                0x08005e84       0x14 ./Drivers/STM32F4xx_HAL_Driver/Src/stm32f4xx_hal_tim.o
                0x08005e84                HAL_TIM_TriggerCallback
 .text.TIM_Base_SetConfig
                0x08005e98      0x14c ./Drivers/STM32F4xx_HAL_Driver/Src/stm32f4xx_hal_tim.o
                0x08005e98                TIM_Base_SetConfig
 .text.HAL_TIMEx_CommutCallback
                0x08005fe4       0x14 ./Drivers/STM32F4xx_HAL_Driver/Src/stm32f4xx_hal_tim_ex.o
                0x08005fe4                HAL_TIMEx_CommutCallback
 .text.HAL_TIMEx_BreakCallback
                0x08005ff8       0x14 ./Drivers/STM32F4xx_HAL_Driver/Src/stm32f4xx_hal_tim_ex.o
                0x08005ff8                HAL_TIMEx_BreakCallback
 .text.HAL_UART_Init
                0x0800600c       0xa0 ./Drivers/STM32F4xx_HAL_Driver/Src/stm32f4xx_hal_uart.o
                0x0800600c                HAL_UART_Init
 .text.HAL_UART_Transmit
                0x080060ac      0x116 ./Drivers/STM32F4xx_HAL_Driver/Src/stm32f4xx_hal_uart.o
                0x080060ac                HAL_UART_Transmit
 .text.HAL_UART_Receive_DMA
                0x080061c2       0x4a ./Drivers/STM32F4xx_HAL_Driver/Src/stm32f4xx_hal_uart.o
                0x080061c2                HAL_UART_Receive_DMA
 .text.HAL_UART_IRQHandler
                0x0800620c      0x554 ./Drivers/STM32F4xx_HAL_Driver/Src/stm32f4xx_hal_uart.o
                0x0800620c                HAL_UART_IRQHandler
 .text.HAL_UART_TxCpltCallback
                0x08006760       0x14 ./Drivers/STM32F4xx_HAL_Driver/Src/stm32f4xx_hal_uart.o
                0x08006760                HAL_UART_TxCpltCallback
 .text.HAL_UART_RxHalfCpltCallback
                0x08006774       0x14 ./Drivers/STM32F4xx_HAL_Driver/Src/stm32f4xx_hal_uart.o
                0x08006774                HAL_UART_RxHalfCpltCallback
 .text.HAL_UART_ErrorCallback
                0x08006788       0x14 ./Drivers/STM32F4xx_HAL_Driver/Src/stm32f4xx_hal_uart.o
                0x08006788                HAL_UART_ErrorCallback
 .text.HAL_UARTEx_RxEventCallback
                0x0800679c       0x18 ./Drivers/STM32F4xx_HAL_Driver/Src/stm32f4xx_hal_uart.o
                0x0800679c                HAL_UARTEx_RxEventCallback
 .text.UART_DMAReceiveCplt
                0x080067b4      0x12c ./Drivers/STM32F4xx_HAL_Driver/Src/stm32f4xx_hal_uart.o
 .text.UART_DMARxHalfCplt
                0x080068e0       0x3c ./Drivers/STM32F4xx_HAL_Driver/Src/stm32f4xx_hal_uart.o
 .text.UART_DMAError
                0x0800691c       0x94 ./Drivers/STM32F4xx_HAL_Driver/Src/stm32f4xx_hal_uart.o
 .text.UART_WaitOnFlagUntilTimeout
                0x080069b0       0xb2 ./Drivers/STM32F4xx_HAL_Driver/Src/stm32f4xx_hal_uart.o
 *fill*         0x08006a62        0x2 
 .text.UART_Start_Receive_DMA
                0x08006a64      0x14c ./Drivers/STM32F4xx_HAL_Driver/Src/stm32f4xx_hal_uart.o
                0x08006a64                UART_Start_Receive_DMA
 .text.UART_EndTxTransfer
                0x08006bb0       0x50 ./Drivers/STM32F4xx_HAL_Driver/Src/stm32f4xx_hal_uart.o
 .text.UART_EndRxTransfer
                0x08006c00       0xc6 ./Drivers/STM32F4xx_HAL_Driver/Src/stm32f4xx_hal_uart.o
 .text.UART_DMAAbortOnError
                0x08006cc6       0x22 ./Drivers/STM32F4xx_HAL_Driver/Src/stm32f4xx_hal_uart.o
 .text.UART_Transmit_IT
                0x08006ce8       0xa0 ./Drivers/STM32F4xx_HAL_Driver/Src/stm32f4xx_hal_uart.o
 .text.UART_EndTransmit_IT
                0x08006d88       0x30 ./Drivers/STM32F4xx_HAL_Driver/Src/stm32f4xx_hal_uart.o
 .text.UART_Receive_IT
                0x08006db8      0x17c ./Drivers/STM32F4xx_HAL_Driver/Src/stm32f4xx_hal_uart.o
 .text.UART_SetConfig
                0x08006f34      0x4e8 ./Drivers/STM32F4xx_HAL_Driver/Src/stm32f4xx_hal_uart.o
 .text.USB_CoreInit
                0x0800741c       0xc8 ./Drivers/STM32F4xx_HAL_Driver/Src/stm32f4xx_ll_usb.o
                0x0800741c                USB_CoreInit
 .text.USB_EnableGlobalInt
                0x080074e4       0x22 ./Drivers/STM32F4xx_HAL_Driver/Src/stm32f4xx_ll_usb.o
                0x080074e4                USB_EnableGlobalInt
 .text.USB_DisableGlobalInt
                0x08007506       0x22 ./Drivers/STM32F4xx_HAL_Driver/Src/stm32f4xx_ll_usb.o
                0x08007506                USB_DisableGlobalInt
 .text.USB_SetCurrentMode
                0x08007528       0x98 ./Drivers/STM32F4xx_HAL_Driver/Src/stm32f4xx_ll_usb.o
                0x08007528                USB_SetCurrentMode
 .text.USB_FlushTxFifo
                0x080075c0       0x64 ./Drivers/STM32F4xx_HAL_Driver/Src/stm32f4xx_ll_usb.o
                0x080075c0                USB_FlushTxFifo
 .text.USB_FlushRxFifo
                0x08007624       0x5c ./Drivers/STM32F4xx_HAL_Driver/Src/stm32f4xx_ll_usb.o
                0x08007624                USB_FlushRxFifo
 .text.USB_WritePacket
                0x08007680       0x7c ./Drivers/STM32F4xx_HAL_Driver/Src/stm32f4xx_ll_usb.o
                0x08007680                USB_WritePacket
 .text.USB_ReadPacket
                0x080076fc       0xb0 ./Drivers/STM32F4xx_HAL_Driver/Src/stm32f4xx_ll_usb.o
                0x080076fc                USB_ReadPacket
 .text.USB_ReadInterrupts
                0x080077ac       0x26 ./Drivers/STM32F4xx_HAL_Driver/Src/stm32f4xx_ll_usb.o
                0x080077ac                USB_ReadInterrupts
 .text.USB_ReadChInterrupts
                0x080077d2       0x42 ./Drivers/STM32F4xx_HAL_Driver/Src/stm32f4xx_ll_usb.o
                0x080077d2                USB_ReadChInterrupts
 .text.USB_GetMode
                0x08007814       0x1c ./Drivers/STM32F4xx_HAL_Driver/Src/stm32f4xx_ll_usb.o
                0x08007814                USB_GetMode
 .text.USB_CoreReset
                0x08007830       0x70 ./Drivers/STM32F4xx_HAL_Driver/Src/stm32f4xx_ll_usb.o
 .text.USB_HostInit
                0x080078a0      0x188 ./Drivers/STM32F4xx_HAL_Driver/Src/stm32f4xx_ll_usb.o
                0x080078a0                USB_HostInit
 .text.USB_InitFSLSPClkSel
                0x08007a28       0x7a ./Drivers/STM32F4xx_HAL_Driver/Src/stm32f4xx_ll_usb.o
                0x08007a28                USB_InitFSLSPClkSel
 .text.USB_ResetPort
                0x08007aa2       0x54 ./Drivers/STM32F4xx_HAL_Driver/Src/stm32f4xx_ll_usb.o
                0x08007aa2                USB_ResetPort
 .text.USB_DriveVbus
                0x08007af6       0x72 ./Drivers/STM32F4xx_HAL_Driver/Src/stm32f4xx_ll_usb.o
                0x08007af6                USB_DriveVbus
 .text.USB_GetHostSpeed
                0x08007b68       0x2e ./Drivers/STM32F4xx_HAL_Driver/Src/stm32f4xx_ll_usb.o
                0x08007b68                USB_GetHostSpeed
 .text.USB_GetCurrentFrame
                0x08007b96       0x22 ./Drivers/STM32F4xx_HAL_Driver/Src/stm32f4xx_ll_usb.o
                0x08007b96                USB_GetCurrentFrame
 .text.USB_HC_Init
                0x08007bb8      0x258 ./Drivers/STM32F4xx_HAL_Driver/Src/stm32f4xx_ll_usb.o
                0x08007bb8                USB_HC_Init
 .text.USB_HC_StartXfer
                0x08007e10      0x4f4 ./Drivers/STM32F4xx_HAL_Driver/Src/stm32f4xx_ll_usb.o
                0x08007e10                USB_HC_StartXfer
 .text.USB_HC_ReadInterrupt
                0x08008304       0x22 ./Drivers/STM32F4xx_HAL_Driver/Src/stm32f4xx_ll_usb.o
                0x08008304                USB_HC_ReadInterrupt
 .text.USB_HC_Halt
                0x08008326      0x240 ./Drivers/STM32F4xx_HAL_Driver/Src/stm32f4xx_ll_usb.o
                0x08008326                USB_HC_Halt
 *fill*         0x08008566        0x2 
 .text.USB_DoPing
                0x08008568       0x78 ./Drivers/STM32F4xx_HAL_Driver/Src/stm32f4xx_ll_usb.o
                0x08008568                USB_DoPing
 .text.USB_StopHost
                0x080085e0      0x124 ./Drivers/STM32F4xx_HAL_Driver/Src/stm32f4xx_ll_usb.o
                0x080085e0                USB_StopHost
 .text.USBH_CDC_InterfaceInit
                0x08008704      0x2ac ./Middlewares/ST/STM32_USB_Host_Library/Class/CDC/Src/usbh_cdc.o
 .text.USBH_CDC_InterfaceDeInit
                0x080089b0       0xb2 ./Middlewares/ST/STM32_USB_Host_Library/Class/CDC/Src/usbh_cdc.o
 .text.USBH_CDC_ClassRequest
                0x08008a62       0x3e ./Middlewares/ST/STM32_USB_Host_Library/Class/CDC/Src/usbh_cdc.o
 .text.USBH_CDC_Process
                0x08008aa0      0x12c ./Middlewares/ST/STM32_USB_Host_Library/Class/CDC/Src/usbh_cdc.o
 .text.USBH_CDC_SOFProcess
                0x08008bcc       0x16 ./Middlewares/ST/STM32_USB_Host_Library/Class/CDC/Src/usbh_cdc.o
 .text.GetLineCoding
                0x08008be2       0x3e ./Middlewares/ST/STM32_USB_Host_Library/Class/CDC/Src/usbh_cdc.o
 .text.SetLineCoding
                0x08008c20       0x3e ./Middlewares/ST/STM32_USB_Host_Library/Class/CDC/Src/usbh_cdc.o
 .text.CDC_ProcessTransmission
                0x08008c5e      0x104 ./Middlewares/ST/STM32_USB_Host_Library/Class/CDC/Src/usbh_cdc.o
 .text.CDC_ProcessReception
                0x08008d62       0xc2 ./Middlewares/ST/STM32_USB_Host_Library/Class/CDC/Src/usbh_cdc.o
 .text.USBH_CDC_TransmitCallback
                0x08008e24       0x14 ./Middlewares/ST/STM32_USB_Host_Library/Class/CDC/Src/usbh_cdc.o
                0x08008e24                USBH_CDC_TransmitCallback
 .text.USBH_CDC_ReceiveCallback
                0x08008e38       0x14 ./Middlewares/ST/STM32_USB_Host_Library/Class/CDC/Src/usbh_cdc.o
                0x08008e38                USBH_CDC_ReceiveCallback
 .text.USBH_CDC_LineCodingChanged
                0x08008e4c       0x14 ./Middlewares/ST/STM32_USB_Host_Library/Class/CDC/Src/usbh_cdc.o
                0x08008e4c                USBH_CDC_LineCodingChanged
 .text.USBH_Init
                0x08008e60       0xc4 ./Middlewares/ST/STM32_USB_Host_Library/Core/Src/usbh_core.o
                0x08008e60                USBH_Init
 .text.DeInitStateMachine
                0x08008f24       0xe2 ./Middlewares/ST/STM32_USB_Host_Library/Core/Src/usbh_core.o
 .text.USBH_RegisterClass
                0x08009006       0x54 ./Middlewares/ST/STM32_USB_Host_Library/Core/Src/usbh_core.o
                0x08009006                USBH_RegisterClass
 .text.USBH_SelectInterface
                0x0800905a       0x38 ./Middlewares/ST/STM32_USB_Host_Library/Core/Src/usbh_core.o
                0x0800905a                USBH_SelectInterface
 .text.USBH_FindInterface
                0x08009092       0x8c ./Middlewares/ST/STM32_USB_Host_Library/Core/Src/usbh_core.o
                0x08009092                USBH_FindInterface
 .text.USBH_Start
                0x0800911e       0x20 ./Middlewares/ST/STM32_USB_Host_Library/Core/Src/usbh_core.o
                0x0800911e                USBH_Start
 *fill*         0x0800913e        0x2 
 .text.USBH_Process
                0x08009140      0x434 ./Middlewares/ST/STM32_USB_Host_Library/Core/Src/usbh_core.o
                0x08009140                USBH_Process
 .text.USBH_HandleEnum
                0x08009574      0x3fc ./Middlewares/ST/STM32_USB_Host_Library/Core/Src/usbh_core.o
 .text.USBH_LL_SetTimer
                0x08009970       0x1e ./Middlewares/ST/STM32_USB_Host_Library/Core/Src/usbh_core.o
                0x08009970                USBH_LL_SetTimer
 .text.USBH_LL_IncTimer
                0x0800998e       0x24 ./Middlewares/ST/STM32_USB_Host_Library/Core/Src/usbh_core.o
                0x0800998e                USBH_LL_IncTimer
 .text.USBH_HandleSof
                0x080099b2       0x30 ./Middlewares/ST/STM32_USB_Host_Library/Core/Src/usbh_core.o
 .text.USBH_LL_PortEnabled
                0x080099e2       0x24 ./Middlewares/ST/STM32_USB_Host_Library/Core/Src/usbh_core.o
                0x080099e2                USBH_LL_PortEnabled
 .text.USBH_LL_PortDisabled
                0x08009a06       0x24 ./Middlewares/ST/STM32_USB_Host_Library/Core/Src/usbh_core.o
                0x08009a06                USBH_LL_PortDisabled
 .text.USBH_LL_Connect
                0x08009a2a       0x36 ./Middlewares/ST/STM32_USB_Host_Library/Core/Src/usbh_core.o
                0x08009a2a                USBH_LL_Connect
 .text.USBH_LL_Disconnect
                0x08009a60       0x54 ./Middlewares/ST/STM32_USB_Host_Library/Core/Src/usbh_core.o
                0x08009a60                USBH_LL_Disconnect
 .text.USBH_OS_PutMessage
                0x08009ab4       0x4e ./Middlewares/ST/STM32_USB_Host_Library/Core/Src/usbh_core.o
                0x08009ab4                USBH_OS_PutMessage
 .text.USBH_Process_OS
                0x08009b02       0x2a ./Middlewares/ST/STM32_USB_Host_Library/Core/Src/usbh_core.o
 .text.USBH_LL_NotifyURBChange
                0x08009b2c       0x1e ./Middlewares/ST/STM32_USB_Host_Library/Core/Src/usbh_core.o
                0x08009b2c                USBH_LL_NotifyURBChange
 .text.USBH_Get_DevDesc
                0x08009b4a       0x58 ./Middlewares/ST/STM32_USB_Host_Library/Core/Src/usbh_ctlreq.o
                0x08009b4a                USBH_Get_DevDesc
 .text.USBH_Get_CfgDesc
                0x08009ba2       0x54 ./Middlewares/ST/STM32_USB_Host_Library/Core/Src/usbh_ctlreq.o
                0x08009ba2                USBH_Get_CfgDesc
 .text.USBH_Get_StringDesc
                0x08009bf6       0x68 ./Middlewares/ST/STM32_USB_Host_Library/Core/Src/usbh_ctlreq.o
                0x08009bf6                USBH_Get_StringDesc
 .text.USBH_GetDescriptor
                0x08009c5e       0x6a ./Middlewares/ST/STM32_USB_Host_Library/Core/Src/usbh_ctlreq.o
                0x08009c5e                USBH_GetDescriptor
 .text.USBH_SetAddress
                0x08009cc8       0x48 ./Middlewares/ST/STM32_USB_Host_Library/Core/Src/usbh_ctlreq.o
                0x08009cc8                USBH_SetAddress
 .text.USBH_SetCfg
                0x08009d10       0x46 ./Middlewares/ST/STM32_USB_Host_Library/Core/Src/usbh_ctlreq.o
                0x08009d10                USBH_SetCfg
 .text.USBH_SetFeature
                0x08009d56       0x48 ./Middlewares/ST/STM32_USB_Host_Library/Core/Src/usbh_ctlreq.o
                0x08009d56                USBH_SetFeature
 .text.USBH_ClrFeature
                0x08009d9e       0x48 ./Middlewares/ST/STM32_USB_Host_Library/Core/Src/usbh_ctlreq.o
                0x08009d9e                USBH_ClrFeature
 *fill*         0x08009de6        0x2 
 .text.USBH_ParseDevDesc
                0x08009de8      0x160 ./Middlewares/ST/STM32_USB_Host_Library/Core/Src/usbh_ctlreq.o
 .text.USBH_ParseCfgDesc
                0x08009f48      0x1f8 ./Middlewares/ST/STM32_USB_Host_Library/Core/Src/usbh_ctlreq.o
 .text.USBH_ParseInterfaceDesc
                0x0800a140       0x5e ./Middlewares/ST/STM32_USB_Host_Library/Core/Src/usbh_ctlreq.o
 .text.USBH_ParseEPDesc
                0x0800a19e      0x1d0 ./Middlewares/ST/STM32_USB_Host_Library/Core/Src/usbh_ctlreq.o
 .text.USBH_ParseStringDesc
                0x0800a36e       0x66 ./Middlewares/ST/STM32_USB_Host_Library/Core/Src/usbh_ctlreq.o
 .text.USBH_GetNextDesc
                0x0800a3d4       0x34 ./Middlewares/ST/STM32_USB_Host_Library/Core/Src/usbh_ctlreq.o
                0x0800a3d4                USBH_GetNextDesc
 .text.USBH_CtlReq
                0x0800a408       0x92 ./Middlewares/ST/STM32_USB_Host_Library/Core/Src/usbh_ctlreq.o
                0x0800a408                USBH_CtlReq
 *fill*         0x0800a49a        0x2 
 .text.USBH_HandleControl
                0x0800a49c      0x3a0 ./Middlewares/ST/STM32_USB_Host_Library/Core/Src/usbh_ctlreq.o
 .text.USBH_CtlSendSetup
                0x0800a83c       0x34 ./Middlewares/ST/STM32_USB_Host_Library/Core/Src/usbh_ioreq.o
                0x0800a83c                USBH_CtlSendSetup
 .text.USBH_CtlSendData
                0x0800a870       0x4a ./Middlewares/ST/STM32_USB_Host_Library/Core/Src/usbh_ioreq.o
                0x0800a870                USBH_CtlSendData
 .text.USBH_CtlReceiveData
                0x0800a8ba       0x3c ./Middlewares/ST/STM32_USB_Host_Library/Core/Src/usbh_ioreq.o
                0x0800a8ba                USBH_CtlReceiveData
 .text.USBH_BulkSendData
                0x0800a8f6       0x4a ./Middlewares/ST/STM32_USB_Host_Library/Core/Src/usbh_ioreq.o
                0x0800a8f6                USBH_BulkSendData
 .text.USBH_BulkReceiveData
                0x0800a940       0x3c ./Middlewares/ST/STM32_USB_Host_Library/Core/Src/usbh_ioreq.o
                0x0800a940                USBH_BulkReceiveData
 .text.USBH_OpenPipe
                0x0800a97c       0x3e ./Middlewares/ST/STM32_USB_Host_Library/Core/Src/usbh_pipes.o
                0x0800a97c                USBH_OpenPipe
 .text.USBH_ClosePipe
                0x0800a9ba       0x20 ./Middlewares/ST/STM32_USB_Host_Library/Core/Src/usbh_pipes.o
                0x0800a9ba                USBH_ClosePipe
 .text.USBH_AllocPipe
                0x0800a9da       0x42 ./Middlewares/ST/STM32_USB_Host_Library/Core/Src/usbh_pipes.o
                0x0800a9da                USBH_AllocPipe
 .text.USBH_FreePipe
                0x0800aa1c       0x3c ./Middlewares/ST/STM32_USB_Host_Library/Core/Src/usbh_pipes.o
                0x0800aa1c                USBH_FreePipe
 .text.USBH_GetFreePipe
                0x0800aa58       0x48 ./Middlewares/ST/STM32_USB_Host_Library/Core/Src/usbh_pipes.o
 .text.makeFreeRtosPriority
                0x0800aaa0       0x30 ./Middlewares/Third_Party/FreeRTOS/Source/CMSIS_RTOS/cmsis_os.o
 .text.inHandlerMode
                0x0800aad0       0x24 ./Middlewares/Third_Party/FreeRTOS/Source/CMSIS_RTOS/cmsis_os.o
 .text.osKernelStart
                0x0800aaf4        0xe ./Middlewares/Third_Party/FreeRTOS/Source/CMSIS_RTOS/cmsis_os.o
                0x0800aaf4                osKernelStart
 .text.osThreadCreate
                0x0800ab02       0x98 ./Middlewares/Third_Party/FreeRTOS/Source/CMSIS_RTOS/cmsis_os.o
                0x0800ab02                osThreadCreate
 .text.osDelay  0x0800ab9a       0x28 ./Middlewares/Third_Party/FreeRTOS/Source/CMSIS_RTOS/cmsis_os.o
                0x0800ab9a                osDelay
 .text.osMessageCreate
                0x0800abc2       0x50 ./Middlewares/Third_Party/FreeRTOS/Source/CMSIS_RTOS/cmsis_os.o
                0x0800abc2                osMessageCreate
 *fill*         0x0800ac12        0x2 
 .text.osMessagePut
                0x0800ac14       0x80 ./Middlewares/Third_Party/FreeRTOS/Source/CMSIS_RTOS/cmsis_os.o
                0x0800ac14                osMessagePut
 .text.osMessageGet
                0x0800ac94       0xe8 ./Middlewares/Third_Party/FreeRTOS/Source/CMSIS_RTOS/cmsis_os.o
                0x0800ac94                osMessageGet
 .text.osMessageWaiting
                0x0800ad7c       0x2c ./Middlewares/Third_Party/FreeRTOS/Source/CMSIS_RTOS/cmsis_os.o
                0x0800ad7c                osMessageWaiting
 .text.vListInitialise
                0x0800ada8       0x40 ./Middlewares/Third_Party/FreeRTOS/Source/list.o
                0x0800ada8                vListInitialise
 .text.vListInitialiseItem
                0x0800ade8       0x1a ./Middlewares/Third_Party/FreeRTOS/Source/list.o
                0x0800ade8                vListInitialiseItem
 .text.vListInsertEnd
                0x0800ae02       0x48 ./Middlewares/Third_Party/FreeRTOS/Source/list.o
                0x0800ae02                vListInsertEnd
 .text.vListInsert
                0x0800ae4a       0x72 ./Middlewares/Third_Party/FreeRTOS/Source/list.o
                0x0800ae4a                vListInsert
 .text.uxListRemove
                0x0800aebc       0x54 ./Middlewares/Third_Party/FreeRTOS/Source/list.o
                0x0800aebc                uxListRemove
 .text.xQueueGenericReset
                0x0800af10       0xd4 ./Middlewares/Third_Party/FreeRTOS/Source/queue.o
                0x0800af10                xQueueGenericReset
 .text.xQueueGenericCreateStatic
                0x0800afe4       0xfa ./Middlewares/Third_Party/FreeRTOS/Source/queue.o
                0x0800afe4                xQueueGenericCreateStatic
 .text.xQueueGenericCreate
                0x0800b0de       0x76 ./Middlewares/Third_Party/FreeRTOS/Source/queue.o
                0x0800b0de                xQueueGenericCreate
 .text.prvInitialiseNewQueue
                0x0800b154       0x3e ./Middlewares/Third_Party/FreeRTOS/Source/queue.o
 *fill*         0x0800b192        0x2 
 .text.xQueueGenericSend
                0x0800b194      0x204 ./Middlewares/Third_Party/FreeRTOS/Source/queue.o
                0x0800b194                xQueueGenericSend
 .text.xQueueGenericSendFromISR
                0x0800b398      0x13c ./Middlewares/Third_Party/FreeRTOS/Source/queue.o
                0x0800b398                xQueueGenericSendFromISR
 .text.xQueueReceive
                0x0800b4d4      0x1c4 ./Middlewares/Third_Party/FreeRTOS/Source/queue.o
                0x0800b4d4                xQueueReceive
 .text.xQueueReceiveFromISR
                0x0800b698      0x104 ./Middlewares/Third_Party/FreeRTOS/Source/queue.o
                0x0800b698                xQueueReceiveFromISR
 .text.uxQueueMessagesWaiting
                0x0800b79c       0x3e ./Middlewares/Third_Party/FreeRTOS/Source/queue.o
                0x0800b79c                uxQueueMessagesWaiting
 .text.uxQueueMessagesWaitingFromISR
                0x0800b7da       0x3e ./Middlewares/Third_Party/FreeRTOS/Source/queue.o
                0x0800b7da                uxQueueMessagesWaitingFromISR
 .text.prvCopyDataToQueue
                0x0800b818       0xd4 ./Middlewares/Third_Party/FreeRTOS/Source/queue.o
 .text.prvCopyDataFromQueue
                0x0800b8ec       0x4c ./Middlewares/Third_Party/FreeRTOS/Source/queue.o
 .text.prvUnlockQueue
                0x0800b938       0xa4 ./Middlewares/Third_Party/FreeRTOS/Source/queue.o
 .text.prvIsQueueEmpty
                0x0800b9dc       0x2c ./Middlewares/Third_Party/FreeRTOS/Source/queue.o
 .text.prvIsQueueFull
                0x0800ba08       0x30 ./Middlewares/Third_Party/FreeRTOS/Source/queue.o
 .text.xTaskCreateStatic
                0x0800ba38       0xc0 ./Middlewares/Third_Party/FreeRTOS/Source/tasks.o
                0x0800ba38                xTaskCreateStatic
 .text.xTaskCreate
                0x0800baf8       0x8a ./Middlewares/Third_Party/FreeRTOS/Source/tasks.o
                0x0800baf8                xTaskCreate
 *fill*         0x0800bb82        0x2 
 .text.prvInitialiseNewTask
                0x0800bb84      0x140 ./Middlewares/Third_Party/FreeRTOS/Source/tasks.o
 .text.prvAddNewTaskToReadyList
                0x0800bcc4       0xd4 ./Middlewares/Third_Party/FreeRTOS/Source/tasks.o
 .text.vTaskDelay
                0x0800bd98       0x6c ./Middlewares/Third_Party/FreeRTOS/Source/tasks.o
                0x0800bd98                vTaskDelay
 .text.vTaskStartScheduler
                0x0800be04       0xd4 ./Middlewares/Third_Party/FreeRTOS/Source/tasks.o
                0x0800be04                vTaskStartScheduler
 .text.vTaskSuspendAll
                0x0800bed8       0x1c ./Middlewares/Third_Party/FreeRTOS/Source/tasks.o
                0x0800bed8                vTaskSuspendAll
 .text.xTaskResumeAll
                0x0800bef4      0x13c ./Middlewares/Third_Party/FreeRTOS/Source/tasks.o
                0x0800bef4                xTaskResumeAll
 .text.xTaskIncrementTick
                0x0800c030      0x174 ./Middlewares/Third_Party/FreeRTOS/Source/tasks.o
                0x0800c030                xTaskIncrementTick
 .text.vTaskSwitchContext
                0x0800c1a4       0xc8 ./Middlewares/Third_Party/FreeRTOS/Source/tasks.o
                0x0800c1a4                vTaskSwitchContext
 .text.vTaskPlaceOnEventList
                0x0800c26c       0x4c ./Middlewares/Third_Party/FreeRTOS/Source/tasks.o
                0x0800c26c                vTaskPlaceOnEventList
 .text.xTaskRemoveFromEventList
                0x0800c2b8       0xc8 ./Middlewares/Third_Party/FreeRTOS/Source/tasks.o
                0x0800c2b8                xTaskRemoveFromEventList
 .text.vTaskInternalSetTimeOutState
                0x0800c380       0x2c ./Middlewares/Third_Party/FreeRTOS/Source/tasks.o
                0x0800c380                vTaskInternalSetTimeOutState
 .text.xTaskCheckForTimeOut
                0x0800c3ac       0xc8 ./Middlewares/Third_Party/FreeRTOS/Source/tasks.o
                0x0800c3ac                xTaskCheckForTimeOut
 .text.vTaskMissedYield
                0x0800c474       0x18 ./Middlewares/Third_Party/FreeRTOS/Source/tasks.o
                0x0800c474                vTaskMissedYield
 .text.prvIdleTask
                0x0800c48c       0x30 ./Middlewares/Third_Party/FreeRTOS/Source/tasks.o
 .text.prvInitialiseTaskLists
                0x0800c4bc       0x80 ./Middlewares/Third_Party/FreeRTOS/Source/tasks.o
 .text.prvCheckTasksWaitingTermination
                0x0800c53c       0x5c ./Middlewares/Third_Party/FreeRTOS/Source/tasks.o
 .text.prvDeleteTCB
                0x0800c598       0x6a ./Middlewares/Third_Party/FreeRTOS/Source/tasks.o
 *fill*         0x0800c602        0x2 
 .text.prvResetNextTaskUnblockTime
                0x0800c604       0x40 ./Middlewares/Third_Party/FreeRTOS/Source/tasks.o
 .text.xTaskGetSchedulerState
                0x0800c644       0x3c ./Middlewares/Third_Party/FreeRTOS/Source/tasks.o
                0x0800c644                xTaskGetSchedulerState
 .text.xTaskPriorityDisinherit
                0x0800c680      0x110 ./Middlewares/Third_Party/FreeRTOS/Source/tasks.o
                0x0800c680                xTaskPriorityDisinherit
 .text.prvAddCurrentTaskToDelayedList
                0x0800c790       0xcc ./Middlewares/Third_Party/FreeRTOS/Source/tasks.o
 .text.pxPortInitialiseStack
                0x0800c85c       0x68 ./Middlewares/Third_Party/FreeRTOS/Source/portable/GCC/ARM_CM4F/port.o
                0x0800c85c                pxPortInitialiseStack
 .text.prvTaskExitError
                0x0800c8c4       0x5c ./Middlewares/Third_Party/FreeRTOS/Source/portable/GCC/ARM_CM4F/port.o
 .text.SVC_Handler
                0x0800c920       0x28 ./Middlewares/Third_Party/FreeRTOS/Source/portable/GCC/ARM_CM4F/port.o
                0x0800c920                SVC_Handler
 .text.prvPortStartFirstTask
                0x0800c948       0x28 ./Middlewares/Third_Party/FreeRTOS/Source/portable/GCC/ARM_CM4F/port.o
 .text.xPortStartScheduler
                0x0800c970      0x148 ./Middlewares/Third_Party/FreeRTOS/Source/portable/GCC/ARM_CM4F/port.o
                0x0800c970                xPortStartScheduler
 .text.vPortEnterCritical
                0x0800cab8       0x64 ./Middlewares/Third_Party/FreeRTOS/Source/portable/GCC/ARM_CM4F/port.o
                0x0800cab8                vPortEnterCritical
 .text.vPortExitCritical
                0x0800cb1c       0x54 ./Middlewares/Third_Party/FreeRTOS/Source/portable/GCC/ARM_CM4F/port.o
                0x0800cb1c                vPortExitCritical
 .text.PendSV_Handler
                0x0800cb70       0x68 ./Middlewares/Third_Party/FreeRTOS/Source/portable/GCC/ARM_CM4F/port.o
                0x0800cb70                PendSV_Handler
 .text.SysTick_Handler
                0x0800cbd8       0x44 ./Middlewares/Third_Party/FreeRTOS/Source/portable/GCC/ARM_CM4F/port.o
                0x0800cbd8                SysTick_Handler
 .text.vPortSetupTimerInterrupt
                0x0800cc1c       0x48 ./Middlewares/Third_Party/FreeRTOS/Source/portable/GCC/ARM_CM4F/port.o
                0x0800cc1c                vPortSetupTimerInterrupt
 .text.vPortEnableVFP
                0x0800cc64       0x14 ./Middlewares/Third_Party/FreeRTOS/Source/portable/GCC/ARM_CM4F/port.o
 .text.vPortValidateInterruptPriority
                0x0800cc78       0x84 ./Middlewares/Third_Party/FreeRTOS/Source/portable/GCC/ARM_CM4F/port.o
                0x0800cc78                vPortValidateInterruptPriority
 .text.pvPortMalloc
                0x0800ccfc      0x19c ./Middlewares/Third_Party/FreeRTOS/Source/portable/MemMang/heap_4.o
                0x0800ccfc                pvPortMalloc
 .text.vPortFree
                0x0800ce98       0xc8 ./Middlewares/Third_Party/FreeRTOS/Source/portable/MemMang/heap_4.o
                0x0800ce98                vPortFree
 .text.prvHeapInit
                0x0800cf60       0xc4 ./Middlewares/Third_Party/FreeRTOS/Source/portable/MemMang/heap_4.o
 .text.prvInsertBlockIntoFreeList
                0x0800d024       0xb4 ./Middlewares/Third_Party/FreeRTOS/Source/portable/MemMang/heap_4.o
 .text.MX_USB_HOST_Init
                0x0800d0d8       0x4c ./USB_HOST/App/usb_host.o
                0x0800d0d8                MX_USB_HOST_Init
 .text.USBH_UserProcess
                0x0800d124       0x5c ./USB_HOST/App/usb_host.o
 .text.HAL_HCD_MspInit
                0x0800d180       0xc4 ./USB_HOST/Target/usbh_conf.o
                0x0800d180                HAL_HCD_MspInit
 .text.HAL_HCD_SOF_Callback
                0x0800d244       0x1c ./USB_HOST/Target/usbh_conf.o
                0x0800d244                HAL_HCD_SOF_Callback
 .text.HAL_HCD_Connect_Callback
                0x0800d260       0x1c ./USB_HOST/Target/usbh_conf.o
                0x0800d260                HAL_HCD_Connect_Callback
 .text.HAL_HCD_Disconnect_Callback
                0x0800d27c       0x1c ./USB_HOST/Target/usbh_conf.o
                0x0800d27c                HAL_HCD_Disconnect_Callback
 .text.HAL_HCD_HC_NotifyURBChange_Callback
                0x0800d298       0x24 ./USB_HOST/Target/usbh_conf.o
                0x0800d298                HAL_HCD_HC_NotifyURBChange_Callback
 .text.HAL_HCD_PortEnabled_Callback
                0x0800d2bc       0x1c ./USB_HOST/Target/usbh_conf.o
                0x0800d2bc                HAL_HCD_PortEnabled_Callback
 .text.HAL_HCD_PortDisabled_Callback
                0x0800d2d8       0x1c ./USB_HOST/Target/usbh_conf.o
                0x0800d2d8                HAL_HCD_PortDisabled_Callback
 .text.USBH_LL_Init
                0x0800d2f4       0x78 ./USB_HOST/Target/usbh_conf.o
                0x0800d2f4                USBH_LL_Init
 .text.USBH_LL_Start
                0x0800d36c       0x36 ./USB_HOST/Target/usbh_conf.o
                0x0800d36c                USBH_LL_Start
 .text.USBH_LL_Stop
                0x0800d3a2       0x36 ./USB_HOST/Target/usbh_conf.o
                0x0800d3a2                USBH_LL_Stop
 .text.USBH_LL_GetSpeed
                0x0800d3d8       0x4e ./USB_HOST/Target/usbh_conf.o
                0x0800d3d8                USBH_LL_GetSpeed
 .text.USBH_LL_ResetPort
                0x0800d426       0x36 ./USB_HOST/Target/usbh_conf.o
                0x0800d426                USBH_LL_ResetPort
 .text.USBH_LL_GetLastXferSize
                0x0800d45c       0x26 ./USB_HOST/Target/usbh_conf.o
                0x0800d45c                USBH_LL_GetLastXferSize
 .text.USBH_LL_OpenPipe
                0x0800d482       0x5e ./USB_HOST/Target/usbh_conf.o
                0x0800d482                USBH_LL_OpenPipe
 .text.USBH_LL_ClosePipe
                0x0800d4e0       0x3e ./USB_HOST/Target/usbh_conf.o
                0x0800d4e0                USBH_LL_ClosePipe
 .text.USBH_LL_SubmitURB
                0x0800d51e       0x62 ./USB_HOST/Target/usbh_conf.o
                0x0800d51e                USBH_LL_SubmitURB
 .text.USBH_LL_GetURBState
                0x0800d580       0x26 ./USB_HOST/Target/usbh_conf.o
                0x0800d580                USBH_LL_GetURBState
 .text.USBH_LL_DriverVBUS
                0x0800d5a6       0x2e ./USB_HOST/Target/usbh_conf.o
                0x0800d5a6                USBH_LL_DriverVBUS
 .text.USBH_LL_SetToggle
                0x0800d5d4       0x66 ./USB_HOST/Target/usbh_conf.o
                0x0800d5d4                USBH_LL_SetToggle
 .text.USBH_Delay
                0x0800d63a       0x16 ./USB_HOST/Target/usbh_conf.o
                0x0800d63a                USBH_Delay
 .text.USBH_Get_USB_Status
                0x0800d650       0x58 ./USB_HOST/Target/usbh_conf.o
                0x0800d650                USBH_Get_USB_Status
 .text.MX_DriverVbusFS
                0x0800d6a8       0x38 ./USB_HOST/Target/usbh_platform.o
                0x0800d6a8                MX_DriverVbusFS
 .text.malloc   0x0800d6e0       0x10 C:/ST/STM32CubeIDE_1.18.1/STM32CubeIDE/plugins/com.st.stm32cube.ide.mcu.externaltools.gnu-tools-for-stm32.13.3.rel1.win32_1.0.0.202411081344/tools/bin/../lib/gcc/arm-none-eabi/13.3.1/../../../../arm-none-eabi/lib/thumb/v7e-m+fp/hard\libc_nano.a(libc_a-malloc.o)
                0x0800d6e0                malloc
 .text.free     0x0800d6f0       0x10 C:/ST/STM32CubeIDE_1.18.1/STM32CubeIDE/plugins/com.st.stm32cube.ide.mcu.externaltools.gnu-tools-for-stm32.13.3.rel1.win32_1.0.0.202411081344/tools/bin/../lib/gcc/arm-none-eabi/13.3.1/../../../../arm-none-eabi/lib/thumb/v7e-m+fp/hard\libc_nano.a(libc_a-malloc.o)
                0x0800d6f0                free
 .text.sbrk_aligned
                0x0800d700       0x44 C:/ST/STM32CubeIDE_1.18.1/STM32CubeIDE/plugins/com.st.stm32cube.ide.mcu.externaltools.gnu-tools-for-stm32.13.3.rel1.win32_1.0.0.202411081344/tools/bin/../lib/gcc/arm-none-eabi/13.3.1/../../../../arm-none-eabi/lib/thumb/v7e-m+fp/hard\libc_nano.a(libc_a-mallocr.o)
 .text._malloc_r
                0x0800d744      0x100 C:/ST/STM32CubeIDE_1.18.1/STM32CubeIDE/plugins/com.st.stm32cube.ide.mcu.externaltools.gnu-tools-for-stm32.13.3.rel1.win32_1.0.0.202411081344/tools/bin/../lib/gcc/arm-none-eabi/13.3.1/../../../../arm-none-eabi/lib/thumb/v7e-m+fp/hard\libc_nano.a(libc_a-mallocr.o)
                0x0800d744                _malloc_r
 .text.__malloc_lock
                0x0800d844        0xc C:/ST/STM32CubeIDE_1.18.1/STM32CubeIDE/plugins/com.st.stm32cube.ide.mcu.externaltools.gnu-tools-for-stm32.13.3.rel1.win32_1.0.0.202411081344/tools/bin/../lib/gcc/arm-none-eabi/13.3.1/../../../../arm-none-eabi/lib/thumb/v7e-m+fp/hard\libc_nano.a(libc_a-mlock.o)
                0x0800d844                __malloc_lock
 .text.__malloc_unlock
                0x0800d850        0xc C:/ST/STM32CubeIDE_1.18.1/STM32CubeIDE/plugins/com.st.stm32cube.ide.mcu.externaltools.gnu-tools-for-stm32.13.3.rel1.win32_1.0.0.202411081344/tools/bin/../lib/gcc/arm-none-eabi/13.3.1/../../../../arm-none-eabi/lib/thumb/v7e-m+fp/hard\libc_nano.a(libc_a-mlock.o)
                0x0800d850                __malloc_unlock
 .text.memset   0x0800d85c       0x10 C:/ST/STM32CubeIDE_1.18.1/STM32CubeIDE/plugins/com.st.stm32cube.ide.mcu.externaltools.gnu-tools-for-stm32.13.3.rel1.win32_1.0.0.202411081344/tools/bin/../lib/gcc/arm-none-eabi/13.3.1/../../../../arm-none-eabi/lib/thumb/v7e-m+fp/hard\libc_nano.a(libc_a-memset.o)
                0x0800d85c                memset
 .text._reclaim_reent
                0x0800d86c       0xbc C:/ST/STM32CubeIDE_1.18.1/STM32CubeIDE/plugins/com.st.stm32cube.ide.mcu.externaltools.gnu-tools-for-stm32.13.3.rel1.win32_1.0.0.202411081344/tools/bin/../lib/gcc/arm-none-eabi/13.3.1/../../../../arm-none-eabi/lib/thumb/v7e-m+fp/hard\libc_nano.a(libc_a-reent.o)
                0x0800d86c                _reclaim_reent
 .text._sbrk_r  0x0800d928       0x20 C:/ST/STM32CubeIDE_1.18.1/STM32CubeIDE/plugins/com.st.stm32cube.ide.mcu.externaltools.gnu-tools-for-stm32.13.3.rel1.win32_1.0.0.202411081344/tools/bin/../lib/gcc/arm-none-eabi/13.3.1/../../../../arm-none-eabi/lib/thumb/v7e-m+fp/hard\libc_nano.a(libc_a-sbrkr.o)
                0x0800d928                _sbrk_r
 .text.__errno  0x0800d948        0xc C:/ST/STM32CubeIDE_1.18.1/STM32CubeIDE/plugins/com.st.stm32cube.ide.mcu.externaltools.gnu-tools-for-stm32.13.3.rel1.win32_1.0.0.202411081344/tools/bin/../lib/gcc/arm-none-eabi/13.3.1/../../../../arm-none-eabi/lib/thumb/v7e-m+fp/hard\libc_nano.a(libc_a-errno.o)
                0x0800d948                __errno
 .text.__libc_init_array
                0x0800d954       0x48 C:/ST/STM32CubeIDE_1.18.1/STM32CubeIDE/plugins/com.st.stm32cube.ide.mcu.externaltools.gnu-tools-for-stm32.13.3.rel1.win32_1.0.0.202411081344/tools/bin/../lib/gcc/arm-none-eabi/13.3.1/../../../../arm-none-eabi/lib/thumb/v7e-m+fp/hard\libc_nano.a(libc_a-init.o)
                0x0800d954                __libc_init_array
 .text.__retarget_lock_acquire_recursive
                0x0800d99c        0x2 C:/ST/STM32CubeIDE_1.18.1/STM32CubeIDE/plugins/com.st.stm32cube.ide.mcu.externaltools.gnu-tools-for-stm32.13.3.rel1.win32_1.0.0.202411081344/tools/bin/../lib/gcc/arm-none-eabi/13.3.1/../../../../arm-none-eabi/lib/thumb/v7e-m+fp/hard\libc_nano.a(libc_a-lock.o)
                0x0800d99c                __retarget_lock_acquire_recursive
 .text.__retarget_lock_release_recursive
                0x0800d99e        0x2 C:/ST/STM32CubeIDE_1.18.1/STM32CubeIDE/plugins/com.st.stm32cube.ide.mcu.externaltools.gnu-tools-for-stm32.13.3.rel1.win32_1.0.0.202411081344/tools/bin/../lib/gcc/arm-none-eabi/13.3.1/../../../../arm-none-eabi/lib/thumb/v7e-m+fp/hard\libc_nano.a(libc_a-lock.o)
                0x0800d99e                __retarget_lock_release_recursive
 .text.memcpy   0x0800d9a0       0x1c C:/ST/STM32CubeIDE_1.18.1/STM32CubeIDE/plugins/com.st.stm32cube.ide.mcu.externaltools.gnu-tools-for-stm32.13.3.rel1.win32_1.0.0.202411081344/tools/bin/../lib/gcc/arm-none-eabi/13.3.1/../../../../arm-none-eabi/lib/thumb/v7e-m+fp/hard\libc_nano.a(libc_a-memcpy-stub.o)
                0x0800d9a0                memcpy
 .text._free_r  0x0800d9bc       0x94 C:/ST/STM32CubeIDE_1.18.1/STM32CubeIDE/plugins/com.st.stm32cube.ide.mcu.externaltools.gnu-tools-for-stm32.13.3.rel1.win32_1.0.0.202411081344/tools/bin/../lib/gcc/arm-none-eabi/13.3.1/../../../../arm-none-eabi/lib/thumb/v7e-m+fp/hard\libc_nano.a(libc_a-freer.o)
                0x0800d9bc                _free_r
 *(.glue_7)
 .glue_7        0x0800da50        0x0 linker stubs
 *(.glue_7t)
 .glue_7t       0x0800da50        0x0 linker stubs
 *(.eh_frame)
 .eh_frame      0x0800da50        0x0 C:/ST/STM32CubeIDE_1.18.1/STM32CubeIDE/plugins/com.st.stm32cube.ide.mcu.externaltools.gnu-tools-for-stm32.13.3.rel1.win32_1.0.0.202411081344/tools/bin/../lib/gcc/arm-none-eabi/13.3.1/thumb/v7e-m+fp/hard/crtbegin.o
 *(.init)
 .init          0x0800da50        0x4 C:/ST/STM32CubeIDE_1.18.1/STM32CubeIDE/plugins/com.st.stm32cube.ide.mcu.externaltools.gnu-tools-for-stm32.13.3.rel1.win32_1.0.0.202411081344/tools/bin/../lib/gcc/arm-none-eabi/13.3.1/thumb/v7e-m+fp/hard/crti.o
                0x0800da50                _init
 .init          0x0800da54        0x8 C:/ST/STM32CubeIDE_1.18.1/STM32CubeIDE/plugins/com.st.stm32cube.ide.mcu.externaltools.gnu-tools-for-stm32.13.3.rel1.win32_1.0.0.202411081344/tools/bin/../lib/gcc/arm-none-eabi/13.3.1/thumb/v7e-m+fp/hard/crtn.o
 *(.fini)
 .fini          0x0800da5c        0x4 C:/ST/STM32CubeIDE_1.18.1/STM32CubeIDE/plugins/com.st.stm32cube.ide.mcu.externaltools.gnu-tools-for-stm32.13.3.rel1.win32_1.0.0.202411081344/tools/bin/../lib/gcc/arm-none-eabi/13.3.1/thumb/v7e-m+fp/hard/crti.o
                0x0800da5c                _fini
 .fini          0x0800da60        0x8 C:/ST/STM32CubeIDE_1.18.1/STM32CubeIDE/plugins/com.st.stm32cube.ide.mcu.externaltools.gnu-tools-for-stm32.13.3.rel1.win32_1.0.0.202411081344/tools/bin/../lib/gcc/arm-none-eabi/13.3.1/thumb/v7e-m+fp/hard/crtn.o
                0x0800da68                        . = ALIGN (0x4)
                0x0800da68                        _etext = .

.vfp11_veneer   0x0800da68        0x0
 .vfp11_veneer  0x0800da68        0x0 linker stubs

.v4_bx          0x0800da68        0x0
 .v4_bx         0x0800da68        0x0 linker stubs

.iplt           0x0800da68        0x0
 .iplt          0x0800da68        0x0 C:/ST/STM32CubeIDE_1.18.1/STM32CubeIDE/plugins/com.st.stm32cube.ide.mcu.externaltools.gnu-tools-for-stm32.13.3.rel1.win32_1.0.0.202411081344/tools/bin/../lib/gcc/arm-none-eabi/13.3.1/thumb/v7e-m+fp/hard/crtbegin.o

.rodata         0x0800da68       0xb4
                0x0800da68                        . = ALIGN (0x4)
 *(.rodata)
 .rodata        0x0800da68       0x50 ./Core/Src/freertos.o
 .rodata        0x0800dab8        0x4 ./Middlewares/ST/STM32_USB_Host_Library/Class/CDC/Src/usbh_cdc.o
 .rodata        0x0800dabc       0x38 ./Middlewares/ST/STM32_USB_Host_Library/Core/Src/usbh_core.o
 .rodata        0x0800daf4        0x5 ./Middlewares/Third_Party/FreeRTOS/Source/tasks.o
 *(.rodata*)
 *fill*         0x0800daf9        0x3 
 .rodata.AHBPrescTable
                0x0800dafc       0x10 ./Core/Src/system_stm32f4xx.o
                0x0800dafc                AHBPrescTable
 .rodata.APBPrescTable
                0x0800db0c        0x8 ./Core/Src/system_stm32f4xx.o
                0x0800db0c                APBPrescTable
 .rodata.flagBitshiftOffset.0
                0x0800db14        0x8 ./Drivers/STM32F4xx_HAL_Driver/Src/stm32f4xx_hal_dma.o
                0x0800db1c                        . = ALIGN (0x4)

.ARM.extab      0x0800db1c        0x0
                0x0800db1c                        . = ALIGN (0x4)
 *(.ARM.extab* .gnu.linkonce.armextab.*)
                0x0800db1c                        . = ALIGN (0x4)

.ARM            0x0800db1c        0x8
                0x0800db1c                        . = ALIGN (0x4)
                0x0800db1c                        __exidx_start = .
 *(.ARM.exidx*)
 .ARM.exidx     0x0800db1c        0x8 C:/ST/STM32CubeIDE_1.18.1/STM32CubeIDE/plugins/com.st.stm32cube.ide.mcu.externaltools.gnu-tools-for-stm32.13.3.rel1.win32_1.0.0.202411081344/tools/bin/../lib/gcc/arm-none-eabi/13.3.1/thumb/v7e-m+fp/hard\libgcc.a(_udivmoddi4.o)
                0x0800db24                        __exidx_end = .
                0x0800db24                        . = ALIGN (0x4)

.preinit_array  0x0800db24        0x0
                0x0800db24                        . = ALIGN (0x4)
                0x0800db24                        PROVIDE (__preinit_array_start = .)
 *(.preinit_array*)
                0x0800db24                        PROVIDE (__preinit_array_end = .)
                0x0800db24                        . = ALIGN (0x4)

.init_array     0x0800db24        0x4
                0x0800db24                        . = ALIGN (0x4)
                0x0800db24                        PROVIDE (__init_array_start = .)
 *(SORT_BY_NAME(.init_array.*))
 *(.init_array*)
 .init_array    0x0800db24        0x4 C:/ST/STM32CubeIDE_1.18.1/STM32CubeIDE/plugins/com.st.stm32cube.ide.mcu.externaltools.gnu-tools-for-stm32.13.3.rel1.win32_1.0.0.202411081344/tools/bin/../lib/gcc/arm-none-eabi/13.3.1/thumb/v7e-m+fp/hard/crtbegin.o
                0x0800db28                        PROVIDE (__init_array_end = .)
                0x0800db28                        . = ALIGN (0x4)

.fini_array     0x0800db28        0x4
                0x0800db28                        . = ALIGN (0x4)
                [!provide]                        PROVIDE (__fini_array_start = .)
 *(SORT_BY_NAME(.fini_array.*))
 *(.fini_array*)
 .fini_array    0x0800db28        0x4 C:/ST/STM32CubeIDE_1.18.1/STM32CubeIDE/plugins/com.st.stm32cube.ide.mcu.externaltools.gnu-tools-for-stm32.13.3.rel1.win32_1.0.0.202411081344/tools/bin/../lib/gcc/arm-none-eabi/13.3.1/thumb/v7e-m+fp/hard/crtbegin.o
                [!provide]                        PROVIDE (__fini_array_end = .)
                0x0800db2c                        . = ALIGN (0x4)
                0x0800db2c                        _sidata = LOADADDR (.data)

.rel.dyn        0x0800db2c        0x0
 .rel.iplt      0x0800db2c        0x0 C:/ST/STM32CubeIDE_1.18.1/STM32CubeIDE/plugins/com.st.stm32cube.ide.mcu.externaltools.gnu-tools-for-stm32.13.3.rel1.win32_1.0.0.202411081344/tools/bin/../lib/gcc/arm-none-eabi/13.3.1/thumb/v7e-m+fp/hard/crtbegin.o

.data           0x20000000       0x80 load address 0x0800db2c
                0x20000000                        . = ALIGN (0x4)
                0x20000000                        _sdata = .
 *(.data)
 *(.data*)
 .data.SystemCoreClock
                0x20000000        0x4 ./Core/Src/system_stm32f4xx.o
                0x20000000                SystemCoreClock
 .data.uwTickPrio
                0x20000004        0x4 ./Drivers/STM32F4xx_HAL_Driver/Src/stm32f4xx_hal.o
                0x20000004                uwTickPrio
 .data.uwTickFreq
                0x20000008        0x1 ./Drivers/STM32F4xx_HAL_Driver/Src/stm32f4xx_hal.o
                0x20000008                uwTickFreq
 *fill*         0x20000009        0x3 
 .data.CDC_Class
                0x2000000c       0x20 ./Middlewares/ST/STM32_USB_Host_Library/Class/CDC/Src/usbh_cdc.o
                0x2000000c                CDC_Class
 .data.uxCriticalNesting
                0x2000002c        0x4 ./Middlewares/Third_Party/FreeRTOS/Source/portable/GCC/ARM_CM4F/port.o
 .data._impure_ptr
                0x20000030        0x4 C:/ST/STM32CubeIDE_1.18.1/STM32CubeIDE/plugins/com.st.stm32cube.ide.mcu.externaltools.gnu-tools-for-stm32.13.3.rel1.win32_1.0.0.202411081344/tools/bin/../lib/gcc/arm-none-eabi/13.3.1/../../../../arm-none-eabi/lib/thumb/v7e-m+fp/hard\libc_nano.a(libc_a-impure.o)
                0x20000030                _impure_ptr
 .data._impure_data
                0x20000034       0x4c C:/ST/STM32CubeIDE_1.18.1/STM32CubeIDE/plugins/com.st.stm32cube.ide.mcu.externaltools.gnu-tools-for-stm32.13.3.rel1.win32_1.0.0.202411081344/tools/bin/../lib/gcc/arm-none-eabi/13.3.1/../../../../arm-none-eabi/lib/thumb/v7e-m+fp/hard\libc_nano.a(libc_a-impure.o)
                0x20000034                _impure_data
 *(.RamFunc)
 *(.RamFunc*)
                0x20000080                        . = ALIGN (0x4)
                0x20000080                        _edata = .
                0x0800dbac                        _siccmram = LOADADDR (.ccmram)

.igot.plt       0x20000080        0x0 load address 0x0800dbac
 .igot.plt      0x20000080        0x0 C:/ST/STM32CubeIDE_1.18.1/STM32CubeIDE/plugins/com.st.stm32cube.ide.mcu.externaltools.gnu-tools-for-stm32.13.3.rel1.win32_1.0.0.202411081344/tools/bin/../lib/gcc/arm-none-eabi/13.3.1/thumb/v7e-m+fp/hard/crtbegin.o

.ccmram         0x10000000        0x0 load address 0x0800dbac
                0x10000000                        . = ALIGN (0x4)
                0x10000000                        _sccmram = .
 *(.ccmram)
 *(.ccmram*)
                0x10000000                        . = ALIGN (0x4)
                0x10000000                        _eccmram = .
                0x10000000                        . = ALIGN (0x4)

.bss            0x20000080     0x5ff8
                0x20000080                        _sbss = .
                0x20000080                        __bss_start__ = _sbss
 *(.bss)
 .bss           0x20000080       0x1c C:/ST/STM32CubeIDE_1.18.1/STM32CubeIDE/plugins/com.st.stm32cube.ide.mcu.externaltools.gnu-tools-for-stm32.13.3.rel1.win32_1.0.0.202411081344/tools/bin/../lib/gcc/arm-none-eabi/13.3.1/thumb/v7e-m+fp/hard/crtbegin.o
 *(.bss*)
 .bss.defaultTaskHandle
                0x2000009c        0x4 ./Core/Src/freertos.o
                0x2000009c                defaultTaskHandle
 .bss.myUartTaskHandle
                0x200000a0        0x4 ./Core/Src/freertos.o
                0x200000a0                myUartTaskHandle
 .bss.xIdleTaskTCBBuffer
                0x200000a4       0xa0 ./Core/Src/freertos.o
 .bss.xIdleStack
                0x20000144      0x200 ./Core/Src/freertos.o
 .bss.hi2c1     0x20000344       0x54 ./Core/Src/i2c.o
                0x20000344                hi2c1
 .bss.hi2s3     0x20000398       0x48 ./Core/Src/i2s.o
                0x20000398                hi2s3
 .bss.rxBuffer  0x200003e0       0x80 ./Core/Src/main.o
                0x200003e0                rxBuffer
 .bss.rxIndex   0x20000460        0x2 ./Core/Src/main.o
                0x20000460                rxIndex
 .bss.rxData    0x20000462        0x1 ./Core/Src/main.o
                0x20000462                rxData
 *fill*         0x20000463        0x1 
 .bss.hspi1     0x20000464       0x58 ./Core/Src/spi.o
                0x20000464                hspi1
 .bss.htim6     0x200004bc       0x48 ./Core/Src/stm32f4xx_hal_timebase_tim.o
                0x200004bc                htim6
 .bss.__sbrk_heap_end
                0x20000504        0x4 ./Core/Src/sysmem.o
 .bss.huart3    0x20000508       0x48 ./Core/Src/usart.o
                0x20000508                huart3
 .bss.hdma_usart3_rx
                0x20000550       0x60 ./Core/Src/usart.o
                0x20000550                hdma_usart3_rx
 .bss.hdma_usart3_tx
                0x200005b0       0x60 ./Core/Src/usart.o
                0x200005b0                hdma_usart3_tx
 .bss.uwTick    0x20000610        0x4 ./Drivers/STM32F4xx_HAL_Driver/Src/stm32f4xx_hal.o
                0x20000610                uwTick
 .bss.pxCurrentTCB
                0x20000614        0x4 ./Middlewares/Third_Party/FreeRTOS/Source/tasks.o
                0x20000614                pxCurrentTCB
 .bss.pxReadyTasksLists
                0x20000618       0x8c ./Middlewares/Third_Party/FreeRTOS/Source/tasks.o
 .bss.xDelayedTaskList1
                0x200006a4       0x14 ./Middlewares/Third_Party/FreeRTOS/Source/tasks.o
 .bss.xDelayedTaskList2
                0x200006b8       0x14 ./Middlewares/Third_Party/FreeRTOS/Source/tasks.o
 .bss.pxDelayedTaskList
                0x200006cc        0x4 ./Middlewares/Third_Party/FreeRTOS/Source/tasks.o
 .bss.pxOverflowDelayedTaskList
                0x200006d0        0x4 ./Middlewares/Third_Party/FreeRTOS/Source/tasks.o
 .bss.xPendingReadyList
                0x200006d4       0x14 ./Middlewares/Third_Party/FreeRTOS/Source/tasks.o
 .bss.xTasksWaitingTermination
                0x200006e8       0x14 ./Middlewares/Third_Party/FreeRTOS/Source/tasks.o
 .bss.uxDeletedTasksWaitingCleanUp
                0x200006fc        0x4 ./Middlewares/Third_Party/FreeRTOS/Source/tasks.o
 .bss.xSuspendedTaskList
                0x20000700       0x14 ./Middlewares/Third_Party/FreeRTOS/Source/tasks.o
 .bss.uxCurrentNumberOfTasks
                0x20000714        0x4 ./Middlewares/Third_Party/FreeRTOS/Source/tasks.o
 .bss.xTickCount
                0x20000718        0x4 ./Middlewares/Third_Party/FreeRTOS/Source/tasks.o
 .bss.uxTopReadyPriority
                0x2000071c        0x4 ./Middlewares/Third_Party/FreeRTOS/Source/tasks.o
 .bss.xSchedulerRunning
                0x20000720        0x4 ./Middlewares/Third_Party/FreeRTOS/Source/tasks.o
 .bss.xPendedTicks
                0x20000724        0x4 ./Middlewares/Third_Party/FreeRTOS/Source/tasks.o
 .bss.xYieldPending
                0x20000728        0x4 ./Middlewares/Third_Party/FreeRTOS/Source/tasks.o
 .bss.xNumOfOverflows
                0x2000072c        0x4 ./Middlewares/Third_Party/FreeRTOS/Source/tasks.o
 .bss.uxTaskNumber
                0x20000730        0x4 ./Middlewares/Third_Party/FreeRTOS/Source/tasks.o
 .bss.xNextTaskUnblockTime
                0x20000734        0x4 ./Middlewares/Third_Party/FreeRTOS/Source/tasks.o
 .bss.xIdleTaskHandle
                0x20000738        0x4 ./Middlewares/Third_Party/FreeRTOS/Source/tasks.o
 .bss.uxSchedulerSuspended
                0x2000073c        0x4 ./Middlewares/Third_Party/FreeRTOS/Source/tasks.o
 .bss.ucMaxSysCallPriority
                0x20000740        0x1 ./Middlewares/Third_Party/FreeRTOS/Source/portable/GCC/ARM_CM4F/port.o
 *fill*         0x20000741        0x3 
 .bss.ulMaxPRIGROUPValue
                0x20000744        0x4 ./Middlewares/Third_Party/FreeRTOS/Source/portable/GCC/ARM_CM4F/port.o
 .bss.ucHeap    0x20000748     0x5000 ./Middlewares/Third_Party/FreeRTOS/Source/portable/MemMang/heap_4.o
 .bss.xStart    0x20005748        0x8 ./Middlewares/Third_Party/FreeRTOS/Source/portable/MemMang/heap_4.o
 .bss.pxEnd     0x20005750        0x4 ./Middlewares/Third_Party/FreeRTOS/Source/portable/MemMang/heap_4.o
 .bss.xFreeBytesRemaining
                0x20005754        0x4 ./Middlewares/Third_Party/FreeRTOS/Source/portable/MemMang/heap_4.o
 .bss.xMinimumEverFreeBytesRemaining
                0x20005758        0x4 ./Middlewares/Third_Party/FreeRTOS/Source/portable/MemMang/heap_4.o
 .bss.xNumberOfSuccessfulAllocations
                0x2000575c        0x4 ./Middlewares/Third_Party/FreeRTOS/Source/portable/MemMang/heap_4.o
 .bss.xNumberOfSuccessfulFrees
                0x20005760        0x4 ./Middlewares/Third_Party/FreeRTOS/Source/portable/MemMang/heap_4.o
 .bss.xBlockAllocatedBit
                0x20005764        0x4 ./Middlewares/Third_Party/FreeRTOS/Source/portable/MemMang/heap_4.o
 .bss.hUsbHostFS
                0x20005768      0x3e4 ./USB_HOST/App/usb_host.o
                0x20005768                hUsbHostFS
 .bss.Appli_state
                0x20005b4c        0x1 ./USB_HOST/App/usb_host.o
                0x20005b4c                Appli_state
 *fill*         0x20005b4d        0x3 
 .bss.hhcd_USB_OTG_FS
                0x20005b50      0x3e0 ./USB_HOST/Target/usbh_conf.o
                0x20005b50                hhcd_USB_OTG_FS
 .bss.__malloc_sbrk_start
                0x20005f30        0x4 C:/ST/STM32CubeIDE_1.18.1/STM32CubeIDE/plugins/com.st.stm32cube.ide.mcu.externaltools.gnu-tools-for-stm32.13.3.rel1.win32_1.0.0.202411081344/tools/bin/../lib/gcc/arm-none-eabi/13.3.1/../../../../arm-none-eabi/lib/thumb/v7e-m+fp/hard\libc_nano.a(libc_a-mallocr.o)
                0x20005f30                __malloc_sbrk_start
 .bss.__malloc_free_list
                0x20005f34        0x4 C:/ST/STM32CubeIDE_1.18.1/STM32CubeIDE/plugins/com.st.stm32cube.ide.mcu.externaltools.gnu-tools-for-stm32.13.3.rel1.win32_1.0.0.202411081344/tools/bin/../lib/gcc/arm-none-eabi/13.3.1/../../../../arm-none-eabi/lib/thumb/v7e-m+fp/hard\libc_nano.a(libc_a-mallocr.o)
                0x20005f34                __malloc_free_list
 .bss.__sf      0x20005f38      0x138 C:/ST/STM32CubeIDE_1.18.1/STM32CubeIDE/plugins/com.st.stm32cube.ide.mcu.externaltools.gnu-tools-for-stm32.13.3.rel1.win32_1.0.0.202411081344/tools/bin/../lib/gcc/arm-none-eabi/13.3.1/../../../../arm-none-eabi/lib/thumb/v7e-m+fp/hard\libc_nano.a(libc_a-findfp.o)
                0x20005f38                __sf
 .bss.errno     0x20006070        0x4 C:/ST/STM32CubeIDE_1.18.1/STM32CubeIDE/plugins/com.st.stm32cube.ide.mcu.externaltools.gnu-tools-for-stm32.13.3.rel1.win32_1.0.0.202411081344/tools/bin/../lib/gcc/arm-none-eabi/13.3.1/../../../../arm-none-eabi/lib/thumb/v7e-m+fp/hard\libc_nano.a(libc_a-reent.o)
                0x20006070                errno
 .bss.__lock___malloc_recursive_mutex
                0x20006074        0x1 C:/ST/STM32CubeIDE_1.18.1/STM32CubeIDE/plugins/com.st.stm32cube.ide.mcu.externaltools.gnu-tools-for-stm32.13.3.rel1.win32_1.0.0.202411081344/tools/bin/../lib/gcc/arm-none-eabi/13.3.1/../../../../arm-none-eabi/lib/thumb/v7e-m+fp/hard\libc_nano.a(libc_a-lock.o)
                0x20006074                __lock___malloc_recursive_mutex
 *(COMMON)
                0x20006078                        . = ALIGN (0x4)
 *fill*         0x20006075        0x3 
                0x20006078                        _ebss = .
                0x20006078                        __bss_end__ = _ebss

._user_heap_stack
                0x20006078      0x600
                0x20006078                        . = ALIGN (0x8)
                [!provide]                        PROVIDE (end = .)
                0x20006078                        PROVIDE (_end = .)
                0x20006278                        . = (. + _Min_Heap_Size)
 *fill*         0x20006078      0x200 
                0x20006678                        . = (. + _Min_Stack_Size)
 *fill*         0x20006278      0x400 
                0x20006678                        . = ALIGN (0x8)

/DISCARD/
 libc.a(*)
 libm.a(*)
 libgcc.a(*)

.ARM.attributes
                0x00000000       0x30
 *(.ARM.attributes)
 .ARM.attributes
                0x00000000       0x22 C:/ST/STM32CubeIDE_1.18.1/STM32CubeIDE/plugins/com.st.stm32cube.ide.mcu.externaltools.gnu-tools-for-stm32.13.3.rel1.win32_1.0.0.202411081344/tools/bin/../lib/gcc/arm-none-eabi/13.3.1/thumb/v7e-m+fp/hard/crti.o
 .ARM.attributes
                0x00000022       0x34 C:/ST/STM32CubeIDE_1.18.1/STM32CubeIDE/plugins/com.st.stm32cube.ide.mcu.externaltools.gnu-tools-for-stm32.13.3.rel1.win32_1.0.0.202411081344/tools/bin/../lib/gcc/arm-none-eabi/13.3.1/thumb/v7e-m+fp/hard/crtbegin.o
 .ARM.attributes
                0x00000056       0x34 ./Core/Src/dma.o
 .ARM.attributes
                0x0000008a       0x34 ./Core/Src/freertos.o
 .ARM.attributes
                0x000000be       0x34 ./Core/Src/gpio.o
 .ARM.attributes
                0x000000f2       0x34 ./Core/Src/i2c.o
 .ARM.attributes
                0x00000126       0x34 ./Core/Src/i2s.o
 .ARM.attributes
                0x0000015a       0x34 ./Core/Src/main.o
 .ARM.attributes
                0x0000018e       0x34 ./Core/Src/spi.o
 .ARM.attributes
                0x000001c2       0x34 ./Core/Src/stm32f4xx_hal_msp.o
 .ARM.attributes
                0x000001f6       0x34 ./Core/Src/stm32f4xx_hal_timebase_tim.o
 .ARM.attributes
                0x0000022a       0x34 ./Core/Src/stm32f4xx_it.o
 .ARM.attributes
                0x0000025e       0x34 ./Core/Src/sysmem.o
 .ARM.attributes
                0x00000292       0x34 ./Core/Src/system_stm32f4xx.o
 .ARM.attributes
                0x000002c6       0x34 ./Core/Src/usart.o
 .ARM.attributes
                0x000002fa       0x21 ./Core/Startup/startup_stm32f407vgtx.o
 .ARM.attributes
                0x0000031b       0x34 ./Drivers/STM32F4xx_HAL_Driver/Src/stm32f4xx_hal.o
 .ARM.attributes
                0x0000034f       0x34 ./Drivers/STM32F4xx_HAL_Driver/Src/stm32f4xx_hal_cortex.o
 .ARM.attributes
                0x00000383       0x34 ./Drivers/STM32F4xx_HAL_Driver/Src/stm32f4xx_hal_dma.o
 .ARM.attributes
                0x000003b7       0x34 ./Drivers/STM32F4xx_HAL_Driver/Src/stm32f4xx_hal_gpio.o
 .ARM.attributes
                0x000003eb       0x34 ./Drivers/STM32F4xx_HAL_Driver/Src/stm32f4xx_hal_hcd.o
 .ARM.attributes
                0x0000041f       0x34 ./Drivers/STM32F4xx_HAL_Driver/Src/stm32f4xx_hal_i2c.o
 .ARM.attributes
                0x00000453       0x34 ./Drivers/STM32F4xx_HAL_Driver/Src/stm32f4xx_hal_i2s.o
 .ARM.attributes
                0x00000487       0x34 ./Drivers/STM32F4xx_HAL_Driver/Src/stm32f4xx_hal_i2s_ex.o
 .ARM.attributes
                0x000004bb       0x34 ./Drivers/STM32F4xx_HAL_Driver/Src/stm32f4xx_hal_rcc.o
 .ARM.attributes
                0x000004ef       0x34 ./Drivers/STM32F4xx_HAL_Driver/Src/stm32f4xx_hal_rcc_ex.o
 .ARM.attributes
                0x00000523       0x34 ./Drivers/STM32F4xx_HAL_Driver/Src/stm32f4xx_hal_spi.o
 .ARM.attributes
                0x00000557       0x34 ./Drivers/STM32F4xx_HAL_Driver/Src/stm32f4xx_hal_tim.o
 .ARM.attributes
                0x0000058b       0x34 ./Drivers/STM32F4xx_HAL_Driver/Src/stm32f4xx_hal_tim_ex.o
 .ARM.attributes
                0x000005bf       0x34 ./Drivers/STM32F4xx_HAL_Driver/Src/stm32f4xx_hal_uart.o
 .ARM.attributes
                0x000005f3       0x34 ./Drivers/STM32F4xx_HAL_Driver/Src/stm32f4xx_ll_usb.o
 .ARM.attributes
                0x00000627       0x34 ./Middlewares/ST/STM32_USB_Host_Library/Class/CDC/Src/usbh_cdc.o
 .ARM.attributes
                0x0000065b       0x34 ./Middlewares/ST/STM32_USB_Host_Library/Core/Src/usbh_core.o
 .ARM.attributes
                0x0000068f       0x34 ./Middlewares/ST/STM32_USB_Host_Library/Core/Src/usbh_ctlreq.o
 .ARM.attributes
                0x000006c3       0x34 ./Middlewares/ST/STM32_USB_Host_Library/Core/Src/usbh_ioreq.o
 .ARM.attributes
                0x000006f7       0x34 ./Middlewares/ST/STM32_USB_Host_Library/Core/Src/usbh_pipes.o
 .ARM.attributes
                0x0000072b       0x34 ./Middlewares/Third_Party/FreeRTOS/Source/CMSIS_RTOS/cmsis_os.o
 .ARM.attributes
                0x0000075f       0x34 ./Middlewares/Third_Party/FreeRTOS/Source/list.o
 .ARM.attributes
                0x00000793       0x34 ./Middlewares/Third_Party/FreeRTOS/Source/queue.o
 .ARM.attributes
                0x000007c7       0x34 ./Middlewares/Third_Party/FreeRTOS/Source/tasks.o
 .ARM.attributes
                0x000007fb       0x34 ./Middlewares/Third_Party/FreeRTOS/Source/portable/GCC/ARM_CM4F/port.o
 .ARM.attributes
                0x0000082f       0x34 ./Middlewares/Third_Party/FreeRTOS/Source/portable/MemMang/heap_4.o
 .ARM.attributes
                0x00000863       0x34 ./USB_HOST/App/usb_host.o
 .ARM.attributes
                0x00000897       0x34 ./USB_HOST/Target/usbh_conf.o
 .ARM.attributes
                0x000008cb       0x34 ./USB_HOST/Target/usbh_platform.o
 .ARM.attributes
                0x000008ff       0x34 C:/ST/STM32CubeIDE_1.18.1/STM32CubeIDE/plugins/com.st.stm32cube.ide.mcu.externaltools.gnu-tools-for-stm32.13.3.rel1.win32_1.0.0.202411081344/tools/bin/../lib/gcc/arm-none-eabi/13.3.1/../../../../arm-none-eabi/lib/thumb/v7e-m+fp/hard\libc_nano.a(libc_a-malloc.o)
 .ARM.attributes
                0x00000933       0x34 C:/ST/STM32CubeIDE_1.18.1/STM32CubeIDE/plugins/com.st.stm32cube.ide.mcu.externaltools.gnu-tools-for-stm32.13.3.rel1.win32_1.0.0.202411081344/tools/bin/../lib/gcc/arm-none-eabi/13.3.1/../../../../arm-none-eabi/lib/thumb/v7e-m+fp/hard\libc_nano.a(libc_a-mallocr.o)
 .ARM.attributes
                0x00000967       0x34 C:/ST/STM32CubeIDE_1.18.1/STM32CubeIDE/plugins/com.st.stm32cube.ide.mcu.externaltools.gnu-tools-for-stm32.13.3.rel1.win32_1.0.0.202411081344/tools/bin/../lib/gcc/arm-none-eabi/13.3.1/../../../../arm-none-eabi/lib/thumb/v7e-m+fp/hard\libc_nano.a(libc_a-mlock.o)
 .ARM.attributes
                0x0000099b       0x34 C:/ST/STM32CubeIDE_1.18.1/STM32CubeIDE/plugins/com.st.stm32cube.ide.mcu.externaltools.gnu-tools-for-stm32.13.3.rel1.win32_1.0.0.202411081344/tools/bin/../lib/gcc/arm-none-eabi/13.3.1/../../../../arm-none-eabi/lib/thumb/v7e-m+fp/hard\libc_nano.a(libc_a-findfp.o)
 .ARM.attributes
                0x000009cf       0x34 C:/ST/STM32CubeIDE_1.18.1/STM32CubeIDE/plugins/com.st.stm32cube.ide.mcu.externaltools.gnu-tools-for-stm32.13.3.rel1.win32_1.0.0.202411081344/tools/bin/../lib/gcc/arm-none-eabi/13.3.1/../../../../arm-none-eabi/lib/thumb/v7e-m+fp/hard\libc_nano.a(libc_a-memset.o)
 .ARM.attributes
                0x00000a03       0x34 C:/ST/STM32CubeIDE_1.18.1/STM32CubeIDE/plugins/com.st.stm32cube.ide.mcu.externaltools.gnu-tools-for-stm32.13.3.rel1.win32_1.0.0.202411081344/tools/bin/../lib/gcc/arm-none-eabi/13.3.1/../../../../arm-none-eabi/lib/thumb/v7e-m+fp/hard\libc_nano.a(libc_a-reent.o)
 .ARM.attributes
                0x00000a37       0x34 C:/ST/STM32CubeIDE_1.18.1/STM32CubeIDE/plugins/com.st.stm32cube.ide.mcu.externaltools.gnu-tools-for-stm32.13.3.rel1.win32_1.0.0.202411081344/tools/bin/../lib/gcc/arm-none-eabi/13.3.1/../../../../arm-none-eabi/lib/thumb/v7e-m+fp/hard\libc_nano.a(libc_a-impure.o)
 .ARM.attributes
                0x00000a6b       0x34 C:/ST/STM32CubeIDE_1.18.1/STM32CubeIDE/plugins/com.st.stm32cube.ide.mcu.externaltools.gnu-tools-for-stm32.13.3.rel1.win32_1.0.0.202411081344/tools/bin/../lib/gcc/arm-none-eabi/13.3.1/../../../../arm-none-eabi/lib/thumb/v7e-m+fp/hard\libc_nano.a(libc_a-sbrkr.o)
 .ARM.attributes
                0x00000a9f       0x34 C:/ST/STM32CubeIDE_1.18.1/STM32CubeIDE/plugins/com.st.stm32cube.ide.mcu.externaltools.gnu-tools-for-stm32.13.3.rel1.win32_1.0.0.202411081344/tools/bin/../lib/gcc/arm-none-eabi/13.3.1/../../../../arm-none-eabi/lib/thumb/v7e-m+fp/hard\libc_nano.a(libc_a-errno.o)
 .ARM.attributes
                0x00000ad3       0x34 C:/ST/STM32CubeIDE_1.18.1/STM32CubeIDE/plugins/com.st.stm32cube.ide.mcu.externaltools.gnu-tools-for-stm32.13.3.rel1.win32_1.0.0.202411081344/tools/bin/../lib/gcc/arm-none-eabi/13.3.1/../../../../arm-none-eabi/lib/thumb/v7e-m+fp/hard\libc_nano.a(libc_a-init.o)
 .ARM.attributes