C:/Users/T_rab/OneDrive/Desktop/STM32/OAGP/OAGP_ANKU/ImuLibrary/Inc/Madgwick.h:23:5:MadgwickAHRS::MadgwickAHRS(float)	16	static
../ImuLibrary/Src/Mpu.cpp:23:1:IMU::IMU(I2C_HandleTypeDef*)	16	static
../ImuLibrary/Src/Mpu.cpp:36:6:void IMU::Yapilandir()	40	static
../ImuLibrary/Src/Mpu.cpp:71:6:void IMU::accOku()	32	static
../ImuLibrary/Src/Mpu.cpp:83:6:void IMU::sicaklikOku()	32	static
../ImuLibrary/Src/Mpu.cpp:94:6:void IMU::gyroOku()	32	static
../ImuLibrary/Src/Mpu.cpp:107:6:void IMU::kalibreEt()	24	static
../ImuLibrary/Src/Mpu.cpp:135:6:void IMU::gercekDataOku()	16	static
../ImuLibrary/Src/Mpu.cpp:177:6:void IMU::aciBul()	48	static
../ImuLibrary/Src/Mpu.cpp:210:6:void IMU::AccToKonum(float)	56	static
../ImuLibrary/Src/Mpu.cpp:242:6:void IMU::EnlemBoylamGuncelle(float, float, float)	64	static
../ImuLibrary/Src/Mpu.cpp:262:8:float* IMU::PitchAl()	16	static
../ImuLibrary/Src/Mpu.cpp:263:8:float* IMU::RollAl()	16	static
../ImuLibrary/Src/Mpu.cpp:264:8:float* IMU::YawAl()	16	static
../ImuLibrary/Src/Mpu.cpp:265:8:float* IMU::SicaklikAl()	16	static
../ImuLibrary/Src/Mpu.cpp:266:8:float* IMU::LatAl()	16	static
../ImuLibrary/Src/Mpu.cpp:267:8:float* IMU::LongAl()	16	static
