15:38:48 **** Incremental Build of configuration Debug for project OAGP_MKU ****
make -j22 all 
arm-none-eabi-g++ "../PaketLibrary/Src/Paket.cpp" -mcpu=cortex-m3 -std=gnu++14 -g3 -DDEBUG -DUSE_HAL_DRIVER -DSTM32F103xE -c -I../Core/Inc -I../Drivers/STM32F1xx_HAL_Driver/Inc/Legacy -I../Drivers/STM32F1xx_HAL_Driver/Inc -I../Drivers/CMSIS/Device/ST/STM32F1xx/Include -I../Drivers/CMSIS/Include -I"C:/Users/T_rab/OneDrive/Desktop/STM32/OAGP/OAGP_MKU/MotorKontrolLibrary" -I"C:/Users/T_rab/OneDrive/Desktop/STM32/OAGP/OAGP_MKU/MotorKontrolLibrary/Inc" -I"C:/Users/T_rab/OneDrive/Desktop/STM32/OAGP/OAGP_MKU/PaketLibrary/Inc" -I"C:/Users/T_rab/OneDrive/Desktop/STM32/OAGP/OAGP_MKU/PaketLibrary" -O0 -ffunction-sections -fdata-sections -fno-exceptions -fno-rtti -fno-use-cxa-atexit -Wall -fstack-usage -fcyclomatic-complexity -MMD -MP -MF"PaketLibrary/Src/Paket.d" -MT"PaketLibrary/Src/Paket.o" --specs=nano.specs -mfloat-abi=soft -mthumb -o "PaketLibrary/Src/Paket.o"
arm-none-eabi-g++ "../Core/Src/main.cpp" -mcpu=cortex-m3 -std=gnu++14 -g3 -DDEBUG -DUSE_HAL_DRIVER -DSTM32F103xE -c -I../Core/Inc -I../Drivers/STM32F1xx_HAL_Driver/Inc/Legacy -I../Drivers/STM32F1xx_HAL_Driver/Inc -I../Drivers/CMSIS/Device/ST/STM32F1xx/Include -I../Drivers/CMSIS/Include -I"C:/Users/T_rab/OneDrive/Desktop/STM32/OAGP/OAGP_MKU/MotorKontrolLibrary" -I"C:/Users/T_rab/OneDrive/Desktop/STM32/OAGP/OAGP_MKU/MotorKontrolLibrary/Inc" -I"C:/Users/T_rab/OneDrive/Desktop/STM32/OAGP/OAGP_MKU/PaketLibrary/Inc" -I"C:/Users/T_rab/OneDrive/Desktop/STM32/OAGP/OAGP_MKU/PaketLibrary" -O0 -ffunction-sections -fdata-sections -fno-exceptions -fno-rtti -fno-use-cxa-atexit -Wall -fstack-usage -fcyclomatic-complexity -MMD -MP -MF"Core/Src/main.d" -MT"Core/Src/main.o" --specs=nano.specs -mfloat-abi=soft -mthumb -o "Core/Src/main.o"
arm-none-eabi-g++ -o "OAGP_MKU.elf" @"objects.list"   -mcpu=cortex-m3 -T"C:\Users\T_rab\OneDrive\Desktop\STM32\OAGP\OAGP_MKU\STM32F103RCTX_FLASH.ld" -Wl,-Map="OAGP_MKU.map" -Wl,--gc-sections -static --specs=nano.specs -mfloat-abi=soft -mthumb -Wl,--start-group -lc -lm -lstdc++ -lsupc++ -Wl,--end-group
Finished building target: OAGP_MKU.elf
 
arm-none-eabi-size  OAGP_MKU.elf 
arm-none-eabi-objdump -h -S OAGP_MKU.elf  > "OAGP_MKU.list"
arm-none-eabi-objcopy  -O ihex OAGP_MKU.elf  "OAGP_MKU.hex"
arm-none-eabi-objcopy  -O binary OAGP_MKU.elf  "OAGP_MKU.bin"
   text	   data	    bss	    dec	    hex	filename
  27264	     12	   2876	  30152	   75c8	OAGP_MKU.elf
Finished building: default.size.stdout
 
Finished building: OAGP_MKU.hex
Finished building: OAGP_MKU.bin
 
 
Finished building: OAGP_MKU.list
 
15:39:34 **** Build of configuration Debug for project OAGP_ANKU ****
make -j22 all 
arm-none-eabi-g++ "../PaketLibrary/Src/Paket.cpp" -mcpu=cortex-m4 -std=gnu++14 -g3 -DDEBUG -DUSE_HAL_DRIVER -DSTM32F407xx -c -I../Core/Inc -I../Drivers/STM32F4xx_HAL_Driver/Inc -I../Drivers/STM32F4xx_HAL_Driver/Inc/Legacy -I../Drivers/CMSIS/Device/ST/STM32F4xx/Include -I../Drivers/CMSIS/Include -I../Middlewares/Third_Party/FreeRTOS/Source/include -I../Middlewares/Third_Party/FreeRTOS/Source/CMSIS_RTOS -I../Middlewares/Third_Party/FreeRTOS/Source/portable/GCC/ARM_CM4F -I"C:/Users/T_rab/OneDrive/Desktop/STM32/OAGP/OAGP_ANKU/ImuLibrary" -I"C:/Users/T_rab/OneDrive/Desktop/STM32/OAGP/OAGP_ANKU/ImuLibrary/Inc" -I"C:/Users/T_rab/OneDrive/Desktop/STM32/OAGP/OAGP_ANKU/GpsLibrary" -I"C:/Users/T_rab/OneDrive/Desktop/STM32/OAGP/OAGP_ANKU/GpsLibrary/Inc" -I"C:/Users/T_rab/OneDrive/Desktop/STM32/OAGP/OAGP_ANKU/PaketLibrary/Inc" -O0 -ffunction-sections -fdata-sections -fno-exceptions -fno-rtti -fno-use-cxa-atexit -Wall -fstack-usage -fcyclomatic-complexity -MMD -MP -MF"PaketLibrary/Src/Paket.d" -MT"PaketLibrary/Src/Paket.o" --specs=nano.specs -mfpu=fpv4-sp-d16 -mfloat-abi=hard -mthumb -o "PaketLibrary/Src/Paket.o"
arm-none-eabi-g++ "../Core/Src/freertos.cpp" -mcpu=cortex-m4 -std=gnu++14 -g3 -DDEBUG -DUSE_HAL_DRIVER -DSTM32F407xx -c -I../Core/Inc -I../Drivers/STM32F4xx_HAL_Driver/Inc -I../Drivers/STM32F4xx_HAL_Driver/Inc/Legacy -I../Drivers/CMSIS/Device/ST/STM32F4xx/Include -I../Drivers/CMSIS/Include -I../Middlewares/Third_Party/FreeRTOS/Source/include -I../Middlewares/Third_Party/FreeRTOS/Source/CMSIS_RTOS -I../Middlewares/Third_Party/FreeRTOS/Source/portable/GCC/ARM_CM4F -I"C:/Users/T_rab/OneDrive/Desktop/STM32/OAGP/OAGP_ANKU/ImuLibrary" -I"C:/Users/T_rab/OneDrive/Desktop/STM32/OAGP/OAGP_ANKU/ImuLibrary/Inc" -I"C:/Users/T_rab/OneDrive/Desktop/STM32/OAGP/OAGP_ANKU/GpsLibrary" -I"C:/Users/T_rab/OneDrive/Desktop/STM32/OAGP/OAGP_ANKU/GpsLibrary/Inc" -I"C:/Users/T_rab/OneDrive/Desktop/STM32/OAGP/OAGP_ANKU/PaketLibrary/Inc" -O0 -ffunction-sections -fdata-sections -fno-exceptions -fno-rtti -fno-use-cxa-atexit -Wall -fstack-usage -fcyclomatic-complexity -MMD -MP -MF"Core/Src/freertos.d" -MT"Core/Src/freertos.o" --specs=nano.specs -mfpu=fpv4-sp-d16 -mfloat-abi=hard -mthumb -o "Core/Src/freertos.o"
arm-none-eabi-g++ "../Core/Src/main.cpp" -mcpu=cortex-m4 -std=gnu++14 -g3 -DDEBUG -DUSE_HAL_DRIVER -DSTM32F407xx -c -I../Core/Inc -I../Drivers/STM32F4xx_HAL_Driver/Inc -I../Drivers/STM32F4xx_HAL_Driver/Inc/Legacy -I../Drivers/CMSIS/Device/ST/STM32F4xx/Include -I../Drivers/CMSIS/Include -I../Middlewares/Third_Party/FreeRTOS/Source/include -I../Middlewares/Third_Party/FreeRTOS/Source/CMSIS_RTOS -I../Middlewares/Third_Party/FreeRTOS/Source/portable/GCC/ARM_CM4F -I"C:/Users/T_rab/OneDrive/Desktop/STM32/OAGP/OAGP_ANKU/ImuLibrary" -I"C:/Users/T_rab/OneDrive/Desktop/STM32/OAGP/OAGP_ANKU/ImuLibrary/Inc" -I"C:/Users/T_rab/OneDrive/Desktop/STM32/OAGP/OAGP_ANKU/GpsLibrary" -I"C:/Users/T_rab/OneDrive/Desktop/STM32/OAGP/OAGP_ANKU/GpsLibrary/Inc" -I"C:/Users/T_rab/OneDrive/Desktop/STM32/OAGP/OAGP_ANKU/PaketLibrary/Inc" -O0 -ffunction-sections -fdata-sections -fno-exceptions -fno-rtti -fno-use-cxa-atexit -Wall -fstack-usage -fcyclomatic-complexity -MMD -MP -MF"Core/Src/main.d" -MT"Core/Src/main.o" --specs=nano.specs -mfpu=fpv4-sp-d16 -mfloat-abi=hard -mthumb -o "Core/Src/main.o"
../PaketLibrary/Src/Paket.cpp: In member function 'void Paket::PaketCoz()':
../PaketLibrary/Src/Paket.cpp:222:26: warning: unused variable 'crcDogru' [-Wunused-variable]
  222 |                     bool crcDogru = false;
      |                          ^~~~~~~~
In file included from C:/Users/T_rab/OneDrive/Desktop/STM32/OAGP/OAGP_ANKU/ImuLibrary/Inc/Mpu.h:16,
                 from ../Core/Src/freertos.cpp:31:
C:/Users/T_rab/OneDrive/Desktop/STM32/OAGP/OAGP_ANKU/ImuLibrary/Inc/Mag.h:15: warning: "PI" redefined
   15 | #define PI 3.14f
      | 
In file included from C:/Users/T_rab/OneDrive/Desktop/STM32/OAGP/OAGP_ANKU/ImuLibrary/Inc/Mpu.h:14:
C:/Users/T_rab/OneDrive/Desktop/STM32/OAGP/OAGP_ANKU/ImuLibrary/Inc/Madgwick.h:14: note: this is the location of the previous definition
   14 | #define PI 3.1415f
      | 
In file included from C:/Users/T_rab/OneDrive/Desktop/STM32/OAGP/OAGP_ANKU/ImuLibrary/Inc/Mpu.h:16,
                 from ../Core/Src/main.cpp:40:
C:/Users/T_rab/OneDrive/Desktop/STM32/OAGP/OAGP_ANKU/ImuLibrary/Inc/Mag.h:15: warning: "PI" redefined
   15 | #define PI 3.14f
      | 
In file included from C:/Users/T_rab/OneDrive/Desktop/STM32/OAGP/OAGP_ANKU/ImuLibrary/Inc/Mpu.h:14:
C:/Users/T_rab/OneDrive/Desktop/STM32/OAGP/OAGP_ANKU/ImuLibrary/Inc/Madgwick.h:14: note: this is the location of the previous definition
   14 | #define PI 3.1415f
      | 
In file included from ../Core/Src/freertos.cpp:25:
../Core/Src/freertos.cpp: In function 'void MX_FREERTOS_Init()':
../Core/Src/freertos.cpp:165:70: warning: ISO C++ forbids converting a string constant to 'char*' [-Wwrite-strings]
  165 |   osThreadDef(defaultTask, StartDefaultTask, osPriorityNormal, 0, 128);
      |                                                                      ^
../Middlewares/Third_Party/FreeRTOS/Source/CMSIS_RTOS/cmsis_os.h:416:4: note: in definition of macro 'osThreadDef'
  416 | { #name, (thread), (priority), (instances), (stacksz), NULL, NULL }
      |    ^~~~
../Core/Src/freertos.cpp:169:67: warning: ISO C++ forbids converting a string constant to 'char*' [-Wwrite-strings]
  169 |   osThreadDef(myPaketTask, StartPaketTask, osPriorityIdle, 0, 1024);
      |                                                                   ^
../Middlewares/Third_Party/FreeRTOS/Source/CMSIS_RTOS/cmsis_os.h:416:4: note: in definition of macro 'osThreadDef'
  416 | { #name, (thread), (priority), (instances), (stacksz), NULL, NULL }
      |    ^~~~
../Core/Src/freertos.cpp:173:63: warning: ISO C++ forbids converting a string constant to 'char*' [-Wwrite-strings]
  173 |   osThreadDef(myImuTask, StartImuTask, osPriorityIdle, 0, 2048);
      |                                                               ^
../Middlewares/Third_Party/FreeRTOS/Source/CMSIS_RTOS/cmsis_os.h:416:4: note: in definition of macro 'osThreadDef'
  416 | { #name, (thread), (priority), (instances), (stacksz), NULL, NULL }
      |    ^~~~
../Core/Src/freertos.cpp:177:68: warning: ISO C++ forbids converting a string constant to 'char*' [-Wwrite-strings]
  177 |    osThreadDef(myKonumTask, StartKonumTask, osPriorityIdle, 0, 1024);
      |                                                                    ^
../Middlewares/Third_Party/FreeRTOS/Source/CMSIS_RTOS/cmsis_os.h:416:4: note: in definition of macro 'osThreadDef'
  416 | { #name, (thread), (priority), (instances), (stacksz), NULL, NULL }
      |    ^~~~
arm-none-eabi-g++ -o "OAGP_ANKU.elf" @"objects.list"   -mcpu=cortex-m4 -T"C:\Users\T_rab\OneDrive\Desktop\STM32\OAGP\OAGP_ANKU\STM32F407VGTX_FLASH.ld" --specs=nosys.specs -Wl,-Map="OAGP_ANKU.map" -Wl,--gc-sections -static --specs=nano.specs -mfpu=fpv4-sp-d16 -mfloat-abi=hard -mthumb -Wl,--start-group -lc -lm -lstdc++ -lsupc++ -Wl,--end-group
Finished building target: OAGP_ANKU.elf
 
arm-none-eabi-size  OAGP_ANKU.elf 
arm-none-eabi-objdump -h -S OAGP_ANKU.elf  > "OAGP_ANKU.list"
   text	   data	    bss	    dec	    hex	filename
  72132	    476	  29032	 101640	  18d08	OAGP_ANKU.elf
Finished building: default.size.stdout
 
Finished building: OAGP_ANKU.list
 
15:40:00 **** Incremental Build of configuration Debug for project OAGP_MKU ****
make -j22 all 
arm-none-eabi-size  OAGP_MKU.elf 
   text	   data	    bss	    dec	    hex	filename
  27264	     12	   2876	  30152	   75c8	OAGP_MKU.elf
Finished building: default.size.stdout
 
15:41:40 **** Incremental Build of configuration Debug for project OAGP_ANKU ****
make -j22 all 
arm-none-eabi-size  OAGP_ANKU.elf 
   text	   data	    bss	    dec	    hex	filename
  72132	    476	  29032	 101640	  18d08	OAGP_ANKU.elf
Finished building: default.size.stdout
 
16:29:26 **** Incremental Build of configuration Debug for project OAGP_ANKU ****
make -j22 all 
arm-none-eabi-size  OAGP_ANKU.elf 
   text	   data	    bss	    dec	    hex	filename
  72132	    476	  29032	 101640	  18d08	OAGP_ANKU.elf
Finished building: default.size.stdout
 
12:04:13 **** Incremental Build of configuration Debug for project OAGP_ANKU ****
make -j22 all 
arm-none-eabi-gcc "../Core/Src/usart.c" -mcpu=cortex-m4 -std=gnu11 -g3 -DDEBUG -DUSE_HAL_DRIVER -DSTM32F407xx -c -I../Core/Inc -I../Drivers/STM32F4xx_HAL_Driver/Inc -I../Drivers/STM32F4xx_HAL_Driver/Inc/Legacy -I../Drivers/CMSIS/Device/ST/STM32F4xx/Include -I../Drivers/CMSIS/Include -I../Middlewares/Third_Party/FreeRTOS/Source/include -I../Middlewares/Third_Party/FreeRTOS/Source/CMSIS_RTOS -I../Middlewares/Third_Party/FreeRTOS/Source/portable/GCC/ARM_CM4F -I"C:/Users/T_rab/OneDrive/Desktop/STM32/OAGP/OAGP_ANKU/ImuLibrary" -I"C:/Users/T_rab/OneDrive/Desktop/STM32/OAGP/OAGP_ANKU/ImuLibrary/Inc" -I"C:/Users/T_rab/OneDrive/Desktop/STM32/OAGP/OAGP_ANKU/GpsLibrary" -I"C:/Users/T_rab/OneDrive/Desktop/STM32/OAGP/OAGP_ANKU/GpsLibrary/Inc" -I"C:/Users/T_rab/OneDrive/Desktop/STM32/OAGP/OAGP_ANKU/PaketLibrary/Inc" -O0 -ffunction-sections -fdata-sections -Wall -fstack-usage -fcyclomatic-complexity -MMD -MP -MF"Core/Src/usart.d" -MT"Core/Src/usart.o" --specs=nano.specs -mfpu=fpv4-sp-d16 -mfloat-abi=hard -mthumb -o "Core/Src/usart.o"
arm-none-eabi-g++ -o "OAGP_ANKU.elf" @"objects.list"   -mcpu=cortex-m4 -T"C:\Users\T_rab\OneDrive\Desktop\STM32\OAGP\OAGP_ANKU\STM32F407VGTX_FLASH.ld" --specs=nosys.specs -Wl,-Map="OAGP_ANKU.map" -Wl,--gc-sections -static --specs=nano.specs -mfpu=fpv4-sp-d16 -mfloat-abi=hard -mthumb -Wl,--start-group -lc -lm -lstdc++ -lsupc++ -Wl,--end-group
Finished building target: OAGP_ANKU.elf
 
arm-none-eabi-size  OAGP_ANKU.elf 
arm-none-eabi-objdump -h -S OAGP_ANKU.elf  > "OAGP_ANKU.list"
   text	   data	    bss	    dec	    hex	filename
  72132	    476	  29032	 101640	  18d08	OAGP_ANKU.elf
Finished building: default.size.stdout
 
Finished building: OAGP_ANKU.list
 
12:51:08 **** Incremental Build of configuration Debug for project OAGP_ANKU ****
make -j22 all 
arm-none-eabi-gcc "../Core/Src/dma.c" -mcpu=cortex-m4 -std=gnu11 -g3 -DDEBUG -DUSE_HAL_DRIVER -DSTM32F407xx -c -I../Core/Inc -I../Drivers/STM32F4xx_HAL_Driver/Inc -I../Drivers/STM32F4xx_HAL_Driver/Inc/Legacy -I../Drivers/CMSIS/Device/ST/STM32F4xx/Include -I../Drivers/CMSIS/Include -I../Middlewares/Third_Party/FreeRTOS/Source/include -I../Middlewares/Third_Party/FreeRTOS/Source/CMSIS_RTOS -I../Middlewares/Third_Party/FreeRTOS/Source/portable/GCC/ARM_CM4F -I"C:/Users/T_rab/OneDrive/Desktop/STM32/OAGP/OAGP_ANKU/ImuLibrary" -I"C:/Users/T_rab/OneDrive/Desktop/STM32/OAGP/OAGP_ANKU/ImuLibrary/Inc" -I"C:/Users/T_rab/OneDrive/Desktop/STM32/OAGP/OAGP_ANKU/GpsLibrary" -I"C:/Users/T_rab/OneDrive/Desktop/STM32/OAGP/OAGP_ANKU/GpsLibrary/Inc" -I"C:/Users/T_rab/OneDrive/Desktop/STM32/OAGP/OAGP_ANKU/PaketLibrary/Inc" -O0 -ffunction-sections -fdata-sections -Wall -fstack-usage -fcyclomatic-complexity -MMD -MP -MF"Core/Src/dma.d" -MT"Core/Src/dma.o" --specs=nano.specs -mfpu=fpv4-sp-d16 -mfloat-abi=hard -mthumb -o "Core/Src/dma.o"
arm-none-eabi-gcc "../Core/Src/freertos.c" -mcpu=cortex-m4 -std=gnu11 -g3 -DDEBUG -DUSE_HAL_DRIVER -DSTM32F407xx -c -I../Core/Inc -I../Drivers/STM32F4xx_HAL_Driver/Inc -I../Drivers/STM32F4xx_HAL_Driver/Inc/Legacy -I../Drivers/CMSIS/Device/ST/STM32F4xx/Include -I../Drivers/CMSIS/Include -I../Middlewares/Third_Party/FreeRTOS/Source/include -I../Middlewares/Third_Party/FreeRTOS/Source/CMSIS_RTOS -I../Middlewares/Third_Party/FreeRTOS/Source/portable/GCC/ARM_CM4F -I"C:/Users/T_rab/OneDrive/Desktop/STM32/OAGP/OAGP_ANKU/ImuLibrary" -I"C:/Users/T_rab/OneDrive/Desktop/STM32/OAGP/OAGP_ANKU/ImuLibrary/Inc" -I"C:/Users/T_rab/OneDrive/Desktop/STM32/OAGP/OAGP_ANKU/GpsLibrary" -I"C:/Users/T_rab/OneDrive/Desktop/STM32/OAGP/OAGP_ANKU/GpsLibrary/Inc" -I"C:/Users/T_rab/OneDrive/Desktop/STM32/OAGP/OAGP_ANKU/PaketLibrary/Inc" -O0 -ffunction-sections -fdata-sections -Wall -fstack-usage -fcyclomatic-complexity -MMD -MP -MF"Core/Src/freertos.d" -MT"Core/Src/freertos.o" --specs=nano.specs -mfpu=fpv4-sp-d16 -mfloat-abi=hard -mthumb -o "Core/Src/freertos.o"
arm-none-eabi-gcc "../Core/Src/gpio.c" -mcpu=cortex-m4 -std=gnu11 -g3 -DDEBUG -DUSE_HAL_DRIVER -DSTM32F407xx -c -I../Core/Inc -I../Drivers/STM32F4xx_HAL_Driver/Inc -I../Drivers/STM32F4xx_HAL_Driver/Inc/Legacy -I../Drivers/CMSIS/Device/ST/STM32F4xx/Include -I../Drivers/CMSIS/Include -I../Middlewares/Third_Party/FreeRTOS/Source/include -I../Middlewares/Third_Party/FreeRTOS/Source/CMSIS_RTOS -I../Middlewares/Third_Party/FreeRTOS/Source/portable/GCC/ARM_CM4F -I"C:/Users/T_rab/OneDrive/Desktop/STM32/OAGP/OAGP_ANKU/ImuLibrary" -I"C:/Users/T_rab/OneDrive/Desktop/STM32/OAGP/OAGP_ANKU/ImuLibrary/Inc" -I"C:/Users/T_rab/OneDrive/Desktop/STM32/OAGP/OAGP_ANKU/GpsLibrary" -I"C:/Users/T_rab/OneDrive/Desktop/STM32/OAGP/OAGP_ANKU/GpsLibrary/Inc" -I"C:/Users/T_rab/OneDrive/Desktop/STM32/OAGP/OAGP_ANKU/PaketLibrary/Inc" -O0 -ffunction-sections -fdata-sections -Wall -fstack-usage -fcyclomatic-complexity -MMD -MP -MF"Core/Src/gpio.d" -MT"Core/Src/gpio.o" --specs=nano.specs -mfpu=fpv4-sp-d16 -mfloat-abi=hard -mthumb -o "Core/Src/gpio.o"
arm-none-eabi-gcc "../Core/Src/i2c.c" -mcpu=cortex-m4 -std=gnu11 -g3 -DDEBUG -DUSE_HAL_DRIVER -DSTM32F407xx -c -I../Core/Inc -I../Drivers/STM32F4xx_HAL_Driver/Inc -I../Drivers/STM32F4xx_HAL_Driver/Inc/Legacy -I../Drivers/CMSIS/Device/ST/STM32F4xx/Include -I../Drivers/CMSIS/Include -I../Middlewares/Third_Party/FreeRTOS/Source/include -I../Middlewares/Third_Party/FreeRTOS/Source/CMSIS_RTOS -I../Middlewares/Third_Party/FreeRTOS/Source/portable/GCC/ARM_CM4F -I"C:/Users/T_rab/OneDrive/Desktop/STM32/OAGP/OAGP_ANKU/ImuLibrary" -I"C:/Users/T_rab/OneDrive/Desktop/STM32/OAGP/OAGP_ANKU/ImuLibrary/Inc" -I"C:/Users/T_rab/OneDrive/Desktop/STM32/OAGP/OAGP_ANKU/GpsLibrary" -I"C:/Users/T_rab/OneDrive/Desktop/STM32/OAGP/OAGP_ANKU/GpsLibrary/Inc" -I"C:/Users/T_rab/OneDrive/Desktop/STM32/OAGP/OAGP_ANKU/PaketLibrary/Inc" -O0 -ffunction-sections -fdata-sections -Wall -fstack-usage -fcyclomatic-complexity -MMD -MP -MF"Core/Src/i2c.d" -MT"Core/Src/i2c.o" --specs=nano.specs -mfpu=fpv4-sp-d16 -mfloat-abi=hard -mthumb -o "Core/Src/i2c.o"
arm-none-eabi-gcc "../Core/Src/lwgps.c" -mcpu=cortex-m4 -std=gnu11 -g3 -DDEBUG -DUSE_HAL_DRIVER -DSTM32F407xx -c -I../Core/Inc -I../Drivers/STM32F4xx_HAL_Driver/Inc -I../Drivers/STM32F4xx_HAL_Driver/Inc/Legacy -I../Drivers/CMSIS/Device/ST/STM32F4xx/Include -I../Drivers/CMSIS/Include -I../Middlewares/Third_Party/FreeRTOS/Source/include -I../Middlewares/Third_Party/FreeRTOS/Source/CMSIS_RTOS -I../Middlewares/Third_Party/FreeRTOS/Source/portable/GCC/ARM_CM4F -I"C:/Users/T_rab/OneDrive/Desktop/STM32/OAGP/OAGP_ANKU/ImuLibrary" -I"C:/Users/T_rab/OneDrive/Desktop/STM32/OAGP/OAGP_ANKU/ImuLibrary/Inc" -I"C:/Users/T_rab/OneDrive/Desktop/STM32/OAGP/OAGP_ANKU/GpsLibrary" -I"C:/Users/T_rab/OneDrive/Desktop/STM32/OAGP/OAGP_ANKU/GpsLibrary/Inc" -I"C:/Users/T_rab/OneDrive/Desktop/STM32/OAGP/OAGP_ANKU/PaketLibrary/Inc" -O0 -ffunction-sections -fdata-sections -Wall -fstack-usage -fcyclomatic-complexity -MMD -MP -MF"Core/Src/lwgps.d" -MT"Core/Src/lwgps.o" --specs=nano.specs -mfpu=fpv4-sp-d16 -mfloat-abi=hard -mthumb -o "Core/Src/lwgps.o"
arm-none-eabi-gcc "../Core/Src/main.c" -mcpu=cortex-m4 -std=gnu11 -g3 -DDEBUG -DUSE_HAL_DRIVER -DSTM32F407xx -c -I../Core/Inc -I../Drivers/STM32F4xx_HAL_Driver/Inc -I../Drivers/STM32F4xx_HAL_Driver/Inc/Legacy -I../Drivers/CMSIS/Device/ST/STM32F4xx/Include -I../Drivers/CMSIS/Include -I../Middlewares/Third_Party/FreeRTOS/Source/include -I../Middlewares/Third_Party/FreeRTOS/Source/CMSIS_RTOS -I../Middlewares/Third_Party/FreeRTOS/Source/portable/GCC/ARM_CM4F -I"C:/Users/T_rab/OneDrive/Desktop/STM32/OAGP/OAGP_ANKU/ImuLibrary" -I"C:/Users/T_rab/OneDrive/Desktop/STM32/OAGP/OAGP_ANKU/ImuLibrary/Inc" -I"C:/Users/T_rab/OneDrive/Desktop/STM32/OAGP/OAGP_ANKU/GpsLibrary" -I"C:/Users/T_rab/OneDrive/Desktop/STM32/OAGP/OAGP_ANKU/GpsLibrary/Inc" -I"C:/Users/T_rab/OneDrive/Desktop/STM32/OAGP/OAGP_ANKU/PaketLibrary/Inc" -O0 -ffunction-sections -fdata-sections -Wall -fstack-usage -fcyclomatic-complexity -MMD -MP -MF"Core/Src/main.d" -MT"Core/Src/main.o" --specs=nano.specs -mfpu=fpv4-sp-d16 -mfloat-abi=hard -mthumb -o "Core/Src/main.o"
arm-none-eabi-gcc "../Core/Src/spi.c" -mcpu=cortex-m4 -std=gnu11 -g3 -DDEBUG -DUSE_HAL_DRIVER -DSTM32F407xx -c -I../Core/Inc -I../Drivers/STM32F4xx_HAL_Driver/Inc -I../Drivers/STM32F4xx_HAL_Driver/Inc/Legacy -I../Drivers/CMSIS/Device/ST/STM32F4xx/Include -I../Drivers/CMSIS/Include -I../Middlewares/Third_Party/FreeRTOS/Source/include -I../Middlewares/Third_Party/FreeRTOS/Source/CMSIS_RTOS -I../Middlewares/Third_Party/FreeRTOS/Source/portable/GCC/ARM_CM4F -I"C:/Users/T_rab/OneDrive/Desktop/STM32/OAGP/OAGP_ANKU/ImuLibrary" -I"C:/Users/T_rab/OneDrive/Desktop/STM32/OAGP/OAGP_ANKU/ImuLibrary/Inc" -I"C:/Users/T_rab/OneDrive/Desktop/STM32/OAGP/OAGP_ANKU/GpsLibrary" -I"C:/Users/T_rab/OneDrive/Desktop/STM32/OAGP/OAGP_ANKU/GpsLibrary/Inc" -I"C:/Users/T_rab/OneDrive/Desktop/STM32/OAGP/OAGP_ANKU/PaketLibrary/Inc" -O0 -ffunction-sections -fdata-sections -Wall -fstack-usage -fcyclomatic-complexity -MMD -MP -MF"Core/Src/spi.d" -MT"Core/Src/spi.o" --specs=nano.specs -mfpu=fpv4-sp-d16 -mfloat-abi=hard -mthumb -o "Core/Src/spi.o"
arm-none-eabi-gcc "../Core/Src/stm32f4xx_hal_msp.c" -mcpu=cortex-m4 -std=gnu11 -g3 -DDEBUG -DUSE_HAL_DRIVER -DSTM32F407xx -c -I../Core/Inc -I../Drivers/STM32F4xx_HAL_Driver/Inc -I../Drivers/STM32F4xx_HAL_Driver/Inc/Legacy -I../Drivers/CMSIS/Device/ST/STM32F4xx/Include -I../Drivers/CMSIS/Include -I../Middlewares/Third_Party/FreeRTOS/Source/include -I../Middlewares/Third_Party/FreeRTOS/Source/CMSIS_RTOS -I../Middlewares/Third_Party/FreeRTOS/Source/portable/GCC/ARM_CM4F -I"C:/Users/T_rab/OneDrive/Desktop/STM32/OAGP/OAGP_ANKU/ImuLibrary" -I"C:/Users/T_rab/OneDrive/Desktop/STM32/OAGP/OAGP_ANKU/ImuLibrary/Inc" -I"C:/Users/T_rab/OneDrive/Desktop/STM32/OAGP/OAGP_ANKU/GpsLibrary" -I"C:/Users/T_rab/OneDrive/Desktop/STM32/OAGP/OAGP_ANKU/GpsLibrary/Inc" -I"C:/Users/T_rab/OneDrive/Desktop/STM32/OAGP/OAGP_ANKU/PaketLibrary/Inc" -O0 -ffunction-sections -fdata-sections -Wall -fstack-usage -fcyclomatic-complexity -MMD -MP -MF"Core/Src/stm32f4xx_hal_msp.d" -MT"Core/Src/stm32f4xx_hal_msp.o" --specs=nano.specs -mfpu=fpv4-sp-d16 -mfloat-abi=hard -mthumb -o "Core/Src/stm32f4xx_hal_msp.o"
arm-none-eabi-gcc "../Core/Src/stm32f4xx_hal_timebase_tim.c" -mcpu=cortex-m4 -std=gnu11 -g3 -DDEBUG -DUSE_HAL_DRIVER -DSTM32F407xx -c -I../Core/Inc -I../Drivers/STM32F4xx_HAL_Driver/Inc -I../Drivers/STM32F4xx_HAL_Driver/Inc/Legacy -I../Drivers/CMSIS/Device/ST/STM32F4xx/Include -I../Drivers/CMSIS/Include -I../Middlewares/Third_Party/FreeRTOS/Source/include -I../Middlewares/Third_Party/FreeRTOS/Source/CMSIS_RTOS -I../Middlewares/Third_Party/FreeRTOS/Source/portable/GCC/ARM_CM4F -I"C:/Users/T_rab/OneDrive/Desktop/STM32/OAGP/OAGP_ANKU/ImuLibrary" -I"C:/Users/T_rab/OneDrive/Desktop/STM32/OAGP/OAGP_ANKU/ImuLibrary/Inc" -I"C:/Users/T_rab/OneDrive/Desktop/STM32/OAGP/OAGP_ANKU/GpsLibrary" -I"C:/Users/T_rab/OneDrive/Desktop/STM32/OAGP/OAGP_ANKU/GpsLibrary/Inc" -I"C:/Users/T_rab/OneDrive/Desktop/STM32/OAGP/OAGP_ANKU/PaketLibrary/Inc" -O0 -ffunction-sections -fdata-sections -Wall -fstack-usage -fcyclomatic-complexity -MMD -MP -MF"Core/Src/stm32f4xx_hal_timebase_tim.d" -MT"Core/Src/stm32f4xx_hal_timebase_tim.o" --specs=nano.specs -mfpu=fpv4-sp-d16 -mfloat-abi=hard -mthumb -o "Core/Src/stm32f4xx_hal_timebase_tim.o"
arm-none-eabi-gcc "../Core/Src/stm32f4xx_it.c" -mcpu=cortex-m4 -std=gnu11 -g3 -DDEBUG -DUSE_HAL_DRIVER -DSTM32F407xx -c -I../Core/Inc -I../Drivers/STM32F4xx_HAL_Driver/Inc -I../Drivers/STM32F4xx_HAL_Driver/Inc/Legacy -I../Drivers/CMSIS/Device/ST/STM32F4xx/Include -I../Drivers/CMSIS/Include -I../Middlewares/Third_Party/FreeRTOS/Source/include -I../Middlewares/Third_Party/FreeRTOS/Source/CMSIS_RTOS -I../Middlewares/Third_Party/FreeRTOS/Source/portable/GCC/ARM_CM4F -I"C:/Users/T_rab/OneDrive/Desktop/STM32/OAGP/OAGP_ANKU/ImuLibrary" -I"C:/Users/T_rab/OneDrive/Desktop/STM32/OAGP/OAGP_ANKU/ImuLibrary/Inc" -I"C:/Users/T_rab/OneDrive/Desktop/STM32/OAGP/OAGP_ANKU/GpsLibrary" -I"C:/Users/T_rab/OneDrive/Desktop/STM32/OAGP/OAGP_ANKU/GpsLibrary/Inc" -I"C:/Users/T_rab/OneDrive/Desktop/STM32/OAGP/OAGP_ANKU/PaketLibrary/Inc" -O0 -ffunction-sections -fdata-sections -Wall -fstack-usage -fcyclomatic-complexity -MMD -MP -MF"Core/Src/stm32f4xx_it.d" -MT"Core/Src/stm32f4xx_it.o" --specs=nano.specs -mfpu=fpv4-sp-d16 -mfloat-abi=hard -mthumb -o "Core/Src/stm32f4xx_it.o"
arm-none-eabi-gcc "../Core/Src/syscalls.c" -mcpu=cortex-m4 -std=gnu11 -g3 -DDEBUG -DUSE_HAL_DRIVER -DSTM32F407xx -c -I../Core/Inc -I../Drivers/STM32F4xx_HAL_Driver/Inc -I../Drivers/STM32F4xx_HAL_Driver/Inc/Legacy -I../Drivers/CMSIS/Device/ST/STM32F4xx/Include -I../Drivers/CMSIS/Include -I../Middlewares/Third_Party/FreeRTOS/Source/include -I../Middlewares/Third_Party/FreeRTOS/Source/CMSIS_RTOS -I../Middlewares/Third_Party/FreeRTOS/Source/portable/GCC/ARM_CM4F -I"C:/Users/T_rab/OneDrive/Desktop/STM32/OAGP/OAGP_ANKU/ImuLibrary" -I"C:/Users/T_rab/OneDrive/Desktop/STM32/OAGP/OAGP_ANKU/ImuLibrary/Inc" -I"C:/Users/T_rab/OneDrive/Desktop/STM32/OAGP/OAGP_ANKU/GpsLibrary" -I"C:/Users/T_rab/OneDrive/Desktop/STM32/OAGP/OAGP_ANKU/GpsLibrary/Inc" -I"C:/Users/T_rab/OneDrive/Desktop/STM32/OAGP/OAGP_ANKU/PaketLibrary/Inc" -O0 -ffunction-sections -fdata-sections -Wall -fstack-usage -fcyclomatic-complexity -MMD -MP -MF"Core/Src/syscalls.d" -MT"Core/Src/syscalls.o" --specs=nano.specs -mfpu=fpv4-sp-d16 -mfloat-abi=hard -mthumb -o "Core/Src/syscalls.o"
arm-none-eabi-gcc "../Core/Src/sysmem.c" -mcpu=cortex-m4 -std=gnu11 -g3 -DDEBUG -DUSE_HAL_DRIVER -DSTM32F407xx -c -I../Core/Inc -I../Drivers/STM32F4xx_HAL_Driver/Inc -I../Drivers/STM32F4xx_HAL_Driver/Inc/Legacy -I../Drivers/CMSIS/Device/ST/STM32F4xx/Include -I../Drivers/CMSIS/Include -I../Middlewares/Third_Party/FreeRTOS/Source/include -I../Middlewares/Third_Party/FreeRTOS/Source/CMSIS_RTOS -I../Middlewares/Third_Party/FreeRTOS/Source/portable/GCC/ARM_CM4F -I"C:/Users/T_rab/OneDrive/Desktop/STM32/OAGP/OAGP_ANKU/ImuLibrary" -I"C:/Users/T_rab/OneDrive/Desktop/STM32/OAGP/OAGP_ANKU/ImuLibrary/Inc" -I"C:/Users/T_rab/OneDrive/Desktop/STM32/OAGP/OAGP_ANKU/GpsLibrary" -I"C:/Users/T_rab/OneDrive/Desktop/STM32/OAGP/OAGP_ANKU/GpsLibrary/Inc" -I"C:/Users/T_rab/OneDrive/Desktop/STM32/OAGP/OAGP_ANKU/PaketLibrary/Inc" -O0 -ffunction-sections -fdata-sections -Wall -fstack-usage -fcyclomatic-complexity -MMD -MP -MF"Core/Src/sysmem.d" -MT"Core/Src/sysmem.o" --specs=nano.specs -mfpu=fpv4-sp-d16 -mfloat-abi=hard -mthumb -o "Core/Src/sysmem.o"
arm-none-eabi-gcc "../Core/Src/system_stm32f4xx.c" -mcpu=cortex-m4 -std=gnu11 -g3 -DDEBUG -DUSE_HAL_DRIVER -DSTM32F407xx -c -I../Core/Inc -I../Drivers/STM32F4xx_HAL_Driver/Inc -I../Drivers/STM32F4xx_HAL_Driver/Inc/Legacy -I../Drivers/CMSIS/Device/ST/STM32F4xx/Include -I../Drivers/CMSIS/Include -I../Middlewares/Third_Party/FreeRTOS/Source/include -I../Middlewares/Third_Party/FreeRTOS/Source/CMSIS_RTOS -I../Middlewares/Third_Party/FreeRTOS/Source/portable/GCC/ARM_CM4F -I"C:/Users/T_rab/OneDrive/Desktop/STM32/OAGP/OAGP_ANKU/ImuLibrary" -I"C:/Users/T_rab/OneDrive/Desktop/STM32/OAGP/OAGP_ANKU/ImuLibrary/Inc" -I"C:/Users/T_rab/OneDrive/Desktop/STM32/OAGP/OAGP_ANKU/GpsLibrary" -I"C:/Users/T_rab/OneDrive/Desktop/STM32/OAGP/OAGP_ANKU/GpsLibrary/Inc" -I"C:/Users/T_rab/OneDrive/Desktop/STM32/OAGP/OAGP_ANKU/PaketLibrary/Inc" -O0 -ffunction-sections -fdata-sections -Wall -fstack-usage -fcyclomatic-complexity -MMD -MP -MF"Core/Src/system_stm32f4xx.d" -MT"Core/Src/system_stm32f4xx.o" --specs=nano.specs -mfpu=fpv4-sp-d16 -mfloat-abi=hard -mthumb -o "Core/Src/system_stm32f4xx.o"
arm-none-eabi-gcc "../Core/Src/usart.c" -mcpu=cortex-m4 -std=gnu11 -g3 -DDEBUG -DUSE_HAL_DRIVER -DSTM32F407xx -c -I../Core/Inc -I../Drivers/STM32F4xx_HAL_Driver/Inc -I../Drivers/STM32F4xx_HAL_Driver/Inc/Legacy -I../Drivers/CMSIS/Device/ST/STM32F4xx/Include -I../Drivers/CMSIS/Include -I../Middlewares/Third_Party/FreeRTOS/Source/include -I../Middlewares/Third_Party/FreeRTOS/Source/CMSIS_RTOS -I../Middlewares/Third_Party/FreeRTOS/Source/portable/GCC/ARM_CM4F -I"C:/Users/T_rab/OneDrive/Desktop/STM32/OAGP/OAGP_ANKU/ImuLibrary" -I"C:/Users/T_rab/OneDrive/Desktop/STM32/OAGP/OAGP_ANKU/ImuLibrary/Inc" -I"C:/Users/T_rab/OneDrive/Desktop/STM32/OAGP/OAGP_ANKU/GpsLibrary" -I"C:/Users/T_rab/OneDrive/Desktop/STM32/OAGP/OAGP_ANKU/GpsLibrary/Inc" -I"C:/Users/T_rab/OneDrive/Desktop/STM32/OAGP/OAGP_ANKU/PaketLibrary/Inc" -O0 -ffunction-sections -fdata-sections -Wall -fstack-usage -fcyclomatic-complexity -MMD -MP -MF"Core/Src/usart.d" -MT"Core/Src/usart.o" --specs=nano.specs -mfpu=fpv4-sp-d16 -mfloat-abi=hard -mthumb -o "Core/Src/usart.o"
arm-none-eabi-g++ -o "OAGP_ANKU.elf" @"objects.list"   -mcpu=cortex-m4 -T"C:\Users\T_rab\OneDrive\Desktop\STM32\OAGP\OAGP_ANKU\STM32F407VGTX_FLASH.ld" --specs=nosys.specs -Wl,-Map="OAGP_ANKU.map" -Wl,--gc-sections -static --specs=nano.specs -mfpu=fpv4-sp-d16 -mfloat-abi=hard -mthumb -Wl,--start-group -lc -lm -lstdc++ -lsupc++ -Wl,--end-group
Finished building target: OAGP_ANKU.elf
 
arm-none-eabi-size  OAGP_ANKU.elf 
arm-none-eabi-objdump -h -S OAGP_ANKU.elf  > "OAGP_ANKU.list"
   text	   data	    bss	    dec	    hex	filename
  23424	     96	  24696	  48216	   bc58	OAGP_ANKU.elf
Finished building: default.size.stdout
 
Finished building: OAGP_ANKU.list
 
12:53:10 **** Incremental Build of configuration Debug for project OAGP_ANKU ****
make -j22 all 
arm-none-eabi-size  OAGP_ANKU.elf 
   text	   data	    bss	    dec	    hex	filename
  23424	     96	  24696	  48216	   bc58	OAGP_ANKU.elf
Finished building: default.size.stdout
 
12:53:39 **** Incremental Build of configuration Debug for project OAGP_ANKU ****
make -j22 all 
arm-none-eabi-gcc "../Core/Src/dma.c" -mcpu=cortex-m4 -std=gnu11 -g3 -DDEBUG -DUSE_HAL_DRIVER -DSTM32F407xx -c -I../Core/Inc -I../Drivers/STM32F4xx_HAL_Driver/Inc -I../Drivers/STM32F4xx_HAL_Driver/Inc/Legacy -I../Drivers/CMSIS/Device/ST/STM32F4xx/Include -I../Drivers/CMSIS/Include -I../Middlewares/Third_Party/FreeRTOS/Source/include -I../Middlewares/Third_Party/FreeRTOS/Source/CMSIS_RTOS -I../Middlewares/Third_Party/FreeRTOS/Source/portable/GCC/ARM_CM4F -I"C:/Users/T_rab/OneDrive/Desktop/STM32/OAGP/OAGP_ANKU/ImuLibrary" -I"C:/Users/T_rab/OneDrive/Desktop/STM32/OAGP/OAGP_ANKU/ImuLibrary/Inc" -I"C:/Users/T_rab/OneDrive/Desktop/STM32/OAGP/OAGP_ANKU/GpsLibrary" -I"C:/Users/T_rab/OneDrive/Desktop/STM32/OAGP/OAGP_ANKU/GpsLibrary/Inc" -I"C:/Users/T_rab/OneDrive/Desktop/STM32/OAGP/OAGP_ANKU/PaketLibrary/Inc" -O0 -ffunction-sections -fdata-sections -Wall -fstack-usage -fcyclomatic-complexity -MMD -MP -MF"Core/Src/dma.d" -MT"Core/Src/dma.o" --specs=nano.specs -mfpu=fpv4-sp-d16 -mfloat-abi=hard -mthumb -o "Core/Src/dma.o"
arm-none-eabi-g++ "../Core/Src/freertos.cpp" -mcpu=cortex-m4 -std=gnu++14 -g3 -DDEBUG -DUSE_HAL_DRIVER -DSTM32F407xx -c -I../Core/Inc -I../Drivers/STM32F4xx_HAL_Driver/Inc -I../Drivers/STM32F4xx_HAL_Driver/Inc/Legacy -I../Drivers/CMSIS/Device/ST/STM32F4xx/Include -I../Drivers/CMSIS/Include -I../Middlewares/Third_Party/FreeRTOS/Source/include -I../Middlewares/Third_Party/FreeRTOS/Source/CMSIS_RTOS -I../Middlewares/Third_Party/FreeRTOS/Source/portable/GCC/ARM_CM4F -I"C:/Users/T_rab/OneDrive/Desktop/STM32/OAGP/OAGP_ANKU/ImuLibrary" -I"C:/Users/T_rab/OneDrive/Desktop/STM32/OAGP/OAGP_ANKU/ImuLibrary/Inc" -I"C:/Users/T_rab/OneDrive/Desktop/STM32/OAGP/OAGP_ANKU/GpsLibrary" -I"C:/Users/T_rab/OneDrive/Desktop/STM32/OAGP/OAGP_ANKU/GpsLibrary/Inc" -I"C:/Users/T_rab/OneDrive/Desktop/STM32/OAGP/OAGP_ANKU/PaketLibrary/Inc" -O0 -ffunction-sections -fdata-sections -fno-exceptions -fno-rtti -fno-use-cxa-atexit -Wall -fstack-usage -fcyclomatic-complexity -MMD -MP -MF"Core/Src/freertos.d" -MT"Core/Src/freertos.o" --specs=nano.specs -mfpu=fpv4-sp-d16 -mfloat-abi=hard -mthumb -o "Core/Src/freertos.o"
arm-none-eabi-gcc "../Core/Src/gpio.c" -mcpu=cortex-m4 -std=gnu11 -g3 -DDEBUG -DUSE_HAL_DRIVER -DSTM32F407xx -c -I../Core/Inc -I../Drivers/STM32F4xx_HAL_Driver/Inc -I../Drivers/STM32F4xx_HAL_Driver/Inc/Legacy -I../Drivers/CMSIS/Device/ST/STM32F4xx/Include -I../Drivers/CMSIS/Include -I../Middlewares/Third_Party/FreeRTOS/Source/include -I../Middlewares/Third_Party/FreeRTOS/Source/CMSIS_RTOS -I../Middlewares/Third_Party/FreeRTOS/Source/portable/GCC/ARM_CM4F -I"C:/Users/T_rab/OneDrive/Desktop/STM32/OAGP/OAGP_ANKU/ImuLibrary" -I"C:/Users/T_rab/OneDrive/Desktop/STM32/OAGP/OAGP_ANKU/ImuLibrary/Inc" -I"C:/Users/T_rab/OneDrive/Desktop/STM32/OAGP/OAGP_ANKU/GpsLibrary" -I"C:/Users/T_rab/OneDrive/Desktop/STM32/OAGP/OAGP_ANKU/GpsLibrary/Inc" -I"C:/Users/T_rab/OneDrive/Desktop/STM32/OAGP/OAGP_ANKU/PaketLibrary/Inc" -O0 -ffunction-sections -fdata-sections -Wall -fstack-usage -fcyclomatic-complexity -MMD -MP -MF"Core/Src/gpio.d" -MT"Core/Src/gpio.o" --specs=nano.specs -mfpu=fpv4-sp-d16 -mfloat-abi=hard -mthumb -o "Core/Src/gpio.o"
arm-none-eabi-gcc "../Core/Src/i2c.c" -mcpu=cortex-m4 -std=gnu11 -g3 -DDEBUG -DUSE_HAL_DRIVER -DSTM32F407xx -c -I../Core/Inc -I../Drivers/STM32F4xx_HAL_Driver/Inc -I../Drivers/STM32F4xx_HAL_Driver/Inc/Legacy -I../Drivers/CMSIS/Device/ST/STM32F4xx/Include -I../Drivers/CMSIS/Include -I../Middlewares/Third_Party/FreeRTOS/Source/include -I../Middlewares/Third_Party/FreeRTOS/Source/CMSIS_RTOS -I../Middlewares/Third_Party/FreeRTOS/Source/portable/GCC/ARM_CM4F -I"C:/Users/T_rab/OneDrive/Desktop/STM32/OAGP/OAGP_ANKU/ImuLibrary" -I"C:/Users/T_rab/OneDrive/Desktop/STM32/OAGP/OAGP_ANKU/ImuLibrary/Inc" -I"C:/Users/T_rab/OneDrive/Desktop/STM32/OAGP/OAGP_ANKU/GpsLibrary" -I"C:/Users/T_rab/OneDrive/Desktop/STM32/OAGP/OAGP_ANKU/GpsLibrary/Inc" -I"C:/Users/T_rab/OneDrive/Desktop/STM32/OAGP/OAGP_ANKU/PaketLibrary/Inc" -O0 -ffunction-sections -fdata-sections -Wall -fstack-usage -fcyclomatic-complexity -MMD -MP -MF"Core/Src/i2c.d" -MT"Core/Src/i2c.o" --specs=nano.specs -mfpu=fpv4-sp-d16 -mfloat-abi=hard -mthumb -o "Core/Src/i2c.o"
arm-none-eabi-gcc "../Core/Src/lwgps.c" -mcpu=cortex-m4 -std=gnu11 -g3 -DDEBUG -DUSE_HAL_DRIVER -DSTM32F407xx -c -I../Core/Inc -I../Drivers/STM32F4xx_HAL_Driver/Inc -I../Drivers/STM32F4xx_HAL_Driver/Inc/Legacy -I../Drivers/CMSIS/Device/ST/STM32F4xx/Include -I../Drivers/CMSIS/Include -I../Middlewares/Third_Party/FreeRTOS/Source/include -I../Middlewares/Third_Party/FreeRTOS/Source/CMSIS_RTOS -I../Middlewares/Third_Party/FreeRTOS/Source/portable/GCC/ARM_CM4F -I"C:/Users/T_rab/OneDrive/Desktop/STM32/OAGP/OAGP_ANKU/ImuLibrary" -I"C:/Users/T_rab/OneDrive/Desktop/STM32/OAGP/OAGP_ANKU/ImuLibrary/Inc" -I"C:/Users/T_rab/OneDrive/Desktop/STM32/OAGP/OAGP_ANKU/GpsLibrary" -I"C:/Users/T_rab/OneDrive/Desktop/STM32/OAGP/OAGP_ANKU/GpsLibrary/Inc" -I"C:/Users/T_rab/OneDrive/Desktop/STM32/OAGP/OAGP_ANKU/PaketLibrary/Inc" -O0 -ffunction-sections -fdata-sections -Wall -fstack-usage -fcyclomatic-complexity -MMD -MP -MF"Core/Src/lwgps.d" -MT"Core/Src/lwgps.o" --specs=nano.specs -mfpu=fpv4-sp-d16 -mfloat-abi=hard -mthumb -o "Core/Src/lwgps.o"
arm-none-eabi-g++ "../Core/Src/main.cpp" -mcpu=cortex-m4 -std=gnu++14 -g3 -DDEBUG -DUSE_HAL_DRIVER -DSTM32F407xx -c -I../Core/Inc -I../Drivers/STM32F4xx_HAL_Driver/Inc -I../Drivers/STM32F4xx_HAL_Driver/Inc/Legacy -I../Drivers/CMSIS/Device/ST/STM32F4xx/Include -I../Drivers/CMSIS/Include -I../Middlewares/Third_Party/FreeRTOS/Source/include -I../Middlewares/Third_Party/FreeRTOS/Source/CMSIS_RTOS -I../Middlewares/Third_Party/FreeRTOS/Source/portable/GCC/ARM_CM4F -I"C:/Users/T_rab/OneDrive/Desktop/STM32/OAGP/OAGP_ANKU/ImuLibrary" -I"C:/Users/T_rab/OneDrive/Desktop/STM32/OAGP/OAGP_ANKU/ImuLibrary/Inc" -I"C:/Users/T_rab/OneDrive/Desktop/STM32/OAGP/OAGP_ANKU/GpsLibrary" -I"C:/Users/T_rab/OneDrive/Desktop/STM32/OAGP/OAGP_ANKU/GpsLibrary/Inc" -I"C:/Users/T_rab/OneDrive/Desktop/STM32/OAGP/OAGP_ANKU/PaketLibrary/Inc" -O0 -ffunction-sections -fdata-sections -fno-exceptions -fno-rtti -fno-use-cxa-atexit -Wall -fstack-usage -fcyclomatic-complexity -MMD -MP -MF"Core/Src/main.d" -MT"Core/Src/main.o" --specs=nano.specs -mfpu=fpv4-sp-d16 -mfloat-abi=hard -mthumb -o "Core/Src/main.o"
arm-none-eabi-gcc "../Core/Src/spi.c" -mcpu=cortex-m4 -std=gnu11 -g3 -DDEBUG -DUSE_HAL_DRIVER -DSTM32F407xx -c -I../Core/Inc -I../Drivers/STM32F4xx_HAL_Driver/Inc -I../Drivers/STM32F4xx_HAL_Driver/Inc/Legacy -I../Drivers/CMSIS/Device/ST/STM32F4xx/Include -I../Drivers/CMSIS/Include -I../Middlewares/Third_Party/FreeRTOS/Source/include -I../Middlewares/Third_Party/FreeRTOS/Source/CMSIS_RTOS -I../Middlewares/Third_Party/FreeRTOS/Source/portable/GCC/ARM_CM4F -I"C:/Users/T_rab/OneDrive/Desktop/STM32/OAGP/OAGP_ANKU/ImuLibrary" -I"C:/Users/T_rab/OneDrive/Desktop/STM32/OAGP/OAGP_ANKU/ImuLibrary/Inc" -I"C:/Users/T_rab/OneDrive/Desktop/STM32/OAGP/OAGP_ANKU/GpsLibrary" -I"C:/Users/T_rab/OneDrive/Desktop/STM32/OAGP/OAGP_ANKU/GpsLibrary/Inc" -I"C:/Users/T_rab/OneDrive/Desktop/STM32/OAGP/OAGP_ANKU/PaketLibrary/Inc" -O0 -ffunction-sections -fdata-sections -Wall -fstack-usage -fcyclomatic-complexity -MMD -MP -MF"Core/Src/spi.d" -MT"Core/Src/spi.o" --specs=nano.specs -mfpu=fpv4-sp-d16 -mfloat-abi=hard -mthumb -o "Core/Src/spi.o"
arm-none-eabi-gcc "../Core/Src/stm32f4xx_hal_msp.c" -mcpu=cortex-m4 -std=gnu11 -g3 -DDEBUG -DUSE_HAL_DRIVER -DSTM32F407xx -c -I../Core/Inc -I../Drivers/STM32F4xx_HAL_Driver/Inc -I../Drivers/STM32F4xx_HAL_Driver/Inc/Legacy -I../Drivers/CMSIS/Device/ST/STM32F4xx/Include -I../Drivers/CMSIS/Include -I../Middlewares/Third_Party/FreeRTOS/Source/include -I../Middlewares/Third_Party/FreeRTOS/Source/CMSIS_RTOS -I../Middlewares/Third_Party/FreeRTOS/Source/portable/GCC/ARM_CM4F -I"C:/Users/T_rab/OneDrive/Desktop/STM32/OAGP/OAGP_ANKU/ImuLibrary" -I"C:/Users/T_rab/OneDrive/Desktop/STM32/OAGP/OAGP_ANKU/ImuLibrary/Inc" -I"C:/Users/T_rab/OneDrive/Desktop/STM32/OAGP/OAGP_ANKU/GpsLibrary" -I"C:/Users/T_rab/OneDrive/Desktop/STM32/OAGP/OAGP_ANKU/GpsLibrary/Inc" -I"C:/Users/T_rab/OneDrive/Desktop/STM32/OAGP/OAGP_ANKU/PaketLibrary/Inc" -O0 -ffunction-sections -fdata-sections -Wall -fstack-usage -fcyclomatic-complexity -MMD -MP -MF"Core/Src/stm32f4xx_hal_msp.d" -MT"Core/Src/stm32f4xx_hal_msp.o" --specs=nano.specs -mfpu=fpv4-sp-d16 -mfloat-abi=hard -mthumb -o "Core/Src/stm32f4xx_hal_msp.o"
arm-none-eabi-gcc "../Core/Src/stm32f4xx_hal_timebase_tim.c" -mcpu=cortex-m4 -std=gnu11 -g3 -DDEBUG -DUSE_HAL_DRIVER -DSTM32F407xx -c -I../Core/Inc -I../Drivers/STM32F4xx_HAL_Driver/Inc -I../Drivers/STM32F4xx_HAL_Driver/Inc/Legacy -I../Drivers/CMSIS/Device/ST/STM32F4xx/Include -I../Drivers/CMSIS/Include -I../Middlewares/Third_Party/FreeRTOS/Source/include -I../Middlewares/Third_Party/FreeRTOS/Source/CMSIS_RTOS -I../Middlewares/Third_Party/FreeRTOS/Source/portable/GCC/ARM_CM4F -I"C:/Users/T_rab/OneDrive/Desktop/STM32/OAGP/OAGP_ANKU/ImuLibrary" -I"C:/Users/T_rab/OneDrive/Desktop/STM32/OAGP/OAGP_ANKU/ImuLibrary/Inc" -I"C:/Users/T_rab/OneDrive/Desktop/STM32/OAGP/OAGP_ANKU/GpsLibrary" -I"C:/Users/T_rab/OneDrive/Desktop/STM32/OAGP/OAGP_ANKU/GpsLibrary/Inc" -I"C:/Users/T_rab/OneDrive/Desktop/STM32/OAGP/OAGP_ANKU/PaketLibrary/Inc" -O0 -ffunction-sections -fdata-sections -Wall -fstack-usage -fcyclomatic-complexity -MMD -MP -MF"Core/Src/stm32f4xx_hal_timebase_tim.d" -MT"Core/Src/stm32f4xx_hal_timebase_tim.o" --specs=nano.specs -mfpu=fpv4-sp-d16 -mfloat-abi=hard -mthumb -o "Core/Src/stm32f4xx_hal_timebase_tim.o"
arm-none-eabi-gcc "../Core/Src/stm32f4xx_it.c" -mcpu=cortex-m4 -std=gnu11 -g3 -DDEBUG -DUSE_HAL_DRIVER -DSTM32F407xx -c -I../Core/Inc -I../Drivers/STM32F4xx_HAL_Driver/Inc -I../Drivers/STM32F4xx_HAL_Driver/Inc/Legacy -I../Drivers/CMSIS/Device/ST/STM32F4xx/Include -I../Drivers/CMSIS/Include -I../Middlewares/Third_Party/FreeRTOS/Source/include -I../Middlewares/Third_Party/FreeRTOS/Source/CMSIS_RTOS -I../Middlewares/Third_Party/FreeRTOS/Source/portable/GCC/ARM_CM4F -I"C:/Users/T_rab/OneDrive/Desktop/STM32/OAGP/OAGP_ANKU/ImuLibrary" -I"C:/Users/T_rab/OneDrive/Desktop/STM32/OAGP/OAGP_ANKU/ImuLibrary/Inc" -I"C:/Users/T_rab/OneDrive/Desktop/STM32/OAGP/OAGP_ANKU/GpsLibrary" -I"C:/Users/T_rab/OneDrive/Desktop/STM32/OAGP/OAGP_ANKU/GpsLibrary/Inc" -I"C:/Users/T_rab/OneDrive/Desktop/STM32/OAGP/OAGP_ANKU/PaketLibrary/Inc" -O0 -ffunction-sections -fdata-sections -Wall -fstack-usage -fcyclomatic-complexity -MMD -MP -MF"Core/Src/stm32f4xx_it.d" -MT"Core/Src/stm32f4xx_it.o" --specs=nano.specs -mfpu=fpv4-sp-d16 -mfloat-abi=hard -mthumb -o "Core/Src/stm32f4xx_it.o"
arm-none-eabi-gcc "../Core/Src/syscalls.c" -mcpu=cortex-m4 -std=gnu11 -g3 -DDEBUG -DUSE_HAL_DRIVER -DSTM32F407xx -c -I../Core/Inc -I../Drivers/STM32F4xx_HAL_Driver/Inc -I../Drivers/STM32F4xx_HAL_Driver/Inc/Legacy -I../Drivers/CMSIS/Device/ST/STM32F4xx/Include -I../Drivers/CMSIS/Include -I../Middlewares/Third_Party/FreeRTOS/Source/include -I../Middlewares/Third_Party/FreeRTOS/Source/CMSIS_RTOS -I../Middlewares/Third_Party/FreeRTOS/Source/portable/GCC/ARM_CM4F -I"C:/Users/T_rab/OneDrive/Desktop/STM32/OAGP/OAGP_ANKU/ImuLibrary" -I"C:/Users/T_rab/OneDrive/Desktop/STM32/OAGP/OAGP_ANKU/ImuLibrary/Inc" -I"C:/Users/T_rab/OneDrive/Desktop/STM32/OAGP/OAGP_ANKU/GpsLibrary" -I"C:/Users/T_rab/OneDrive/Desktop/STM32/OAGP/OAGP_ANKU/GpsLibrary/Inc" -I"C:/Users/T_rab/OneDrive/Desktop/STM32/OAGP/OAGP_ANKU/PaketLibrary/Inc" -O0 -ffunction-sections -fdata-sections -Wall -fstack-usage -fcyclomatic-complexity -MMD -MP -MF"Core/Src/syscalls.d" -MT"Core/Src/syscalls.o" --specs=nano.specs -mfpu=fpv4-sp-d16 -mfloat-abi=hard -mthumb -o "Core/Src/syscalls.o"
arm-none-eabi-gcc "../Core/Src/sysmem.c" -mcpu=cortex-m4 -std=gnu11 -g3 -DDEBUG -DUSE_HAL_DRIVER -DSTM32F407xx -c -I../Core/Inc -I../Drivers/STM32F4xx_HAL_Driver/Inc -I../Drivers/STM32F4xx_HAL_Driver/Inc/Legacy -I../Drivers/CMSIS/Device/ST/STM32F4xx/Include -I../Drivers/CMSIS/Include -I../Middlewares/Third_Party/FreeRTOS/Source/include -I../Middlewares/Third_Party/FreeRTOS/Source/CMSIS_RTOS -I../Middlewares/Third_Party/FreeRTOS/Source/portable/GCC/ARM_CM4F -I"C:/Users/T_rab/OneDrive/Desktop/STM32/OAGP/OAGP_ANKU/ImuLibrary" -I"C:/Users/T_rab/OneDrive/Desktop/STM32/OAGP/OAGP_ANKU/ImuLibrary/Inc" -I"C:/Users/T_rab/OneDrive/Desktop/STM32/OAGP/OAGP_ANKU/GpsLibrary" -I"C:/Users/T_rab/OneDrive/Desktop/STM32/OAGP/OAGP_ANKU/GpsLibrary/Inc" -I"C:/Users/T_rab/OneDrive/Desktop/STM32/OAGP/OAGP_ANKU/PaketLibrary/Inc" -O0 -ffunction-sections -fdata-sections -Wall -fstack-usage -fcyclomatic-complexity -MMD -MP -MF"Core/Src/sysmem.d" -MT"Core/Src/sysmem.o" --specs=nano.specs -mfpu=fpv4-sp-d16 -mfloat-abi=hard -mthumb -o "Core/Src/sysmem.o"
arm-none-eabi-gcc "../Core/Src/system_stm32f4xx.c" -mcpu=cortex-m4 -std=gnu11 -g3 -DDEBUG -DUSE_HAL_DRIVER -DSTM32F407xx -c -I../Core/Inc -I../Drivers/STM32F4xx_HAL_Driver/Inc -I../Drivers/STM32F4xx_HAL_Driver/Inc/Legacy -I../Drivers/CMSIS/Device/ST/STM32F4xx/Include -I../Drivers/CMSIS/Include -I../Middlewares/Third_Party/FreeRTOS/Source/include -I../Middlewares/Third_Party/FreeRTOS/Source/CMSIS_RTOS -I../Middlewares/Third_Party/FreeRTOS/Source/portable/GCC/ARM_CM4F -I"C:/Users/T_rab/OneDrive/Desktop/STM32/OAGP/OAGP_ANKU/ImuLibrary" -I"C:/Users/T_rab/OneDrive/Desktop/STM32/OAGP/OAGP_ANKU/ImuLibrary/Inc" -I"C:/Users/T_rab/OneDrive/Desktop/STM32/OAGP/OAGP_ANKU/GpsLibrary" -I"C:/Users/T_rab/OneDrive/Desktop/STM32/OAGP/OAGP_ANKU/GpsLibrary/Inc" -I"C:/Users/T_rab/OneDrive/Desktop/STM32/OAGP/OAGP_ANKU/PaketLibrary/Inc" -O0 -ffunction-sections -fdata-sections -Wall -fstack-usage -fcyclomatic-complexity -MMD -MP -MF"Core/Src/system_stm32f4xx.d" -MT"Core/Src/system_stm32f4xx.o" --specs=nano.specs -mfpu=fpv4-sp-d16 -mfloat-abi=hard -mthumb -o "Core/Src/system_stm32f4xx.o"
arm-none-eabi-gcc "../Core/Src/usart.c" -mcpu=cortex-m4 -std=gnu11 -g3 -DDEBUG -DUSE_HAL_DRIVER -DSTM32F407xx -c -I../Core/Inc -I../Drivers/STM32F4xx_HAL_Driver/Inc -I../Drivers/STM32F4xx_HAL_Driver/Inc/Legacy -I../Drivers/CMSIS/Device/ST/STM32F4xx/Include -I../Drivers/CMSIS/Include -I../Middlewares/Third_Party/FreeRTOS/Source/include -I../Middlewares/Third_Party/FreeRTOS/Source/CMSIS_RTOS -I../Middlewares/Third_Party/FreeRTOS/Source/portable/GCC/ARM_CM4F -I"C:/Users/T_rab/OneDrive/Desktop/STM32/OAGP/OAGP_ANKU/ImuLibrary" -I"C:/Users/T_rab/OneDrive/Desktop/STM32/OAGP/OAGP_ANKU/ImuLibrary/Inc" -I"C:/Users/T_rab/OneDrive/Desktop/STM32/OAGP/OAGP_ANKU/GpsLibrary" -I"C:/Users/T_rab/OneDrive/Desktop/STM32/OAGP/OAGP_ANKU/GpsLibrary/Inc" -I"C:/Users/T_rab/OneDrive/Desktop/STM32/OAGP/OAGP_ANKU/PaketLibrary/Inc" -O0 -ffunction-sections -fdata-sections -Wall -fstack-usage -fcyclomatic-complexity -MMD -MP -MF"Core/Src/usart.d" -MT"Core/Src/usart.o" --specs=nano.specs -mfpu=fpv4-sp-d16 -mfloat-abi=hard -mthumb -o "Core/Src/usart.o"
In file included from C:/Users/T_rab/OneDrive/Desktop/STM32/OAGP/OAGP_ANKU/ImuLibrary/Inc/Mpu.h:16,
                 from ../Core/Src/freertos.cpp:31:
C:/Users/T_rab/OneDrive/Desktop/STM32/OAGP/OAGP_ANKU/ImuLibrary/Inc/Mag.h:15: warning: "PI" redefined
   15 | #define PI 3.14f
      | 
In file included from C:/Users/T_rab/OneDrive/Desktop/STM32/OAGP/OAGP_ANKU/ImuLibrary/Inc/Mpu.h:16,
                 from ../Core/Src/main.cpp:40:
C:/Users/T_rab/OneDrive/Desktop/STM32/OAGP/OAGP_ANKU/ImuLibrary/Inc/Mag.h:15: warning: "PI" redefined
   15 | #define PI 3.14f
      | 
In file included from C:/Users/T_rab/OneDrive/Desktop/STM32/OAGP/OAGP_ANKU/ImuLibrary/Inc/Mpu.h:14:
C:/Users/T_rab/OneDrive/Desktop/STM32/OAGP/OAGP_ANKU/ImuLibrary/Inc/Madgwick.h:14: note: this is the location of the previous definition
   14 | #define PI 3.1415f
      | 
In file included from C:/Users/T_rab/OneDrive/Desktop/STM32/OAGP/OAGP_ANKU/ImuLibrary/Inc/Mpu.h:14:
C:/Users/T_rab/OneDrive/Desktop/STM32/OAGP/OAGP_ANKU/ImuLibrary/Inc/Madgwick.h:14: note: this is the location of the previous definition
   14 | #define PI 3.1415f
      | 
In file included from ../Core/Src/freertos.cpp:25:
../Core/Src/freertos.cpp: In function 'void MX_FREERTOS_Init()':
../Core/Src/freertos.cpp:165:70: warning: ISO C++ forbids converting a string constant to 'char*' [-Wwrite-strings]
  165 |   osThreadDef(defaultTask, StartDefaultTask, osPriorityNormal, 0, 128);
      |                                                                      ^
../Middlewares/Third_Party/FreeRTOS/Source/CMSIS_RTOS/cmsis_os.h:416:4: note: in definition of macro 'osThreadDef'
  416 | { #name, (thread), (priority), (instances), (stacksz), NULL, NULL }
      |    ^~~~
../Core/Src/freertos.cpp:169:67: warning: ISO C++ forbids converting a string constant to 'char*' [-Wwrite-strings]
  169 |   osThreadDef(myPaketTask, StartPaketTask, osPriorityIdle, 0, 1024);
      |                                                                   ^
../Middlewares/Third_Party/FreeRTOS/Source/CMSIS_RTOS/cmsis_os.h:416:4: note: in definition of macro 'osThreadDef'
  416 | { #name, (thread), (priority), (instances), (stacksz), NULL, NULL }
      |    ^~~~
../Core/Src/freertos.cpp:173:63: warning: ISO C++ forbids converting a string constant to 'char*' [-Wwrite-strings]
  173 |   osThreadDef(myImuTask, StartImuTask, osPriorityIdle, 0, 2048);
      |                                                               ^
../Middlewares/Third_Party/FreeRTOS/Source/CMSIS_RTOS/cmsis_os.h:416:4: note: in definition of macro 'osThreadDef'
  416 | { #name, (thread), (priority), (instances), (stacksz), NULL, NULL }
      |    ^~~~
../Core/Src/freertos.cpp:177:68: warning: ISO C++ forbids converting a string constant to 'char*' [-Wwrite-strings]
  177 |    osThreadDef(myKonumTask, StartKonumTask, osPriorityIdle, 0, 1024);
      |                                                                    ^
../Middlewares/Third_Party/FreeRTOS/Source/CMSIS_RTOS/cmsis_os.h:416:4: note: in definition of macro 'osThreadDef'
  416 | { #name, (thread), (priority), (instances), (stacksz), NULL, NULL }
      |    ^~~~
arm-none-eabi-g++ -o "OAGP_ANKU.elf" @"objects.list"   -mcpu=cortex-m4 -T"C:\Users\T_rab\OneDrive\Desktop\STM32\OAGP\OAGP_ANKU\STM32F407VGTX_FLASH.ld" --specs=nosys.specs -Wl,-Map="OAGP_ANKU.map" -Wl,--gc-sections -static --specs=nano.specs -mfpu=fpv4-sp-d16 -mfloat-abi=hard -mthumb -Wl,--start-group -lc -lm -lstdc++ -lsupc++ -Wl,--end-group
Finished building target: OAGP_ANKU.elf
 
arm-none-eabi-size  OAGP_ANKU.elf 
arm-none-eabi-objdump -h -S OAGP_ANKU.elf  > "OAGP_ANKU.list"
   text	   data	    bss	    dec	    hex	filename
  72132	    476	  29032	 101640	  18d08	OAGP_ANKU.elf
Finished building: default.size.stdout
 
Finished building: OAGP_ANKU.list
 
12:54:52 **** Incremental Build of configuration Debug for project OAGP_ANKU ****
make -j22 all 
arm-none-eabi-size  OAGP_ANKU.elf 
   text	   data	    bss	    dec	    hex	filename
  72132	    476	  29032	 101640	  18d08	OAGP_ANKU.elf
Finished building: default.size.stdout
 
13:09:12 **** Incremental Build of configuration Debug for project OAGP_ANKU ****
make -j22 all 
arm-none-eabi-gcc "../Core/Src/usart.c" -mcpu=cortex-m4 -std=gnu11 -g3 -DDEBUG -DUSE_HAL_DRIVER -DSTM32F407xx -c -I../Core/Inc -I../Drivers/STM32F4xx_HAL_Driver/Inc -I../Drivers/STM32F4xx_HAL_Driver/Inc/Legacy -I../Drivers/CMSIS/Device/ST/STM32F4xx/Include -I../Drivers/CMSIS/Include -I../Middlewares/Third_Party/FreeRTOS/Source/include -I../Middlewares/Third_Party/FreeRTOS/Source/CMSIS_RTOS -I../Middlewares/Third_Party/FreeRTOS/Source/portable/GCC/ARM_CM4F -I"C:/Users/T_rab/OneDrive/Desktop/STM32/OAGP/OAGP_ANKU/ImuLibrary" -I"C:/Users/T_rab/OneDrive/Desktop/STM32/OAGP/OAGP_ANKU/ImuLibrary/Inc" -I"C:/Users/T_rab/OneDrive/Desktop/STM32/OAGP/OAGP_ANKU/GpsLibrary" -I"C:/Users/T_rab/OneDrive/Desktop/STM32/OAGP/OAGP_ANKU/GpsLibrary/Inc" -I"C:/Users/T_rab/OneDrive/Desktop/STM32/OAGP/OAGP_ANKU/PaketLibrary/Inc" -O0 -ffunction-sections -fdata-sections -Wall -fstack-usage -fcyclomatic-complexity -MMD -MP -MF"Core/Src/usart.d" -MT"Core/Src/usart.o" --specs=nano.specs -mfpu=fpv4-sp-d16 -mfloat-abi=hard -mthumb -o "Core/Src/usart.o"
arm-none-eabi-g++ -o "OAGP_ANKU.elf" @"objects.list"   -mcpu=cortex-m4 -T"C:\Users\T_rab\OneDrive\Desktop\STM32\OAGP\OAGP_ANKU\STM32F407VGTX_FLASH.ld" --specs=nosys.specs -Wl,-Map="OAGP_ANKU.map" -Wl,--gc-sections -static --specs=nano.specs -mfpu=fpv4-sp-d16 -mfloat-abi=hard -mthumb -Wl,--start-group -lc -lm -lstdc++ -lsupc++ -Wl,--end-group
Finished building target: OAGP_ANKU.elf
 
arm-none-eabi-size  OAGP_ANKU.elf 
arm-none-eabi-objdump -h -S OAGP_ANKU.elf  > "OAGP_ANKU.list"
   text	   data	    bss	    dec	    hex	filename
  72132	    476	  29032	 101640	  18d08	OAGP_ANKU.elf
Finished building: default.size.stdout
 
Finished building: OAGP_ANKU.list
 
13:29:01 **** Incremental Build of configuration Debug for project OAGP_MKU ****
make -j22 all 
arm-none-eabi-size  OAGP_MKU.elf 
   text	   data	    bss	    dec	    hex	filename
  27264	     12	   2876	  30152	   75c8	OAGP_MKU.elf
Finished building: default.size.stdout
 
13:30:03 **** Incremental Build of configuration Debug for project OAGP_MKU ****
make -j22 all 
arm-none-eabi-size  OAGP_MKU.elf 
   text	   data	    bss	    dec	    hex	filename
  27264	     12	   2876	  30152	   75c8	OAGP_MKU.elf
Finished building: default.size.stdout
 
13:32:14 **** Incremental Build of configuration Debug for project OAGP_MKU ****
make -j22 all 
arm-none-eabi-size  OAGP_MKU.elf 
   text	   data	    bss	    dec	    hex	filename
  27264	     12	   2876	  30152	   75c8	OAGP_MKU.elf
Finished building: default.size.stdout
 
