13:09:12 **** Incremental Build of configuration Debug for project OAGP_ANKU ****
make -j22 all 
arm-none-eabi-gcc "../Core/Src/usart.c" -mcpu=cortex-m4 -std=gnu11 -g3 -DDEBUG -DUSE_HAL_DRIVER -DSTM32F407xx -c -I../Core/Inc -I../Drivers/STM32F4xx_HAL_Driver/Inc -I../Drivers/STM32F4xx_HAL_Driver/Inc/Legacy -I../Drivers/CMSIS/Device/ST/STM32F4xx/Include -I../Drivers/CMSIS/Include -I../Middlewares/Third_Party/FreeRTOS/Source/include -I../Middlewares/Third_Party/FreeRTOS/Source/CMSIS_RTOS -I../Middlewares/Third_Party/FreeRTOS/Source/portable/GCC/ARM_CM4F -I"C:/Users/T_rab/OneDrive/Desktop/STM32/OAGP/OAGP_ANKU/ImuLibrary" -I"C:/Users/T_rab/OneDrive/Desktop/STM32/OAGP/OAGP_ANKU/ImuLibrary/Inc" -I"C:/Users/T_rab/OneDrive/Desktop/STM32/OAGP/OAGP_ANKU/GpsLibrary" -I"C:/Users/T_rab/OneDrive/Desktop/STM32/OAGP/OAGP_ANKU/GpsLibrary/Inc" -I"C:/Users/T_rab/OneDrive/Desktop/STM32/OAGP/OAGP_ANKU/PaketLibrary/Inc" -O0 -ffunction-sections -fdata-sections -Wall -fstack-usage -fcyclomatic-complexity -MMD -MP -MF"Core/Src/usart.d" -MT"Core/Src/usart.o" --specs=nano.specs -mfpu=fpv4-sp-d16 -mfloat-abi=hard -mthumb -o "Core/Src/usart.o"
arm-none-eabi-g++ -o "OAGP_ANKU.elf" @"objects.list"   -mcpu=cortex-m4 -T"C:\Users\T_rab\OneDrive\Desktop\STM32\OAGP\OAGP_ANKU\STM32F407VGTX_FLASH.ld" --specs=nosys.specs -Wl,-Map="OAGP_ANKU.map" -Wl,--gc-sections -static --specs=nano.specs -mfpu=fpv4-sp-d16 -mfloat-abi=hard -mthumb -Wl,--start-group -lc -lm -lstdc++ -lsupc++ -Wl,--end-group
Finished building target: OAGP_ANKU.elf
 
arm-none-eabi-size  OAGP_ANKU.elf 
arm-none-eabi-objdump -h -S OAGP_ANKU.elf  > "OAGP_ANKU.list"
   text	   data	    bss	    dec	    hex	filename
  72132	    476	  29032	 101640	  18d08	OAGP_ANKU.elf
Finished building: default.size.stdout
 
Finished building: OAGP_ANKU.list
 

13:09:13 Build Finished. 0 errors, 0 warnings. (took 1s.312ms)

